
> viceunf@1.0.0 build
> wp-scripts build --config webpack.config.cjs --stats-error-details

assets by status 359 KiB [1m[32m[cached][39m[22m 86 assets
orphan modules 109 KiB (javascript) 6.41 KiB (runtime) [1m[33m[orphan][39m[22m 89 modules
runtime modules 17.4 KiB 21 modules
built modules 148 KiB (javascript) 26.8 KiB (css/mini-extract) [1m[33m[built][39m[22m
  javascript modules 148 KiB
    cacheable modules 7.5 KiB
      modules by path [1m./src/blocks/document-list/[39m[22m 7.12 KiB 2 modules
      + 10 modules
    + 18 modules
  css modules 26.8 KiB
    css ./node_modules/css-loader/dist/cjs.js??ruleSet[1].rules[3].use[1]!./node_modules/postcss-loader/dist/cjs.js??ruleSet[1].rules[3].use[2]!./node_modules/sass-loader/dist/cjs.js??ruleSet[1].rules[3].use[3]![1m./src/blocks/about-section/style.scss[39m[22m 1.33 KiB [1m[33m[built][39m[22m [1m[33m[code generated][39m[22m
    css ./node_modules/css-loader/dist/cjs.js??ruleSet[1].rules[3].use[1]!./node_modules/postcss-loader/dist/cjs.js??ruleSet[1].rules[3].use[2]!./node_modules/sass-loader/dist/cjs.js??ruleSet[1].rules[3].use[3]![1m./src/blocks/event-gallery/style.scss[39m[22m 1.97 KiB [1m[33m[built][39m[22m [1m[33m[code generated][39m[22m
    css ./node_modules/css-loader/dist/cjs.js??ruleSet[1].rules[3].use[1]!./node_modules/postcss-loader/dist/cjs.js??ruleSet[1].rules[3].use[2]!./node_modules/sass-loader/dist/cjs.js??ruleSet[1].rules[3].use[3]![1m./src/blocks/logo-partners/style.scss[39m[22m 889 bytes [1m[33m[built][39m[22m [1m[33m[code generated][39m[22m
    css ./node_modules/css-loader/dist/cjs.js??ruleSet[1].rules[3].use[1]!./node_modules/postcss-loader/dist/cjs.js??ruleSet[1].rules[3].use[2]!./node_modules/sass-loader/dist/cjs.js??ruleSet[1].rules[3].use[3]![1m./src/blocks/module-card/style.scss[39m[22m 1.2 KiB [1m[33m[built][39m[22m [1m[33m[code generated][39m[22m
    + 3 modules

[1m[33mWARNING[39m[22m in [1m./src/blocks/event-gallery/style.scss[39m[22m (./src/blocks/event-gallery/style.scss.webpack[javascript/auto]!=!./node_modules/css-loader/dist/cjs.js??ruleSet[1].rules[3].use[1]!./node_modules/postcss-loader/dist/cjs.js??ruleSet[1].rules[3].use[2]!./node_modules/sass-loader/dist/cjs.js??ruleSet[1].rules[3].use[3]!./src/blocks/event-gallery/style.scss)
[1mModule Warning (from ./node_modules/sass-loader/dist/cjs.js):
Deprecation Warning on line 0, column 8 of file:///C:/Users/UPIC/Local%20Sites/vpindev/app/public/wp-content/themes/wptheme-vice-unf/src/blocks/event-gallery/style.scss:0:8:
Sass @import rules are [1m[33mdeprecated[39m[22m[1m and will be removed in Dart Sass 3.0.0.

More info and automated migrator: https://sass-lang.com/d/import

0 | @import "../../scss/base/mixins";


src\blocks\event-gallery\style.scss 1:9  root stylesheet
[39m[22m
 @ ./src/blocks/event-gallery/style.scss
 @ ./src/blocks/event-gallery/index.js 2:0-22

[1m[33mWARNING[39m[22m in [1m./src/blocks/event-gallery/style.scss[39m[22m (./src/blocks/event-gallery/style.scss.webpack[javascript/auto]!=!./node_modules/css-loader/dist/cjs.js??ruleSet[1].rules[3].use[1]!./node_modules/postcss-loader/dist/cjs.js??ruleSet[1].rules[3].use[2]!./node_modules/sass-loader/dist/cjs.js??ruleSet[1].rules[3].use[3]!./src/blocks/event-gallery/style.scss)
[1mModule Warning (from ./node_modules/sass-loader/dist/cjs.js):
Deprecation Warning on line 13, column 8 of file:///C:/Users/UPIC/Local%20Sites/vpindev/app/public/wp-content/themes/wptheme-vice-unf/src/scss/base/_mixins.scss:13:8:
Global built-in functions are [1m[33mdeprecated[39m[22m[1m and will be removed in Dart Sass 3.0.0.
[1m[33mUse map.has-key instead[39m[22m[1m.

More info and automated migrator: https://sass-lang.com/d/import

13 |     @if map-has-key($breakpoints, $size) {


src\scss\base\_mixins.scss 14:9           mq()
src\blocks\event-gallery\style.scss 16:9  root stylesheet
[39m[22m
 @ ./src/blocks/event-gallery/style.scss
 @ ./src/blocks/event-gallery/index.js 2:0-22

[1m[33mWARNING[39m[22m in [1m./src/blocks/event-gallery/style.scss[39m[22m (./src/blocks/event-gallery/style.scss.webpack[javascript/auto]!=!./node_modules/css-loader/dist/cjs.js??ruleSet[1].rules[3].use[1]!./node_modules/postcss-loader/dist/cjs.js??ruleSet[1].rules[3].use[2]!./node_modules/sass-loader/dist/cjs.js??ruleSet[1].rules[3].use[3]!./src/blocks/event-gallery/style.scss)
[1mModule Warning (from ./node_modules/sass-loader/dist/cjs.js):
Deprecation Warning on line 14, column 38 of file:///C:/Users/UPIC/Local%20Sites/vpindev/app/public/wp-content/themes/wptheme-vice-unf/src/scss/base/_mixins.scss:14:38:
Global built-in functions are [1m[33mdeprecated[39m[22m[1m and will be removed in Dart Sass 3.0.0.
[1m[33mUse map.get instead[39m[22m[1m.

More info and automated migrator: https://sass-lang.com/d/import

14 |         @media screen and (max-width: map-get($breakpoints, $size)) {


src\scss\base\_mixins.scss 15:39          mq()
src\blocks\event-gallery\style.scss 16:9  root stylesheet
[39m[22m
 @ ./src/blocks/event-gallery/style.scss
 @ ./src/blocks/event-gallery/index.js 2:0-22

[1m[31mERROR[39m[22m in [1m./src/blocks/benefit-card/style.scss[39m[22m (./src/blocks/benefit-card/style.scss.webpack[javascript/auto]!=!./node_modules/css-loader/dist/cjs.js??ruleSet[1].rules[3].use[1]!./node_modules/postcss-loader/dist/cjs.js??ruleSet[1].rules[3].use[2]!./node_modules/sass-loader/dist/cjs.js??ruleSet[1].rules[3].use[3]!./src/blocks/benefit-card/style.scss)
[1mModule build [1m[31mfailed[39m[22m[1m (from ./node_modules/sass-loader/dist/cjs.js):
Undefined mixin.
  ÔòÀ
5 Ôöé Ôöî     @include mq(sm) {
6 Ôöé Ôöé         padding: 1.5rem;
7 Ôöé Ôöé     }
  Ôöé ÔööÔöÇÔöÇÔöÇÔöÇÔöÇ^
  ÔòÁ
  src\blocks\benefit-card\style.scss 5:2  root stylesheet[39m[22m
 @ ./src/blocks/benefit-card/style.scss
 @ ./src/blocks/benefit-card/index.js 1:0-22

[1m[31mERROR[39m[22m in [1m./src/blocks/benefits-grid/style.scss[39m[22m (./src/blocks/benefits-grid/style.scss.webpack[javascript/auto]!=!./node_modules/css-loader/dist/cjs.js??ruleSet[1].rules[3].use[1]!./node_modules/postcss-loader/dist/cjs.js??ruleSet[1].rules[3].use[2]!./node_modules/sass-loader/dist/cjs.js??ruleSet[1].rules[3].use[3]!./src/blocks/benefits-grid/style.scss)
[1mModule build [1m[31mfailed[39m[22m[1m (from ./node_modules/sass-loader/dist/cjs.js):
Undefined mixin.
   ÔòÀ
30 Ôöé Ôöî         @include mq(md) {
31 Ôöé Ôöé             grid-template-columns: repeat(2, 1fr);
32 Ôöé Ôöö         }
   ÔòÁ
  src\blocks\benefits-grid\style.scss 30:3  root stylesheet[39m[22m
 @ ./src/blocks/benefits-grid/style.scss
 @ ./src/blocks/benefits-grid/index.js 1:0-22

[1m[31mERROR[39m[22m in [1m./src/blocks/carousel-entities/style.scss[39m[22m (./src/blocks/carousel-entities/style.scss.webpack[javascript/auto]!=!./node_modules/css-loader/dist/cjs.js??ruleSet[1].rules[3].use[1]!./node_modules/postcss-loader/dist/cjs.js??ruleSet[1].rules[3].use[2]!./node_modules/sass-loader/dist/cjs.js??ruleSet[1].rules[3].use[3]!./src/blocks/carousel-entities/style.scss)
[1mModule build [1m[31mfailed[39m[22m[1m (from ./node_modules/sass-loader/dist/cjs.js):
Undefined mixin.
   ÔòÀ
19 Ôöé Ôöî       @include mq(sm) {
20 Ôöé Ôöé         font-size: 1.25rem;
21 Ôöé Ôöé         padding: 0 0.8rem;
22 Ôöé Ôöö       }
   ÔòÁ
  src\blocks\carousel-entities\style.scss 19:7  root stylesheet[39m[22m
 @ ./src/blocks/carousel-entities/style.scss
 @ ./src/blocks/carousel-entities/index.js 1:0-22

[1m[31mERROR[39m[22m in [1m./src/blocks/document-list/style.scss[39m[22m (./src/blocks/document-list/style.scss.webpack[javascript/auto]!=!./node_modules/css-loader/dist/cjs.js??ruleSet[1].rules[3].use[1]!./node_modules/postcss-loader/dist/cjs.js??ruleSet[1].rules[3].use[2]!./node_modules/sass-loader/dist/cjs.js??ruleSet[1].rules[3].use[3]!./src/blocks/document-list/style.scss)
[1mModule build [1m[31mfailed[39m[22m[1m (from ./node_modules/sass-loader/dist/cjs.js):
Undefined mixin.
    ÔòÀ
472 Ôöé Ôöî   @include mq(sm) {
473 Ôöé Ôöé     .viceunf-accordion__item {
474 Ôöé Ôöé       flex-wrap: wrap;
475 Ôöé Ôöé     }
476 Ôöé Ôöé 
477 Ôöé Ôöé     .viceunf-accordion__download {
478 Ôöé Ôöé       width: 100%;
479 Ôöé Ôöé       justify-content: center;
480 Ôöé Ôöé     }
481 Ôöé Ôöé 
482 Ôöé Ôöé     .viceunf-accordion__link-text {
483 Ôöé Ôöé       white-space: normal;
484 Ôöé Ôöé     }
485 Ôöé Ôöö   }
    ÔòÁ
  src\blocks\document-list\style.scss 472:3  root stylesheet[39m[22m
 @ ./src/blocks/document-list/style.scss
 @ ./src/blocks/document-list/index.js 4:0-22

[1m[31mERROR[39m[22m in [1m./src/blocks/event-schedule/style.scss[39m[22m (./src/blocks/event-schedule/style.scss.webpack[javascript/auto]!=!./node_modules/css-loader/dist/cjs.js??ruleSet[1].rules[3].use[1]!./node_modules/postcss-loader/dist/cjs.js??ruleSet[1].rules[3].use[2]!./node_modules/sass-loader/dist/cjs.js??ruleSet[1].rules[3].use[3]!./src/blocks/event-schedule/style.scss)
[1mModule build [1m[31mfailed[39m[22m[1m (from ./node_modules/sass-loader/dist/cjs.js):
Undefined mixin.
   ÔòÀ
17 Ôöé Ôöî         @include mq(md) {
18 Ôöé Ôöé             grid-template-columns: repeat(2, 1fr);
19 Ôöé Ôöö         }
   ÔòÁ
  src\blocks\event-schedule\style.scss 17:3  root stylesheet[39m[22m
 @ ./src/blocks/event-schedule/style.scss
 @ ./src/blocks/event-schedule/index.js 1:0-22

[1m[31mERROR[39m[22m in [1m./src/blocks/footer-cta/style.scss[39m[22m (./src/blocks/footer-cta/style.scss.webpack[javascript/auto]!=!./node_modules/css-loader/dist/cjs.js??ruleSet[1].rules[3].use[1]!./node_modules/postcss-loader/dist/cjs.js??ruleSet[1].rules[3].use[2]!./node_modules/sass-loader/dist/cjs.js??ruleSet[1].rules[3].use[3]!./src/blocks/footer-cta/style.scss)
[1mModule build [1m[31mfailed[39m[22m[1m (from ./node_modules/sass-loader/dist/cjs.js):
Undefined mixin.
   ÔòÀ
36 Ôöé Ôöî         @include mq(sm) {
37 Ôöé Ôöé             width: 100%;
38 Ôöé Ôöé             text-align: center;
39 Ôöé Ôöö         }
   ÔòÁ
  src\blocks\footer-cta\style.scss 36:3  root stylesheet[39m[22m
 @ ./src/blocks/footer-cta/style.scss
 @ ./src/blocks/footer-cta/index.js 1:0-22

[1m[31mERROR[39m[22m in [1m./src/blocks/hero-lp/style.scss[39m[22m (./src/blocks/hero-lp/style.scss.webpack[javascript/auto]!=!./node_modules/css-loader/dist/cjs.js??ruleSet[1].rules[3].use[1]!./node_modules/postcss-loader/dist/cjs.js??ruleSet[1].rules[3].use[2]!./node_modules/sass-loader/dist/cjs.js??ruleSet[1].rules[3].use[3]!./src/blocks/hero-lp/style.scss)
[1mModule build [1m[31mfailed[39m[22m[1m (from ./node_modules/sass-loader/dist/cjs.js):
Undefined mixin.
   ÔòÀ
38 Ôöé Ôöî         @include mq(md) {
39 Ôöé Ôöé             padding-top: 8rem;
40 Ôöé Ôöé             padding-bottom: 8rem;
41 Ôöé Ôöö         }
   ÔòÁ
  src\blocks\hero-lp\style.scss 38:3  root stylesheet[39m[22m
 @ ./src/blocks/hero-lp/style.scss
 @ ./src/blocks/hero-lp/index.js 1:0-22

[1m[31mERROR[39m[22m in [1m./src/blocks/icon-categories/style.scss[39m[22m (./src/blocks/icon-categories/style.scss.webpack[javascript/auto]!=!./node_modules/css-loader/dist/cjs.js??ruleSet[1].rules[3].use[1]!./node_modules/postcss-loader/dist/cjs.js??ruleSet[1].rules[3].use[2]!./node_modules/sass-loader/dist/cjs.js??ruleSet[1].rules[3].use[3]!./src/blocks/icon-categories/style.scss)
[1mModule build [1m[31mfailed[39m[22m[1m (from ./node_modules/sass-loader/dist/cjs.js):
Undefined mixin.
   ÔòÀ
27 Ôöé Ôöî         @include mq(md) {
28 Ôöé Ôöé             grid-template-columns: repeat(4, 1fr);
29 Ôöé Ôöö         }
   ÔòÁ
  src\blocks\icon-categories\style.scss 27:3  root stylesheet[39m[22m
 @ ./src/blocks/icon-categories/style.scss
 @ ./src/blocks/icon-categories/index.js 1:0-22

[1m[31mERROR[39m[22m in [1m./src/blocks/program-modules/style.scss[39m[22m (./src/blocks/program-modules/style.scss.webpack[javascript/auto]!=!./node_modules/css-loader/dist/cjs.js??ruleSet[1].rules[3].use[1]!./node_modules/postcss-loader/dist/cjs.js??ruleSet[1].rules[3].use[2]!./node_modules/sass-loader/dist/cjs.js??ruleSet[1].rules[3].use[3]!./src/blocks/program-modules/style.scss)
[1mModule build [1m[31mfailed[39m[22m[1m (from ./node_modules/sass-loader/dist/cjs.js):
Undefined mixin.
   ÔòÀ
17 Ôöé Ôöî         @include mq(md) {
18 Ôöé Ôöé             grid-template-columns: repeat(2, 1fr);
19 Ôöé Ôöö         }
   ÔòÁ
  src\blocks\program-modules\style.scss 17:3  root stylesheet[39m[22m
 @ ./src/blocks/program-modules/style.scss
 @ ./src/blocks/program-modules/index.js 1:0-22

[1m[31mERROR[39m[22m in [1m./src/blocks/timeline-step/style.scss[39m[22m (./src/blocks/timeline-step/style.scss.webpack[javascript/auto]!=!./node_modules/css-loader/dist/cjs.js??ruleSet[1].rules[3].use[1]!./node_modules/postcss-loader/dist/cjs.js??ruleSet[1].rules[3].use[2]!./node_modules/sass-loader/dist/cjs.js??ruleSet[1].rules[3].use[3]!./src/blocks/timeline-step/style.scss)
[1mModule build [1m[31mfailed[39m[22m[1m (from ./node_modules/sass-loader/dist/cjs.js):
Undefined mixin.
   ÔòÀ
42 Ôöé Ôöî     @include mq(md) {
43 Ôöé Ôöé         padding-left: 6rem;
44 Ôöé Ôöé         flex-direction: column;
45 Ôöé Ôöé 
46 Ôöé Ôöé         .viceunf-timeline-step__bubble {
47 Ôöé Ôöé             position: absolute;
48 Ôöé Ôöé             left: 0;
49 Ôöé Ôöé             top: 0;
50 Ôöé Ôöé         }
51 Ôöé Ôöö     }
   ÔòÁ
  src\blocks\timeline-step\style.scss 42:2  root stylesheet[39m[22m
 @ ./src/blocks/timeline-step/style.scss
 @ ./src/blocks/timeline-step/index.js 1:0-22

[1m[31mERROR[39m[22m in [1m./src/blocks/visual-timeline/style.scss[39m[22m (./src/blocks/visual-timeline/style.scss.webpack[javascript/auto]!=!./node_modules/css-loader/dist/cjs.js??ruleSet[1].rules[3].use[1]!./node_modules/postcss-loader/dist/cjs.js??ruleSet[1].rules[3].use[2]!./node_modules/sass-loader/dist/cjs.js??ruleSet[1].rules[3].use[3]!./src/blocks/visual-timeline/style.scss)
[1mModule build [1m[31mfailed[39m[22m[1m (from ./node_modules/sass-loader/dist/cjs.js):
Undefined mixin.
   ÔòÀ
29 Ôöé Ôöî         @include mq(md) {
30 Ôöé Ôöé             left: 2.4rem;
31 Ôöé Ôöö         }
   ÔòÁ
  src\blocks\visual-timeline\style.scss 29:3  root stylesheet[39m[22m
 @ ./src/blocks/visual-timeline/style.scss
 @ ./src/blocks/visual-timeline/index.js 1:0-22

[1m[31mERROR[39m[22m in [1m./src/blocks/benefit-card/style.scss[39m[22m
[1mModule build [1m[31mfailed[39m[22m[1m (from ./node_modules/mini-css-extract-plugin/dist/loader.js):
HookWebpackError: Module build [1m[31mfailed[39m[22m[1m (from ./node_modules/sass-loader/dist/cjs.js):
Undefined mixin.
  ÔòÀ
5 Ôöé Ôöî     @include mq(sm) {
6 Ôöé Ôöé         padding: 1.5rem;
7 Ôöé Ôöé     }
  Ôöé ÔööÔöÇÔöÇÔöÇÔöÇÔöÇ^
  ÔòÁ
  src\blocks\benefit-card\style.scss 5:2  root stylesheet
    at tryRunOrWebpackError (C:\Users\UPIC\Local Sites\vpindev\app\public\wp-content\themes\wptheme-vice-unf\node_modules\webpack\lib\HookWebpackError.js:87:9)
    at __webpack_require_module__ (C:\Users\UPIC\Local Sites\vpindev\app\public\wp-content\themes\wptheme-vice-unf\node_modules\webpack\lib\Compilation.js:5515:12)
    at __webpack_require__ (C:\Users\UPIC\Local Sites\vpindev\app\public\wp-content\themes\wptheme-vice-unf\node_modules\webpack\lib\Compilation.js:5462:18)
    at C:\Users\UPIC\Local Sites\vpindev\app\public\wp-content\themes\wptheme-vice-unf\node_modules\webpack\lib\Compilation.js:5550:20
    at symbolIterator (C:\Users\UPIC\Local Sites\vpindev\app\public\wp-content\themes\wptheme-vice-unf\node_modules\neo-async\async.js:3485:9)
    at done (C:\Users\UPIC\Local Sites\vpindev\app\public\wp-content\themes\wptheme-vice-unf\node_modules\neo-async\async.js:3527:9)
    at Hook.eval [as callAsync] (eval at create (C:\Users\UPIC\Local Sites\vpindev\app\public\wp-content\themes\wptheme-vice-unf\node_modules\tapable\lib\HookCodeFactory.js:31:10), <anonymous>:15:1)
    at Hook.CALL_ASYNC_DELEGATE [as _callAsync] (C:\Users\UPIC\Local Sites\vpindev\app\public\wp-content\themes\wptheme-vice-unf\node_modules\tapable\lib\Hook.js:21:14)
    at C:\Users\UPIC\Local Sites\vpindev\app\public\wp-content\themes\wptheme-vice-unf\node_modules\webpack\lib\Compilation.js:5437:43
    at symbolIterator (C:\Users\UPIC\Local Sites\vpindev\app\public\wp-content\themes\wptheme-vice-unf\node_modules\neo-async\async.js:3482:9)
    at timesSync (C:\Users\UPIC\Local Sites\vpindev\app\public\wp-content\themes\wptheme-vice-unf\node_modules\neo-async\async.js:2297:7)
    at Object.eachLimit (C:\Users\UPIC\Local Sites\vpindev\app\public\wp-content\themes\wptheme-vice-unf\node_modules\neo-async\async.js:3463:5)
    at C:\Users\UPIC\Local Sites\vpindev\app\public\wp-content\themes\wptheme-vice-unf\node_modules\webpack\lib\Compilation.js:5399:16
    at symbolIterator (C:\Users\UPIC\Local Sites\vpindev\app\public\wp-content\themes\wptheme-vice-unf\node_modules\neo-async\async.js:3485:9)
    at timesSync (C:\Users\UPIC\Local Sites\vpindev\app\public\wp-content\themes\wptheme-vice-unf\node_modules\neo-async\async.js:2297:7)
    at Object.eachLimit (C:\Users\UPIC\Local Sites\vpindev\app\public\wp-content\themes\wptheme-vice-unf\node_modules\neo-async\async.js:3463:5)
    at C:\Users\UPIC\Local Sites\vpindev\app\public\wp-content\themes\wptheme-vice-unf\node_modules\webpack\lib\Compilation.js:5367:15
    at symbolIterator (C:\Users\UPIC\Local Sites\vpindev\app\public\wp-content\themes\wptheme-vice-unf\node_modules\neo-async\async.js:3485:9)
    at done (C:\Users\UPIC\Local Sites\vpindev\app\public\wp-content\themes\wptheme-vice-unf\node_modules\neo-async\async.js:3527:9)
    at C:\Users\UPIC\Local Sites\vpindev\app\public\wp-content\themes\wptheme-vice-unf\node_modules\webpack\lib\Compilation.js:5313:8
    at C:\Users\UPIC\Local Sites\vpindev\app\public\wp-content\themes\wptheme-vice-unf\node_modules\webpack\lib\Compilation.js:3713:6
    at C:\Users\UPIC\Local Sites\vpindev\app\public\wp-content\themes\wptheme-vice-unf\node_modules\webpack\lib\HookWebpackError.js:68:2
    at Hook.eval [as callAsync] (eval at create (C:\Users\UPIC\Local Sites\vpindev\app\public\wp-content\themes\wptheme-vice-unf\node_modules\tapable\lib\HookCodeFactory.js:31:10), <anonymous>:6:1)
    at Cache.store (C:\Users\UPIC\Local Sites\vpindev\app\public\wp-content\themes\wptheme-vice-unf\node_modules\webpack\lib\Cache.js:113:20)
    at ItemCacheFacade.store (C:\Users\UPIC\Local Sites\vpindev\app\public\wp-content\themes\wptheme-vice-unf\node_modules\webpack\lib\CacheFacade.js:142:15)
    at C:\Users\UPIC\Local Sites\vpindev\app\public\wp-content\themes\wptheme-vice-unf\node_modules\webpack\lib\Compilation.js:3712:11
    at C:\Users\UPIC\Local Sites\vpindev\app\public\wp-content\themes\wptheme-vice-unf\node_modules\webpack\lib\Cache.js:99:5
    at Hook.eval [as callAsync] (eval at create (C:\Users\UPIC\Local Sites\vpindev\app\public\wp-content\themes\wptheme-vice-unf\node_modules\tapable\lib\HookCodeFactory.js:31:10), <anonymous>:6:1)
    at Cache.get (C:\Users\UPIC\Local Sites\vpindev\app\public\wp-content\themes\wptheme-vice-unf\node_modules\webpack\lib\Cache.js:81:18)
    at ItemCacheFacade.get (C:\Users\UPIC\Local Sites\vpindev\app\public\wp-content\themes\wptheme-vice-unf\node_modules\webpack\lib\CacheFacade.js:116:15)
    at Compilation._codeGenerationModule (C:\Users\UPIC\Local Sites\vpindev\app\public\wp-content\themes\wptheme-vice-unf\node_modules\webpack\lib\Compilation.js:3680:9)
    at codeGen (C:\Users\UPIC\Local Sites\vpindev\app\public\wp-content\themes\wptheme-vice-unf\node_modules\webpack\lib\Compilation.js:5301:11)
    at symbolIterator (C:\Users\UPIC\Local Sites\vpindev\app\public\wp-content\themes\wptheme-vice-unf\node_modules\neo-async\async.js:3482:9)
    at timesSync (C:\Users\UPIC\Local Sites\vpindev\app\public\wp-content\themes\wptheme-vice-unf\node_modules\neo-async\async.js:2297:7)
    at Object.eachLimit (C:\Users\UPIC\Local Sites\vpindev\app\public\wp-content\themes\wptheme-vice-unf\node_modules\neo-async\async.js:3463:5)
    at C:\Users\UPIC\Local Sites\vpindev\app\public\wp-content\themes\wptheme-vice-unf\node_modules\webpack\lib\Compilation.js:5331:14
    at processQueue (C:\Users\UPIC\Local Sites\vpindev\app\public\wp-content\themes\wptheme-vice-unf\node_modules\webpack\lib\util\processAsyncTree.js:61:4)
    at process.processTicksAndRejections (node:internal/process/task_queues:85:11)
-- inner [1m[31merror[39m[22m[1m --
[1m[31mError[39m[22m[1m: Module build [1m[31mfailed[39m[22m[1m (from ./node_modules/sass-loader/dist/cjs.js):
Undefined mixin.
  ÔòÀ
5 Ôöé Ôöî     @include mq(sm) {
6 Ôöé Ôöé         padding: 1.5rem;
7 Ôöé Ôöé     }
  Ôöé ÔööÔöÇÔöÇÔöÇÔöÇÔöÇ^
  ÔòÁ
  src\blocks\benefit-card\style.scss 5:2  root stylesheet
    at Object.<anonymous> (C:\Users\UPIC\Local Sites\vpindev\app\public\wp-content\themes\wptheme-vice-unf\node_modules\css-loader\dist\cjs.js??ruleSet[1].rules[3].use[1]!C:\Users\UPIC\Local Sites\vpindev\app\public\wp-content\themes\wptheme-vice-unf\node_modules\postcss-loader\dist\cjs.js??ruleSet[1].rules[3].use[2]!C:\Users\UPIC\Local Sites\vpindev\app\public\wp-content\themes\wptheme-vice-unf\node_modules\sass-loader\dist\cjs.js??ruleSet[1].rules[3].use[3]!C:\Users\UPIC\Local Sites\vpindev\app\public\wp-content\themes\wptheme-vice-unf\src\blocks\benefit-card\style.scss:1:7)
    at C:\Users\UPIC\Local Sites\vpindev\app\public\wp-content\themes\wptheme-vice-unf\node_modules\webpack\lib\javascript\JavascriptModulesPlugin.js:544:10
    at Hook.eval [as call] (eval at create (C:\Users\UPIC\Local Sites\vpindev\app\public\wp-content\themes\wptheme-vice-unf\node_modules\tapable\lib\HookCodeFactory.js:19:10), <anonymous>:7:1)
    at Hook.CALL_DELEGATE [as _call] (C:\Users\UPIC\Local Sites\vpindev\app\public\wp-content\themes\wptheme-vice-unf\node_modules\tapable\lib\Hook.js:16:14)
    at C:\Users\UPIC\Local Sites\vpindev\app\public\wp-content\themes\wptheme-vice-unf\node_modules\webpack\lib\Compilation.js:5517:39
    at tryRunOrWebpackError (C:\Users\UPIC\Local Sites\vpindev\app\public\wp-content\themes\wptheme-vice-unf\node_modules\webpack\lib\HookWebpackError.js:82:7)
    at __webpack_require_module__ (C:\Users\UPIC\Local Sites\vpindev\app\public\wp-content\themes\wptheme-vice-unf\node_modules\webpack\lib\Compilation.js:5515:12)
    at __webpack_require__ (C:\Users\UPIC\Local Sites\vpindev\app\public\wp-content\themes\wptheme-vice-unf\node_modules\webpack\lib\Compilation.js:5462:18)
    at C:\Users\UPIC\Local Sites\vpindev\app\public\wp-content\themes\wptheme-vice-unf\node_modules\webpack\lib\Compilation.js:5550:20
    at symbolIterator (C:\Users\UPIC\Local Sites\vpindev\app\public\wp-content\themes\wptheme-vice-unf\node_modules\neo-async\async.js:3485:9)
    at done (C:\Users\UPIC\Local Sites\vpindev\app\public\wp-content\themes\wptheme-vice-unf\node_modules\neo-async\async.js:3527:9)
    at Hook.eval [as callAsync] (eval at create (C:\Users\UPIC\Local Sites\vpindev\app\public\wp-content\themes\wptheme-vice-unf\node_modules\tapable\lib\HookCodeFactory.js:31:10), <anonymous>:15:1)
    at Hook.CALL_ASYNC_DELEGATE [as _callAsync] (C:\Users\UPIC\Local Sites\vpindev\app\public\wp-content\themes\wptheme-vice-unf\node_modules\tapable\lib\Hook.js:21:14)
    at C:\Users\UPIC\Local Sites\vpindev\app\public\wp-content\themes\wptheme-vice-unf\node_modules\webpack\lib\Compilation.js:5437:43
    at symbolIterator (C:\Users\UPIC\Local Sites\vpindev\app\public\wp-content\themes\wptheme-vice-unf\node_modules\neo-async\async.js:3482:9)
    at timesSync (C:\Users\UPIC\Local Sites\vpindev\app\public\wp-content\themes\wptheme-vice-unf\node_modules\neo-async\async.js:2297:7)
    at Object.eachLimit (C:\Users\UPIC\Local Sites\vpindev\app\public\wp-content\themes\wptheme-vice-unf\node_modules\neo-async\async.js:3463:5)
    at C:\Users\UPIC\Local Sites\vpindev\app\public\wp-content\themes\wptheme-vice-unf\node_modules\webpack\lib\Compilation.js:5399:16
    at symbolIterator (C:\Users\UPIC\Local Sites\vpindev\app\public\wp-content\themes\wptheme-vice-unf\node_modules\neo-async\async.js:3485:9)
    at timesSync (C:\Users\UPIC\Local Sites\vpindev\app\public\wp-content\themes\wptheme-vice-unf\node_modules\neo-async\async.js:2297:7)
    at Object.eachLimit (C:\Users\UPIC\Local Sites\vpindev\app\public\wp-content\themes\wptheme-vice-unf\node_modules\neo-async\async.js:3463:5)
    at C:\Users\UPIC\Local Sites\vpindev\app\public\wp-content\themes\wptheme-vice-unf\node_modules\webpack\lib\Compilation.js:5367:15
    at symbolIterator (C:\Users\UPIC\Local Sites\vpindev\app\public\wp-content\themes\wptheme-vice-unf\node_modules\neo-async\async.js:3485:9)
    at done (C:\Users\UPIC\Local Sites\vpindev\app\public\wp-content\themes\wptheme-vice-unf\node_modules\neo-async\async.js:3527:9)
    at C:\Users\UPIC\Local Sites\vpindev\app\public\wp-content\themes\wptheme-vice-unf\node_modules\webpack\lib\Compilation.js:5313:8
    at C:\Users\UPIC\Local Sites\vpindev\app\public\wp-content\themes\wptheme-vice-unf\node_modules\webpack\lib\Compilation.js:3713:6
    at C:\Users\UPIC\Local Sites\vpindev\app\public\wp-content\themes\wptheme-vice-unf\node_modules\webpack\lib\HookWebpackError.js:68:2
    at Hook.eval [as callAsync] (eval at create (C:\Users\UPIC\Local Sites\vpindev\app\public\wp-content\themes\wptheme-vice-unf\node_modules\tapable\lib\HookCodeFactory.js:31:10), <anonymous>:6:1)
    at Cache.store (C:\Users\UPIC\Local Sites\vpindev\app\public\wp-content\themes\wptheme-vice-unf\node_modules\webpack\lib\Cache.js:113:20)
    at ItemCacheFacade.store (C:\Users\UPIC\Local Sites\vpindev\app\public\wp-content\themes\wptheme-vice-unf\node_modules\webpack\lib\CacheFacade.js:142:15)
    at C:\Users\UPIC\Local Sites\vpindev\app\public\wp-content\themes\wptheme-vice-unf\node_modules\webpack\lib\Compilation.js:3712:11
    at C:\Users\UPIC\Local Sites\vpindev\app\public\wp-content\themes\wptheme-vice-unf\node_modules\webpack\lib\Cache.js:99:5
    at Hook.eval [as callAsync] (eval at create (C:\Users\UPIC\Local Sites\vpindev\app\public\wp-content\themes\wptheme-vice-unf\node_modules\tapable\lib\HookCodeFactory.js:31:10), <anonymous>:6:1)
    at Cache.get (C:\Users\UPIC\Local Sites\vpindev\app\public\wp-content\themes\wptheme-vice-unf\node_modules\webpack\lib\Cache.js:81:18)
    at ItemCacheFacade.get (C:\Users\UPIC\Local Sites\vpindev\app\public\wp-content\themes\wptheme-vice-unf\node_modules\webpack\lib\CacheFacade.js:116:15)
    at Compilation._codeGenerationModule (C:\Users\UPIC\Local Sites\vpindev\app\public\wp-content\themes\wptheme-vice-unf\node_modules\webpack\lib\Compilation.js:3680:9)
    at codeGen (C:\Users\UPIC\Local Sites\vpindev\app\public\wp-content\themes\wptheme-vice-unf\node_modules\webpack\lib\Compilation.js:5301:11)
    at symbolIterator (C:\Users\UPIC\Local Sites\vpindev\app\public\wp-content\themes\wptheme-vice-unf\node_modules\neo-async\async.js:3482:9)
    at timesSync (C:\Users\UPIC\Local Sites\vpindev\app\public\wp-content\themes\wptheme-vice-unf\node_modules\neo-async\async.js:2297:7)
    at Object.eachLimit (C:\Users\UPIC\Local Sites\vpindev\app\public\wp-content\themes\wptheme-vice-unf\node_modules\neo-async\async.js:3463:5)
    at C:\Users\UPIC\Local Sites\vpindev\app\public\wp-content\themes\wptheme-vice-unf\node_modules\webpack\lib\Compilation.js:5331:14
    at processQueue (C:\Users\UPIC\Local Sites\vpindev\app\public\wp-content\themes\wptheme-vice-unf\node_modules\webpack\lib\util\processAsyncTree.js:61:4)
    at process.processTicksAndRejections (node:internal/process/task_queues:85:11)

Generated code for C:\Users\UPIC\Local Sites\vpindev\app\public\wp-content\themes\wptheme-vice-unf\node_modules\css-loader\dist\cjs.js??ruleSet[1].rules[3].use[1]!C:\Users\UPIC\Local Sites\vpindev\app\public\wp-content\themes\wptheme-vice-unf\node_modules\postcss-loader\dist\cjs.js??ruleSet[1].rules[3].use[2]!C:\Users\UPIC\Local Sites\vpindev\app\public\wp-content\themes\wptheme-vice-unf\node_modules\sass-loader\dist\cjs.js??ruleSet[1].rules[3].use[3]!C:\Users\UPIC\Local Sites\vpindev\app\public\wp-content\themes\wptheme-vice-unf\src\blocks\benefit-card\style.scss
1 | throw new [1m[31mError[39m[22m[1m("Module build [1m[31mfailed[39m[22m[1m (from ./node_modules/sass-loader/dist/cjs.js):\nUndefined mixin.\n  ÔòÀ\n5 Ôöé Ôöî     @include mq(sm) {\n6 Ôöé Ôöé         padding: 1.5rem;\n7 Ôöé Ôöé     }\r\n  Ôöé ÔööÔöÇÔöÇÔöÇÔöÇÔöÇ^\n  ÔòÁ\n  src\\blocks\\benefit-card\\style.scss 5:2  root stylesheet");[39m[22m
 @ ./src/blocks/benefit-card/index.js 1:0-22

[1m[31mERROR[39m[22m in [1m./src/blocks/benefits-grid/style.scss[39m[22m
[1mModule build [1m[31mfailed[39m[22m[1m (from ./node_modules/mini-css-extract-plugin/dist/loader.js):
HookWebpackError: Module build [1m[31mfailed[39m[22m[1m (from ./node_modules/sass-loader/dist/cjs.js):
Undefined mixin.
   ÔòÀ
30 Ôöé Ôöî         @include mq(md) {
31 Ôöé Ôöé             grid-template-columns: repeat(2, 1fr);
32 Ôöé Ôöö         }
   ÔòÁ
  src\blocks\benefits-grid\style.scss 30:3  root stylesheet
    at tryRunOrWebpackError (C:\Users\UPIC\Local Sites\vpindev\app\public\wp-content\themes\wptheme-vice-unf\node_modules\webpack\lib\HookWebpackError.js:87:9)
    at __webpack_require_module__ (C:\Users\UPIC\Local Sites\vpindev\app\public\wp-content\themes\wptheme-vice-unf\node_modules\webpack\lib\Compilation.js:5515:12)
    at __webpack_require__ (C:\Users\UPIC\Local Sites\vpindev\app\public\wp-content\themes\wptheme-vice-unf\node_modules\webpack\lib\Compilation.js:5462:18)
    at C:\Users\UPIC\Local Sites\vpindev\app\public\wp-content\themes\wptheme-vice-unf\node_modules\webpack\lib\Compilation.js:5550:20
    at symbolIterator (C:\Users\UPIC\Local Sites\vpindev\app\public\wp-content\themes\wptheme-vice-unf\node_modules\neo-async\async.js:3485:9)
    at done (C:\Users\UPIC\Local Sites\vpindev\app\public\wp-content\themes\wptheme-vice-unf\node_modules\neo-async\async.js:3527:9)
    at Hook.eval [as callAsync] (eval at create (C:\Users\UPIC\Local Sites\vpindev\app\public\wp-content\themes\wptheme-vice-unf\node_modules\tapable\lib\HookCodeFactory.js:31:10), <anonymous>:15:1)
    at C:\Users\UPIC\Local Sites\vpindev\app\public\wp-content\themes\wptheme-vice-unf\node_modules\webpack\lib\Compilation.js:5437:43
    at symbolIterator (C:\Users\UPIC\Local Sites\vpindev\app\public\wp-content\themes\wptheme-vice-unf\node_modules\neo-async\async.js:3482:9)
    at timesSync (C:\Users\UPIC\Local Sites\vpindev\app\public\wp-content\themes\wptheme-vice-unf\node_modules\neo-async\async.js:2297:7)
    at Object.eachLimit (C:\Users\UPIC\Local Sites\vpindev\app\public\wp-content\themes\wptheme-vice-unf\node_modules\neo-async\async.js:3463:5)
    at C:\Users\UPIC\Local Sites\vpindev\app\public\wp-content\themes\wptheme-vice-unf\node_modules\webpack\lib\Compilation.js:5399:16
    at symbolIterator (C:\Users\UPIC\Local Sites\vpindev\app\public\wp-content\themes\wptheme-vice-unf\node_modules\neo-async\async.js:3485:9)
    at timesSync (C:\Users\UPIC\Local Sites\vpindev\app\public\wp-content\themes\wptheme-vice-unf\node_modules\neo-async\async.js:2297:7)
    at Object.eachLimit (C:\Users\UPIC\Local Sites\vpindev\app\public\wp-content\themes\wptheme-vice-unf\node_modules\neo-async\async.js:3463:5)
    at C:\Users\UPIC\Local Sites\vpindev\app\public\wp-content\themes\wptheme-vice-unf\node_modules\webpack\lib\Compilation.js:5367:15
    at symbolIterator (C:\Users\UPIC\Local Sites\vpindev\app\public\wp-content\themes\wptheme-vice-unf\node_modules\neo-async\async.js:3485:9)
    at done (C:\Users\UPIC\Local Sites\vpindev\app\public\wp-content\themes\wptheme-vice-unf\node_modules\neo-async\async.js:3527:9)
    at C:\Users\UPIC\Local Sites\vpindev\app\public\wp-content\themes\wptheme-vice-unf\node_modules\webpack\lib\Compilation.js:5313:8
    at C:\Users\UPIC\Local Sites\vpindev\app\public\wp-content\themes\wptheme-vice-unf\node_modules\webpack\lib\Compilation.js:3713:6
    at C:\Users\UPIC\Local Sites\vpindev\app\public\wp-content\themes\wptheme-vice-unf\node_modules\webpack\lib\HookWebpackError.js:68:2
    at Hook.eval [as callAsync] (eval at create (C:\Users\UPIC\Local Sites\vpindev\app\public\wp-content\themes\wptheme-vice-unf\node_modules\tapable\lib\HookCodeFactory.js:31:10), <anonymous>:6:1)
    at Cache.store (C:\Users\UPIC\Local Sites\vpindev\app\public\wp-content\themes\wptheme-vice-unf\node_modules\webpack\lib\Cache.js:113:20)
    at ItemCacheFacade.store (C:\Users\UPIC\Local Sites\vpindev\app\public\wp-content\themes\wptheme-vice-unf\node_modules\webpack\lib\CacheFacade.js:142:15)
    at C:\Users\UPIC\Local Sites\vpindev\app\public\wp-content\themes\wptheme-vice-unf\node_modules\webpack\lib\Compilation.js:3712:11
    at C:\Users\UPIC\Local Sites\vpindev\app\public\wp-content\themes\wptheme-vice-unf\node_modules\webpack\lib\Cache.js:99:5
    at Hook.eval [as callAsync] (eval at create (C:\Users\UPIC\Local Sites\vpindev\app\public\wp-content\themes\wptheme-vice-unf\node_modules\tapable\lib\HookCodeFactory.js:31:10), <anonymous>:6:1)
    at Cache.get (C:\Users\UPIC\Local Sites\vpindev\app\public\wp-content\themes\wptheme-vice-unf\node_modules\webpack\lib\Cache.js:81:18)
    at ItemCacheFacade.get (C:\Users\UPIC\Local Sites\vpindev\app\public\wp-content\themes\wptheme-vice-unf\node_modules\webpack\lib\CacheFacade.js:116:15)
    at Compilation._codeGenerationModule (C:\Users\UPIC\Local Sites\vpindev\app\public\wp-content\themes\wptheme-vice-unf\node_modules\webpack\lib\Compilation.js:3680:9)
    at codeGen (C:\Users\UPIC\Local Sites\vpindev\app\public\wp-content\themes\wptheme-vice-unf\node_modules\webpack\lib\Compilation.js:5301:11)
    at symbolIterator (C:\Users\UPIC\Local Sites\vpindev\app\public\wp-content\themes\wptheme-vice-unf\node_modules\neo-async\async.js:3482:9)
    at timesSync (C:\Users\UPIC\Local Sites\vpindev\app\public\wp-content\themes\wptheme-vice-unf\node_modules\neo-async\async.js:2297:7)
    at Object.eachLimit (C:\Users\UPIC\Local Sites\vpindev\app\public\wp-content\themes\wptheme-vice-unf\node_modules\neo-async\async.js:3463:5)
    at C:\Users\UPIC\Local Sites\vpindev\app\public\wp-content\themes\wptheme-vice-unf\node_modules\webpack\lib\Compilation.js:5331:14
    at processQueue (C:\Users\UPIC\Local Sites\vpindev\app\public\wp-content\themes\wptheme-vice-unf\node_modules\webpack\lib\util\processAsyncTree.js:61:4)
    at process.processTicksAndRejections (node:internal/process/task_queues:85:11)
-- inner [1m[31merror[39m[22m[1m --
[1m[31mError[39m[22m[1m: Module build [1m[31mfailed[39m[22m[1m (from ./node_modules/sass-loader/dist/cjs.js):
Undefined mixin.
   ÔòÀ
30 Ôöé Ôöî         @include mq(md) {
31 Ôöé Ôöé             grid-template-columns: repeat(2, 1fr);
32 Ôöé Ôöö         }
   ÔòÁ
  src\blocks\benefits-grid\style.scss 30:3  root stylesheet
    at Object.<anonymous> (C:\Users\UPIC\Local Sites\vpindev\app\public\wp-content\themes\wptheme-vice-unf\node_modules\css-loader\dist\cjs.js??ruleSet[1].rules[3].use[1]!C:\Users\UPIC\Local Sites\vpindev\app\public\wp-content\themes\wptheme-vice-unf\node_modules\postcss-loader\dist\cjs.js??ruleSet[1].rules[3].use[2]!C:\Users\UPIC\Local Sites\vpindev\app\public\wp-content\themes\wptheme-vice-unf\node_modules\sass-loader\dist\cjs.js??ruleSet[1].rules[3].use[3]!C:\Users\UPIC\Local Sites\vpindev\app\public\wp-content\themes\wptheme-vice-unf\src\blocks\benefits-grid\style.scss:1:7)
    at C:\Users\UPIC\Local Sites\vpindev\app\public\wp-content\themes\wptheme-vice-unf\node_modules\webpack\lib\javascript\JavascriptModulesPlugin.js:544:10
    at Hook.eval [as call] (eval at create (C:\Users\UPIC\Local Sites\vpindev\app\public\wp-content\themes\wptheme-vice-unf\node_modules\tapable\lib\HookCodeFactory.js:19:10), <anonymous>:7:1)
    at C:\Users\UPIC\Local Sites\vpindev\app\public\wp-content\themes\wptheme-vice-unf\node_modules\webpack\lib\Compilation.js:5517:39
    at tryRunOrWebpackError (C:\Users\UPIC\Local Sites\vpindev\app\public\wp-content\themes\wptheme-vice-unf\node_modules\webpack\lib\HookWebpackError.js:82:7)
    at __webpack_require_module__ (C:\Users\UPIC\Local Sites\vpindev\app\public\wp-content\themes\wptheme-vice-unf\node_modules\webpack\lib\Compilation.js:5515:12)
    at __webpack_require__ (C:\Users\UPIC\Local Sites\vpindev\app\public\wp-content\themes\wptheme-vice-unf\node_modules\webpack\lib\Compilation.js:5462:18)
    at C:\Users\UPIC\Local Sites\vpindev\app\public\wp-content\themes\wptheme-vice-unf\node_modules\webpack\lib\Compilation.js:5550:20
    at symbolIterator (C:\Users\UPIC\Local Sites\vpindev\app\public\wp-content\themes\wptheme-vice-unf\node_modules\neo-async\async.js:3485:9)
    at done (C:\Users\UPIC\Local Sites\vpindev\app\public\wp-content\themes\wptheme-vice-unf\node_modules\neo-async\async.js:3527:9)
    at Hook.eval [as callAsync] (eval at create (C:\Users\UPIC\Local Sites\vpindev\app\public\wp-content\themes\wptheme-vice-unf\node_modules\tapable\lib\HookCodeFactory.js:31:10), <anonymous>:15:1)
    at C:\Users\UPIC\Local Sites\vpindev\app\public\wp-content\themes\wptheme-vice-unf\node_modules\webpack\lib\Compilation.js:5437:43
    at symbolIterator (C:\Users\UPIC\Local Sites\vpindev\app\public\wp-content\themes\wptheme-vice-unf\node_modules\neo-async\async.js:3482:9)
    at timesSync (C:\Users\UPIC\Local Sites\vpindev\app\public\wp-content\themes\wptheme-vice-unf\node_modules\neo-async\async.js:2297:7)
    at Object.eachLimit (C:\Users\UPIC\Local Sites\vpindev\app\public\wp-content\themes\wptheme-vice-unf\node_modules\neo-async\async.js:3463:5)
    at C:\Users\UPIC\Local Sites\vpindev\app\public\wp-content\themes\wptheme-vice-unf\node_modules\webpack\lib\Compilation.js:5399:16
    at symbolIterator (C:\Users\UPIC\Local Sites\vpindev\app\public\wp-content\themes\wptheme-vice-unf\node_modules\neo-async\async.js:3485:9)
    at timesSync (C:\Users\UPIC\Local Sites\vpindev\app\public\wp-content\themes\wptheme-vice-unf\node_modules\neo-async\async.js:2297:7)
    at Object.eachLimit (C:\Users\UPIC\Local Sites\vpindev\app\public\wp-content\themes\wptheme-vice-unf\node_modules\neo-async\async.js:3463:5)
    at C:\Users\UPIC\Local Sites\vpindev\app\public\wp-content\themes\wptheme-vice-unf\node_modules\webpack\lib\Compilation.js:5367:15
    at symbolIterator (C:\Users\UPIC\Local Sites\vpindev\app\public\wp-content\themes\wptheme-vice-unf\node_modules\neo-async\async.js:3485:9)
    at done (C:\Users\UPIC\Local Sites\vpindev\app\public\wp-content\themes\wptheme-vice-unf\node_modules\neo-async\async.js:3527:9)
    at C:\Users\UPIC\Local Sites\vpindev\app\public\wp-content\themes\wptheme-vice-unf\node_modules\webpack\lib\Compilation.js:5313:8
    at C:\Users\UPIC\Local Sites\vpindev\app\public\wp-content\themes\wptheme-vice-unf\node_modules\webpack\lib\Compilation.js:3713:6
    at C:\Users\UPIC\Local Sites\vpindev\app\public\wp-content\themes\wptheme-vice-unf\node_modules\webpack\lib\HookWebpackError.js:68:2
    at Hook.eval [as callAsync] (eval at create (C:\Users\UPIC\Local Sites\vpindev\app\public\wp-content\themes\wptheme-vice-unf\node_modules\tapable\lib\HookCodeFactory.js:31:10), <anonymous>:6:1)
    at Cache.store (C:\Users\UPIC\Local Sites\vpindev\app\public\wp-content\themes\wptheme-vice-unf\node_modules\webpack\lib\Cache.js:113:20)
    at ItemCacheFacade.store (C:\Users\UPIC\Local Sites\vpindev\app\public\wp-content\themes\wptheme-vice-unf\node_modules\webpack\lib\CacheFacade.js:142:15)
    at C:\Users\UPIC\Local Sites\vpindev\app\public\wp-content\themes\wptheme-vice-unf\node_modules\webpack\lib\Compilation.js:3712:11
    at C:\Users\UPIC\Local Sites\vpindev\app\public\wp-content\themes\wptheme-vice-unf\node_modules\webpack\lib\Cache.js:99:5
    at Hook.eval [as callAsync] (eval at create (C:\Users\UPIC\Local Sites\vpindev\app\public\wp-content\themes\wptheme-vice-unf\node_modules\tapable\lib\HookCodeFactory.js:31:10), <anonymous>:6:1)
    at Cache.get (C:\Users\UPIC\Local Sites\vpindev\app\public\wp-content\themes\wptheme-vice-unf\node_modules\webpack\lib\Cache.js:81:18)
    at ItemCacheFacade.get (C:\Users\UPIC\Local Sites\vpindev\app\public\wp-content\themes\wptheme-vice-unf\node_modules\webpack\lib\CacheFacade.js:116:15)
    at Compilation._codeGenerationModule (C:\Users\UPIC\Local Sites\vpindev\app\public\wp-content\themes\wptheme-vice-unf\node_modules\webpack\lib\Compilation.js:3680:9)
    at codeGen (C:\Users\UPIC\Local Sites\vpindev\app\public\wp-content\themes\wptheme-vice-unf\node_modules\webpack\lib\Compilation.js:5301:11)
    at symbolIterator (C:\Users\UPIC\Local Sites\vpindev\app\public\wp-content\themes\wptheme-vice-unf\node_modules\neo-async\async.js:3482:9)
    at timesSync (C:\Users\UPIC\Local Sites\vpindev\app\public\wp-content\themes\wptheme-vice-unf\node_modules\neo-async\async.js:2297:7)
    at Object.eachLimit (C:\Users\UPIC\Local Sites\vpindev\app\public\wp-content\themes\wptheme-vice-unf\node_modules\neo-async\async.js:3463:5)
    at C:\Users\UPIC\Local Sites\vpindev\app\public\wp-content\themes\wptheme-vice-unf\node_modules\webpack\lib\Compilation.js:5331:14
    at processQueue (C:\Users\UPIC\Local Sites\vpindev\app\public\wp-content\themes\wptheme-vice-unf\node_modules\webpack\lib\util\processAsyncTree.js:61:4)
    at process.processTicksAndRejections (node:internal/process/task_queues:85:11)

Generated code for C:\Users\UPIC\Local Sites\vpindev\app\public\wp-content\themes\wptheme-vice-unf\node_modules\css-loader\dist\cjs.js??ruleSet[1].rules[3].use[1]!C:\Users\UPIC\Local Sites\vpindev\app\public\wp-content\themes\wptheme-vice-unf\node_modules\postcss-loader\dist\cjs.js??ruleSet[1].rules[3].use[2]!C:\Users\UPIC\Local Sites\vpindev\app\public\wp-content\themes\wptheme-vice-unf\node_modules\sass-loader\dist\cjs.js??ruleSet[1].rules[3].use[3]!C:\Users\UPIC\Local Sites\vpindev\app\public\wp-content\themes\wptheme-vice-unf\src\blocks\benefits-grid\style.scss
1 | throw new [1m[31mError[39m[22m[1m("Module build [1m[31mfailed[39m[22m[1m (from ./node_modules/sass-loader/dist/cjs.js):\nUndefined mixin.\n   ÔòÀ\n30 Ôöé Ôöî         @include mq(md) {\n31 Ôöé Ôöé             grid-template-columns: repeat(2, 1fr);\n32 Ôöé Ôöö         }\n   ÔòÁ\n  src\\blocks\\benefits-grid\\style.scss 30:3  root stylesheet");[39m[22m
 @ ./src/blocks/benefits-grid/index.js 1:0-22

[1m[31mERROR[39m[22m in [1m./src/blocks/carousel-entities/style.scss[39m[22m
[1mModule build [1m[31mfailed[39m[22m[1m (from ./node_modules/mini-css-extract-plugin/dist/loader.js):
HookWebpackError: Module build [1m[31mfailed[39m[22m[1m (from ./node_modules/sass-loader/dist/cjs.js):
Undefined mixin.
   ÔòÀ
19 Ôöé Ôöî       @include mq(sm) {
20 Ôöé Ôöé         font-size: 1.25rem;
21 Ôöé Ôöé         padding: 0 0.8rem;
22 Ôöé Ôöö       }
   ÔòÁ
  src\blocks\carousel-entities\style.scss 19:7  root stylesheet
    at tryRunOrWebpackError (C:\Users\UPIC\Local Sites\vpindev\app\public\wp-content\themes\wptheme-vice-unf\node_modules\webpack\lib\HookWebpackError.js:87:9)
    at __webpack_require_module__ (C:\Users\UPIC\Local Sites\vpindev\app\public\wp-content\themes\wptheme-vice-unf\node_modules\webpack\lib\Compilation.js:5515:12)
    at __webpack_require__ (C:\Users\UPIC\Local Sites\vpindev\app\public\wp-content\themes\wptheme-vice-unf\node_modules\webpack\lib\Compilation.js:5462:18)
    at C:\Users\UPIC\Local Sites\vpindev\app\public\wp-content\themes\wptheme-vice-unf\node_modules\webpack\lib\Compilation.js:5550:20
    at symbolIterator (C:\Users\UPIC\Local Sites\vpindev\app\public\wp-content\themes\wptheme-vice-unf\node_modules\neo-async\async.js:3485:9)
    at done (C:\Users\UPIC\Local Sites\vpindev\app\public\wp-content\themes\wptheme-vice-unf\node_modules\neo-async\async.js:3527:9)
    at Hook.eval [as callAsync] (eval at create (C:\Users\UPIC\Local Sites\vpindev\app\public\wp-content\themes\wptheme-vice-unf\node_modules\tapable\lib\HookCodeFactory.js:31:10), <anonymous>:15:1)
    at C:\Users\UPIC\Local Sites\vpindev\app\public\wp-content\themes\wptheme-vice-unf\node_modules\webpack\lib\Compilation.js:5437:43
    at symbolIterator (C:\Users\UPIC\Local Sites\vpindev\app\public\wp-content\themes\wptheme-vice-unf\node_modules\neo-async\async.js:3482:9)
    at timesSync (C:\Users\UPIC\Local Sites\vpindev\app\public\wp-content\themes\wptheme-vice-unf\node_modules\neo-async\async.js:2297:7)
    at Object.eachLimit (C:\Users\UPIC\Local Sites\vpindev\app\public\wp-content\themes\wptheme-vice-unf\node_modules\neo-async\async.js:3463:5)
    at C:\Users\UPIC\Local Sites\vpindev\app\public\wp-content\themes\wptheme-vice-unf\node_modules\webpack\lib\Compilation.js:5399:16
    at symbolIterator (C:\Users\UPIC\Local Sites\vpindev\app\public\wp-content\themes\wptheme-vice-unf\node_modules\neo-async\async.js:3485:9)
    at timesSync (C:\Users\UPIC\Local Sites\vpindev\app\public\wp-content\themes\wptheme-vice-unf\node_modules\neo-async\async.js:2297:7)
    at Object.eachLimit (C:\Users\UPIC\Local Sites\vpindev\app\public\wp-content\themes\wptheme-vice-unf\node_modules\neo-async\async.js:3463:5)
    at C:\Users\UPIC\Local Sites\vpindev\app\public\wp-content\themes\wptheme-vice-unf\node_modules\webpack\lib\Compilation.js:5367:15
    at symbolIterator (C:\Users\UPIC\Local Sites\vpindev\app\public\wp-content\themes\wptheme-vice-unf\node_modules\neo-async\async.js:3485:9)
    at done (C:\Users\UPIC\Local Sites\vpindev\app\public\wp-content\themes\wptheme-vice-unf\node_modules\neo-async\async.js:3527:9)
    at C:\Users\UPIC\Local Sites\vpindev\app\public\wp-content\themes\wptheme-vice-unf\node_modules\webpack\lib\Compilation.js:5313:8
    at C:\Users\UPIC\Local Sites\vpindev\app\public\wp-content\themes\wptheme-vice-unf\node_modules\webpack\lib\Compilation.js:3713:6
    at C:\Users\UPIC\Local Sites\vpindev\app\public\wp-content\themes\wptheme-vice-unf\node_modules\webpack\lib\HookWebpackError.js:68:2
    at Hook.eval [as callAsync] (eval at create (C:\Users\UPIC\Local Sites\vpindev\app\public\wp-content\themes\wptheme-vice-unf\node_modules\tapable\lib\HookCodeFactory.js:31:10), <anonymous>:6:1)
    at Cache.store (C:\Users\UPIC\Local Sites\vpindev\app\public\wp-content\themes\wptheme-vice-unf\node_modules\webpack\lib\Cache.js:113:20)
    at ItemCacheFacade.store (C:\Users\UPIC\Local Sites\vpindev\app\public\wp-content\themes\wptheme-vice-unf\node_modules\webpack\lib\CacheFacade.js:142:15)
    at C:\Users\UPIC\Local Sites\vpindev\app\public\wp-content\themes\wptheme-vice-unf\node_modules\webpack\lib\Compilation.js:3712:11
    at C:\Users\UPIC\Local Sites\vpindev\app\public\wp-content\themes\wptheme-vice-unf\node_modules\webpack\lib\Cache.js:99:5
    at Hook.eval [as callAsync] (eval at create (C:\Users\UPIC\Local Sites\vpindev\app\public\wp-content\themes\wptheme-vice-unf\node_modules\tapable\lib\HookCodeFactory.js:31:10), <anonymous>:6:1)
    at Cache.get (C:\Users\UPIC\Local Sites\vpindev\app\public\wp-content\themes\wptheme-vice-unf\node_modules\webpack\lib\Cache.js:81:18)
    at ItemCacheFacade.get (C:\Users\UPIC\Local Sites\vpindev\app\public\wp-content\themes\wptheme-vice-unf\node_modules\webpack\lib\CacheFacade.js:116:15)
    at Compilation._codeGenerationModule (C:\Users\UPIC\Local Sites\vpindev\app\public\wp-content\themes\wptheme-vice-unf\node_modules\webpack\lib\Compilation.js:3680:9)
    at codeGen (C:\Users\UPIC\Local Sites\vpindev\app\public\wp-content\themes\wptheme-vice-unf\node_modules\webpack\lib\Compilation.js:5301:11)
    at symbolIterator (C:\Users\UPIC\Local Sites\vpindev\app\public\wp-content\themes\wptheme-vice-unf\node_modules\neo-async\async.js:3482:9)
    at timesSync (C:\Users\UPIC\Local Sites\vpindev\app\public\wp-content\themes\wptheme-vice-unf\node_modules\neo-async\async.js:2297:7)
    at Object.eachLimit (C:\Users\UPIC\Local Sites\vpindev\app\public\wp-content\themes\wptheme-vice-unf\node_modules\neo-async\async.js:3463:5)
    at C:\Users\UPIC\Local Sites\vpindev\app\public\wp-content\themes\wptheme-vice-unf\node_modules\webpack\lib\Compilation.js:5331:14
    at processQueue (C:\Users\UPIC\Local Sites\vpindev\app\public\wp-content\themes\wptheme-vice-unf\node_modules\webpack\lib\util\processAsyncTree.js:61:4)
    at process.processTicksAndRejections (node:internal/process/task_queues:85:11)
-- inner [1m[31merror[39m[22m[1m --
[1m[31mError[39m[22m[1m: Module build [1m[31mfailed[39m[22m[1m (from ./node_modules/sass-loader/dist/cjs.js):
Undefined mixin.
   ÔòÀ
19 Ôöé Ôöî       @include mq(sm) {
20 Ôöé Ôöé         font-size: 1.25rem;
21 Ôöé Ôöé         padding: 0 0.8rem;
22 Ôöé Ôöö       }
   ÔòÁ
  src\blocks\carousel-entities\style.scss 19:7  root stylesheet
    at Object.<anonymous> (C:\Users\UPIC\Local Sites\vpindev\app\public\wp-content\themes\wptheme-vice-unf\node_modules\css-loader\dist\cjs.js??ruleSet[1].rules[3].use[1]!C:\Users\UPIC\Local Sites\vpindev\app\public\wp-content\themes\wptheme-vice-unf\node_modules\postcss-loader\dist\cjs.js??ruleSet[1].rules[3].use[2]!C:\Users\UPIC\Local Sites\vpindev\app\public\wp-content\themes\wptheme-vice-unf\node_modules\sass-loader\dist\cjs.js??ruleSet[1].rules[3].use[3]!C:\Users\UPIC\Local Sites\vpindev\app\public\wp-content\themes\wptheme-vice-unf\src\blocks\carousel-entities\style.scss:1:7)
    at C:\Users\UPIC\Local Sites\vpindev\app\public\wp-content\themes\wptheme-vice-unf\node_modules\webpack\lib\javascript\JavascriptModulesPlugin.js:544:10
    at Hook.eval [as call] (eval at create (C:\Users\UPIC\Local Sites\vpindev\app\public\wp-content\themes\wptheme-vice-unf\node_modules\tapable\lib\HookCodeFactory.js:19:10), <anonymous>:7:1)
    at C:\Users\UPIC\Local Sites\vpindev\app\public\wp-content\themes\wptheme-vice-unf\node_modules\webpack\lib\Compilation.js:5517:39
    at tryRunOrWebpackError (C:\Users\UPIC\Local Sites\vpindev\app\public\wp-content\themes\wptheme-vice-unf\node_modules\webpack\lib\HookWebpackError.js:82:7)
    at __webpack_require_module__ (C:\Users\UPIC\Local Sites\vpindev\app\public\wp-content\themes\wptheme-vice-unf\node_modules\webpack\lib\Compilation.js:5515:12)
    at __webpack_require__ (C:\Users\UPIC\Local Sites\vpindev\app\public\wp-content\themes\wptheme-vice-unf\node_modules\webpack\lib\Compilation.js:5462:18)
    at C:\Users\UPIC\Local Sites\vpindev\app\public\wp-content\themes\wptheme-vice-unf\node_modules\webpack\lib\Compilation.js:5550:20
    at symbolIterator (C:\Users\UPIC\Local Sites\vpindev\app\public\wp-content\themes\wptheme-vice-unf\node_modules\neo-async\async.js:3485:9)
    at done (C:\Users\UPIC\Local Sites\vpindev\app\public\wp-content\themes\wptheme-vice-unf\node_modules\neo-async\async.js:3527:9)
    at Hook.eval [as callAsync] (eval at create (C:\Users\UPIC\Local Sites\vpindev\app\public\wp-content\themes\wptheme-vice-unf\node_modules\tapable\lib\HookCodeFactory.js:31:10), <anonymous>:15:1)
    at C:\Users\UPIC\Local Sites\vpindev\app\public\wp-content\themes\wptheme-vice-unf\node_modules\webpack\lib\Compilation.js:5437:43
    at symbolIterator (C:\Users\UPIC\Local Sites\vpindev\app\public\wp-content\themes\wptheme-vice-unf\node_modules\neo-async\async.js:3482:9)
    at timesSync (C:\Users\UPIC\Local Sites\vpindev\app\public\wp-content\themes\wptheme-vice-unf\node_modules\neo-async\async.js:2297:7)
    at Object.eachLimit (C:\Users\UPIC\Local Sites\vpindev\app\public\wp-content\themes\wptheme-vice-unf\node_modules\neo-async\async.js:3463:5)
    at C:\Users\UPIC\Local Sites\vpindev\app\public\wp-content\themes\wptheme-vice-unf\node_modules\webpack\lib\Compilation.js:5399:16
    at symbolIterator (C:\Users\UPIC\Local Sites\vpindev\app\public\wp-content\themes\wptheme-vice-unf\node_modules\neo-async\async.js:3485:9)
    at timesSync (C:\Users\UPIC\Local Sites\vpindev\app\public\wp-content\themes\wptheme-vice-unf\node_modules\neo-async\async.js:2297:7)
    at Object.eachLimit (C:\Users\UPIC\Local Sites\vpindev\app\public\wp-content\themes\wptheme-vice-unf\node_modules\neo-async\async.js:3463:5)
    at C:\Users\UPIC\Local Sites\vpindev\app\public\wp-content\themes\wptheme-vice-unf\node_modules\webpack\lib\Compilation.js:5367:15
    at symbolIterator (C:\Users\UPIC\Local Sites\vpindev\app\public\wp-content\themes\wptheme-vice-unf\node_modules\neo-async\async.js:3485:9)
    at done (C:\Users\UPIC\Local Sites\vpindev\app\public\wp-content\themes\wptheme-vice-unf\node_modules\neo-async\async.js:3527:9)
    at C:\Users\UPIC\Local Sites\vpindev\app\public\wp-content\themes\wptheme-vice-unf\node_modules\webpack\lib\Compilation.js:5313:8
    at C:\Users\UPIC\Local Sites\vpindev\app\public\wp-content\themes\wptheme-vice-unf\node_modules\webpack\lib\Compilation.js:3713:6
    at C:\Users\UPIC\Local Sites\vpindev\app\public\wp-content\themes\wptheme-vice-unf\node_modules\webpack\lib\HookWebpackError.js:68:2
    at Hook.eval [as callAsync] (eval at create (C:\Users\UPIC\Local Sites\vpindev\app\public\wp-content\themes\wptheme-vice-unf\node_modules\tapable\lib\HookCodeFactory.js:31:10), <anonymous>:6:1)
    at Cache.store (C:\Users\UPIC\Local Sites\vpindev\app\public\wp-content\themes\wptheme-vice-unf\node_modules\webpack\lib\Cache.js:113:20)
    at ItemCacheFacade.store (C:\Users\UPIC\Local Sites\vpindev\app\public\wp-content\themes\wptheme-vice-unf\node_modules\webpack\lib\CacheFacade.js:142:15)
    at C:\Users\UPIC\Local Sites\vpindev\app\public\wp-content\themes\wptheme-vice-unf\node_modules\webpack\lib\Compilation.js:3712:11
    at C:\Users\UPIC\Local Sites\vpindev\app\public\wp-content\themes\wptheme-vice-unf\node_modules\webpack\lib\Cache.js:99:5
    at Hook.eval [as callAsync] (eval at create (C:\Users\UPIC\Local Sites\vpindev\app\public\wp-content\themes\wptheme-vice-unf\node_modules\tapable\lib\HookCodeFactory.js:31:10), <anonymous>:6:1)
    at Cache.get (C:\Users\UPIC\Local Sites\vpindev\app\public\wp-content\themes\wptheme-vice-unf\node_modules\webpack\lib\Cache.js:81:18)
    at ItemCacheFacade.get (C:\Users\UPIC\Local Sites\vpindev\app\public\wp-content\themes\wptheme-vice-unf\node_modules\webpack\lib\CacheFacade.js:116:15)
    at Compilation._codeGenerationModule (C:\Users\UPIC\Local Sites\vpindev\app\public\wp-content\themes\wptheme-vice-unf\node_modules\webpack\lib\Compilation.js:3680:9)
    at codeGen (C:\Users\UPIC\Local Sites\vpindev\app\public\wp-content\themes\wptheme-vice-unf\node_modules\webpack\lib\Compilation.js:5301:11)
    at symbolIterator (C:\Users\UPIC\Local Sites\vpindev\app\public\wp-content\themes\wptheme-vice-unf\node_modules\neo-async\async.js:3482:9)
    at timesSync (C:\Users\UPIC\Local Sites\vpindev\app\public\wp-content\themes\wptheme-vice-unf\node_modules\neo-async\async.js:2297:7)
    at Object.eachLimit (C:\Users\UPIC\Local Sites\vpindev\app\public\wp-content\themes\wptheme-vice-unf\node_modules\neo-async\async.js:3463:5)
    at C:\Users\UPIC\Local Sites\vpindev\app\public\wp-content\themes\wptheme-vice-unf\node_modules\webpack\lib\Compilation.js:5331:14
    at processQueue (C:\Users\UPIC\Local Sites\vpindev\app\public\wp-content\themes\wptheme-vice-unf\node_modules\webpack\lib\util\processAsyncTree.js:61:4)
    at process.processTicksAndRejections (node:internal/process/task_queues:85:11)

Generated code for C:\Users\UPIC\Local Sites\vpindev\app\public\wp-content\themes\wptheme-vice-unf\node_modules\css-loader\dist\cjs.js??ruleSet[1].rules[3].use[1]!C:\Users\UPIC\Local Sites\vpindev\app\public\wp-content\themes\wptheme-vice-unf\node_modules\postcss-loader\dist\cjs.js??ruleSet[1].rules[3].use[2]!C:\Users\UPIC\Local Sites\vpindev\app\public\wp-content\themes\wptheme-vice-unf\node_modules\sass-loader\dist\cjs.js??ruleSet[1].rules[3].use[3]!C:\Users\UPIC\Local Sites\vpindev\app\public\wp-content\themes\wptheme-vice-unf\src\blocks\carousel-entities\style.scss
1 | throw new [1m[31mError[39m[22m[1m("Module build [1m[31mfailed[39m[22m[1m (from ./node_modules/sass-loader/dist/cjs.js):\nUndefined mixin.\n   ÔòÀ\n19 Ôöé Ôöî       @include mq(sm) {\n20 Ôöé Ôöé         font-size: 1.25rem;\n21 Ôöé Ôöé         padding: 0 0.8rem;\n22 Ôöé Ôöö       }\n   ÔòÁ\n  src\\blocks\\carousel-entities\\style.scss 19:7  root stylesheet");[39m[22m
 @ ./src/blocks/carousel-entities/index.js 1:0-22

[1m[31mERROR[39m[22m in [1m./src/blocks/document-list/style.scss[39m[22m
[1mModule build [1m[31mfailed[39m[22m[1m (from ./node_modules/mini-css-extract-plugin/dist/loader.js):
HookWebpackError: Module build [1m[31mfailed[39m[22m[1m (from ./node_modules/sass-loader/dist/cjs.js):
Undefined mixin.
    ÔòÀ
472 Ôöé Ôöî   @include mq(sm) {
473 Ôöé Ôöé     .viceunf-accordion__item {
474 Ôöé Ôöé       flex-wrap: wrap;
475 Ôöé Ôöé     }
476 Ôöé Ôöé 
477 Ôöé Ôöé     .viceunf-accordion__download {
478 Ôöé Ôöé       width: 100%;
479 Ôöé Ôöé       justify-content: center;
480 Ôöé Ôöé     }
481 Ôöé Ôöé 
482 Ôöé Ôöé     .viceunf-accordion__link-text {
483 Ôöé Ôöé       white-space: normal;
484 Ôöé Ôöé     }
485 Ôöé Ôöö   }
    ÔòÁ
  src\blocks\document-list\style.scss 472:3  root stylesheet
    at tryRunOrWebpackError (C:\Users\UPIC\Local Sites\vpindev\app\public\wp-content\themes\wptheme-vice-unf\node_modules\webpack\lib\HookWebpackError.js:87:9)
    at __webpack_require_module__ (C:\Users\UPIC\Local Sites\vpindev\app\public\wp-content\themes\wptheme-vice-unf\node_modules\webpack\lib\Compilation.js:5515:12)
    at __webpack_require__ (C:\Users\UPIC\Local Sites\vpindev\app\public\wp-content\themes\wptheme-vice-unf\node_modules\webpack\lib\Compilation.js:5462:18)
    at C:\Users\UPIC\Local Sites\vpindev\app\public\wp-content\themes\wptheme-vice-unf\node_modules\webpack\lib\Compilation.js:5550:20
    at symbolIterator (C:\Users\UPIC\Local Sites\vpindev\app\public\wp-content\themes\wptheme-vice-unf\node_modules\neo-async\async.js:3485:9)
    at done (C:\Users\UPIC\Local Sites\vpindev\app\public\wp-content\themes\wptheme-vice-unf\node_modules\neo-async\async.js:3527:9)
    at Hook.eval [as callAsync] (eval at create (C:\Users\UPIC\Local Sites\vpindev\app\public\wp-content\themes\wptheme-vice-unf\node_modules\tapable\lib\HookCodeFactory.js:31:10), <anonymous>:15:1)
    at C:\Users\UPIC\Local Sites\vpindev\app\public\wp-content\themes\wptheme-vice-unf\node_modules\webpack\lib\Compilation.js:5437:43
    at symbolIterator (C:\Users\UPIC\Local Sites\vpindev\app\public\wp-content\themes\wptheme-vice-unf\node_modules\neo-async\async.js:3482:9)
    at timesSync (C:\Users\UPIC\Local Sites\vpindev\app\public\wp-content\themes\wptheme-vice-unf\node_modules\neo-async\async.js:2297:7)
    at Object.eachLimit (C:\Users\UPIC\Local Sites\vpindev\app\public\wp-content\themes\wptheme-vice-unf\node_modules\neo-async\async.js:3463:5)
    at C:\Users\UPIC\Local Sites\vpindev\app\public\wp-content\themes\wptheme-vice-unf\node_modules\webpack\lib\Compilation.js:5399:16
    at symbolIterator (C:\Users\UPIC\Local Sites\vpindev\app\public\wp-content\themes\wptheme-vice-unf\node_modules\neo-async\async.js:3485:9)
    at timesSync (C:\Users\UPIC\Local Sites\vpindev\app\public\wp-content\themes\wptheme-vice-unf\node_modules\neo-async\async.js:2297:7)
    at Object.eachLimit (C:\Users\UPIC\Local Sites\vpindev\app\public\wp-content\themes\wptheme-vice-unf\node_modules\neo-async\async.js:3463:5)
    at C:\Users\UPIC\Local Sites\vpindev\app\public\wp-content\themes\wptheme-vice-unf\node_modules\webpack\lib\Compilation.js:5367:15
    at symbolIterator (C:\Users\UPIC\Local Sites\vpindev\app\public\wp-content\themes\wptheme-vice-unf\node_modules\neo-async\async.js:3485:9)
    at done (C:\Users\UPIC\Local Sites\vpindev\app\public\wp-content\themes\wptheme-vice-unf\node_modules\neo-async\async.js:3527:9)
    at C:\Users\UPIC\Local Sites\vpindev\app\public\wp-content\themes\wptheme-vice-unf\node_modules\webpack\lib\Compilation.js:5313:8
    at C:\Users\UPIC\Local Sites\vpindev\app\public\wp-content\themes\wptheme-vice-unf\node_modules\webpack\lib\Compilation.js:3713:6
    at C:\Users\UPIC\Local Sites\vpindev\app\public\wp-content\themes\wptheme-vice-unf\node_modules\webpack\lib\HookWebpackError.js:68:2
    at Hook.eval [as callAsync] (eval at create (C:\Users\UPIC\Local Sites\vpindev\app\public\wp-content\themes\wptheme-vice-unf\node_modules\tapable\lib\HookCodeFactory.js:31:10), <anonymous>:6:1)
    at Cache.store (C:\Users\UPIC\Local Sites\vpindev\app\public\wp-content\themes\wptheme-vice-unf\node_modules\webpack\lib\Cache.js:113:20)
    at ItemCacheFacade.store (C:\Users\UPIC\Local Sites\vpindev\app\public\wp-content\themes\wptheme-vice-unf\node_modules\webpack\lib\CacheFacade.js:142:15)
    at C:\Users\UPIC\Local Sites\vpindev\app\public\wp-content\themes\wptheme-vice-unf\node_modules\webpack\lib\Compilation.js:3712:11
    at C:\Users\UPIC\Local Sites\vpindev\app\public\wp-content\themes\wptheme-vice-unf\node_modules\webpack\lib\Cache.js:99:5
    at Hook.eval [as callAsync] (eval at create (C:\Users\UPIC\Local Sites\vpindev\app\public\wp-content\themes\wptheme-vice-unf\node_modules\tapable\lib\HookCodeFactory.js:31:10), <anonymous>:6:1)
    at Cache.get (C:\Users\UPIC\Local Sites\vpindev\app\public\wp-content\themes\wptheme-vice-unf\node_modules\webpack\lib\Cache.js:81:18)
    at ItemCacheFacade.get (C:\Users\UPIC\Local Sites\vpindev\app\public\wp-content\themes\wptheme-vice-unf\node_modules\webpack\lib\CacheFacade.js:116:15)
    at Compilation._codeGenerationModule (C:\Users\UPIC\Local Sites\vpindev\app\public\wp-content\themes\wptheme-vice-unf\node_modules\webpack\lib\Compilation.js:3680:9)
    at codeGen (C:\Users\UPIC\Local Sites\vpindev\app\public\wp-content\themes\wptheme-vice-unf\node_modules\webpack\lib\Compilation.js:5301:11)
    at symbolIterator (C:\Users\UPIC\Local Sites\vpindev\app\public\wp-content\themes\wptheme-vice-unf\node_modules\neo-async\async.js:3482:9)
    at timesSync (C:\Users\UPIC\Local Sites\vpindev\app\public\wp-content\themes\wptheme-vice-unf\node_modules\neo-async\async.js:2297:7)
    at Object.eachLimit (C:\Users\UPIC\Local Sites\vpindev\app\public\wp-content\themes\wptheme-vice-unf\node_modules\neo-async\async.js:3463:5)
    at C:\Users\UPIC\Local Sites\vpindev\app\public\wp-content\themes\wptheme-vice-unf\node_modules\webpack\lib\Compilation.js:5331:14
    at processQueue (C:\Users\UPIC\Local Sites\vpindev\app\public\wp-content\themes\wptheme-vice-unf\node_modules\webpack\lib\util\processAsyncTree.js:61:4)
    at process.processTicksAndRejections (node:internal/process/task_queues:85:11)
-- inner [1m[31merror[39m[22m[1m --
[1m[31mError[39m[22m[1m: Module build [1m[31mfailed[39m[22m[1m (from ./node_modules/sass-loader/dist/cjs.js):
Undefined mixin.
    ÔòÀ
472 Ôöé Ôöî   @include mq(sm) {
473 Ôöé Ôöé     .viceunf-accordion__item {
474 Ôöé Ôöé       flex-wrap: wrap;
475 Ôöé Ôöé     }
476 Ôöé Ôöé 
477 Ôöé Ôöé     .viceunf-accordion__download {
478 Ôöé Ôöé       width: 100%;
479 Ôöé Ôöé       justify-content: center;
480 Ôöé Ôöé     }
481 Ôöé Ôöé 
482 Ôöé Ôöé     .viceunf-accordion__link-text {
483 Ôöé Ôöé       white-space: normal;
484 Ôöé Ôöé     }
485 Ôöé Ôöö   }
    ÔòÁ
  src\blocks\document-list\style.scss 472:3  root stylesheet
    at Object.<anonymous> (C:\Users\UPIC\Local Sites\vpindev\app\public\wp-content\themes\wptheme-vice-unf\node_modules\css-loader\dist\cjs.js??ruleSet[1].rules[3].use[1]!C:\Users\UPIC\Local Sites\vpindev\app\public\wp-content\themes\wptheme-vice-unf\node_modules\postcss-loader\dist\cjs.js??ruleSet[1].rules[3].use[2]!C:\Users\UPIC\Local Sites\vpindev\app\public\wp-content\themes\wptheme-vice-unf\node_modules\sass-loader\dist\cjs.js??ruleSet[1].rules[3].use[3]!C:\Users\UPIC\Local Sites\vpindev\app\public\wp-content\themes\wptheme-vice-unf\src\blocks\document-list\style.scss:1:7)
    at C:\Users\UPIC\Local Sites\vpindev\app\public\wp-content\themes\wptheme-vice-unf\node_modules\webpack\lib\javascript\JavascriptModulesPlugin.js:544:10
    at Hook.eval [as call] (eval at create (C:\Users\UPIC\Local Sites\vpindev\app\public\wp-content\themes\wptheme-vice-unf\node_modules\tapable\lib\HookCodeFactory.js:19:10), <anonymous>:7:1)
    at C:\Users\UPIC\Local Sites\vpindev\app\public\wp-content\themes\wptheme-vice-unf\node_modules\webpack\lib\Compilation.js:5517:39
    at tryRunOrWebpackError (C:\Users\UPIC\Local Sites\vpindev\app\public\wp-content\themes\wptheme-vice-unf\node_modules\webpack\lib\HookWebpackError.js:82:7)
    at __webpack_require_module__ (C:\Users\UPIC\Local Sites\vpindev\app\public\wp-content\themes\wptheme-vice-unf\node_modules\webpack\lib\Compilation.js:5515:12)
    at __webpack_require__ (C:\Users\UPIC\Local Sites\vpindev\app\public\wp-content\themes\wptheme-vice-unf\node_modules\webpack\lib\Compilation.js:5462:18)
    at C:\Users\UPIC\Local Sites\vpindev\app\public\wp-content\themes\wptheme-vice-unf\node_modules\webpack\lib\Compilation.js:5550:20
    at symbolIterator (C:\Users\UPIC\Local Sites\vpindev\app\public\wp-content\themes\wptheme-vice-unf\node_modules\neo-async\async.js:3485:9)
    at done (C:\Users\UPIC\Local Sites\vpindev\app\public\wp-content\themes\wptheme-vice-unf\node_modules\neo-async\async.js:3527:9)
    at Hook.eval [as callAsync] (eval at create (C:\Users\UPIC\Local Sites\vpindev\app\public\wp-content\themes\wptheme-vice-unf\node_modules\tapable\lib\HookCodeFactory.js:31:10), <anonymous>:15:1)
    at C:\Users\UPIC\Local Sites\vpindev\app\public\wp-content\themes\wptheme-vice-unf\node_modules\webpack\lib\Compilation.js:5437:43
    at symbolIterator (C:\Users\UPIC\Local Sites\vpindev\app\public\wp-content\themes\wptheme-vice-unf\node_modules\neo-async\async.js:3482:9)
    at timesSync (C:\Users\UPIC\Local Sites\vpindev\app\public\wp-content\themes\wptheme-vice-unf\node_modules\neo-async\async.js:2297:7)
    at Object.eachLimit (C:\Users\UPIC\Local Sites\vpindev\app\public\wp-content\themes\wptheme-vice-unf\node_modules\neo-async\async.js:3463:5)
    at C:\Users\UPIC\Local Sites\vpindev\app\public\wp-content\themes\wptheme-vice-unf\node_modules\webpack\lib\Compilation.js:5399:16
    at symbolIterator (C:\Users\UPIC\Local Sites\vpindev\app\public\wp-content\themes\wptheme-vice-unf\node_modules\neo-async\async.js:3485:9)
    at timesSync (C:\Users\UPIC\Local Sites\vpindev\app\public\wp-content\themes\wptheme-vice-unf\node_modules\neo-async\async.js:2297:7)
    at Object.eachLimit (C:\Users\UPIC\Local Sites\vpindev\app\public\wp-content\themes\wptheme-vice-unf\node_modules\neo-async\async.js:3463:5)
    at C:\Users\UPIC\Local Sites\vpindev\app\public\wp-content\themes\wptheme-vice-unf\node_modules\webpack\lib\Compilation.js:5367:15
    at symbolIterator (C:\Users\UPIC\Local Sites\vpindev\app\public\wp-content\themes\wptheme-vice-unf\node_modules\neo-async\async.js:3485:9)
    at done (C:\Users\UPIC\Local Sites\vpindev\app\public\wp-content\themes\wptheme-vice-unf\node_modules\neo-async\async.js:3527:9)
    at C:\Users\UPIC\Local Sites\vpindev\app\public\wp-content\themes\wptheme-vice-unf\node_modules\webpack\lib\Compilation.js:5313:8
    at C:\Users\UPIC\Local Sites\vpindev\app\public\wp-content\themes\wptheme-vice-unf\node_modules\webpack\lib\Compilation.js:3713:6
    at C:\Users\UPIC\Local Sites\vpindev\app\public\wp-content\themes\wptheme-vice-unf\node_modules\webpack\lib\HookWebpackError.js:68:2
    at Hook.eval [as callAsync] (eval at create (C:\Users\UPIC\Local Sites\vpindev\app\public\wp-content\themes\wptheme-vice-unf\node_modules\tapable\lib\HookCodeFactory.js:31:10), <anonymous>:6:1)
    at Cache.store (C:\Users\UPIC\Local Sites\vpindev\app\public\wp-content\themes\wptheme-vice-unf\node_modules\webpack\lib\Cache.js:113:20)
    at ItemCacheFacade.store (C:\Users\UPIC\Local Sites\vpindev\app\public\wp-content\themes\wptheme-vice-unf\node_modules\webpack\lib\CacheFacade.js:142:15)
    at C:\Users\UPIC\Local Sites\vpindev\app\public\wp-content\themes\wptheme-vice-unf\node_modules\webpack\lib\Compilation.js:3712:11
    at C:\Users\UPIC\Local Sites\vpindev\app\public\wp-content\themes\wptheme-vice-unf\node_modules\webpack\lib\Cache.js:99:5
    at Hook.eval [as callAsync] (eval at create (C:\Users\UPIC\Local Sites\vpindev\app\public\wp-content\themes\wptheme-vice-unf\node_modules\tapable\lib\HookCodeFactory.js:31:10), <anonymous>:6:1)
    at Cache.get (C:\Users\UPIC\Local Sites\vpindev\app\public\wp-content\themes\wptheme-vice-unf\node_modules\webpack\lib\Cache.js:81:18)
    at ItemCacheFacade.get (C:\Users\UPIC\Local Sites\vpindev\app\public\wp-content\themes\wptheme-vice-unf\node_modules\webpack\lib\CacheFacade.js:116:15)
    at Compilation._codeGenerationModule (C:\Users\UPIC\Local Sites\vpindev\app\public\wp-content\themes\wptheme-vice-unf\node_modules\webpack\lib\Compilation.js:3680:9)
    at codeGen (C:\Users\UPIC\Local Sites\vpindev\app\public\wp-content\themes\wptheme-vice-unf\node_modules\webpack\lib\Compilation.js:5301:11)
    at symbolIterator (C:\Users\UPIC\Local Sites\vpindev\app\public\wp-content\themes\wptheme-vice-unf\node_modules\neo-async\async.js:3482:9)
    at timesSync (C:\Users\UPIC\Local Sites\vpindev\app\public\wp-content\themes\wptheme-vice-unf\node_modules\neo-async\async.js:2297:7)
    at Object.eachLimit (C:\Users\UPIC\Local Sites\vpindev\app\public\wp-content\themes\wptheme-vice-unf\node_modules\neo-async\async.js:3463:5)
    at C:\Users\UPIC\Local Sites\vpindev\app\public\wp-content\themes\wptheme-vice-unf\node_modules\webpack\lib\Compilation.js:5331:14
    at processQueue (C:\Users\UPIC\Local Sites\vpindev\app\public\wp-content\themes\wptheme-vice-unf\node_modules\webpack\lib\util\processAsyncTree.js:61:4)
    at process.processTicksAndRejections (node:internal/process/task_queues:85:11)

Generated code for C:\Users\UPIC\Local Sites\vpindev\app\public\wp-content\themes\wptheme-vice-unf\node_modules\css-loader\dist\cjs.js??ruleSet[1].rules[3].use[1]!C:\Users\UPIC\Local Sites\vpindev\app\public\wp-content\themes\wptheme-vice-unf\node_modules\postcss-loader\dist\cjs.js??ruleSet[1].rules[3].use[2]!C:\Users\UPIC\Local Sites\vpindev\app\public\wp-content\themes\wptheme-vice-unf\node_modules\sass-loader\dist\cjs.js??ruleSet[1].rules[3].use[3]!C:\Users\UPIC\Local Sites\vpindev\app\public\wp-content\themes\wptheme-vice-unf\src\blocks\document-list\style.scss
1 | throw new [1m[31mError[39m[22m[1m("Module build [1m[31mfailed[39m[22m[1m (from ./node_modules/sass-loader/dist/cjs.js):\nUndefined mixin.\n    ÔòÀ\n472 Ôöé Ôöî   @include mq(sm) {\n473 Ôöé Ôöé     .viceunf-accordion__item {\n474 Ôöé Ôöé       flex-wrap: wrap;\n475 Ôöé Ôöé     }\n476 Ôöé Ôöé \n477 Ôöé Ôöé     .viceunf-accordion__download {\n478 Ôöé Ôöé       width: 100%;\n479 Ôöé Ôöé       justify-content: center;\n480 Ôöé Ôöé     }\n481 Ôöé Ôöé \n482 Ôöé Ôöé     .viceunf-accordion__link-text {\n483 Ôöé Ôöé       white-space: normal;\n484 Ôöé Ôöé     }\n485 Ôöé Ôöö   }\n    ÔòÁ\n  src\\blocks\\document-list\\style.scss 472:3  root stylesheet");[39m[22m
 @ ./src/blocks/document-list/index.js 4:0-22

[1m[31mERROR[39m[22m in [1m./src/blocks/event-schedule/style.scss[39m[22m
[1mModule build [1m[31mfailed[39m[22m[1m (from ./node_modules/mini-css-extract-plugin/dist/loader.js):
HookWebpackError: Module build [1m[31mfailed[39m[22m[1m (from ./node_modules/sass-loader/dist/cjs.js):
Undefined mixin.
   ÔòÀ
17 Ôöé Ôöî         @include mq(md) {
18 Ôöé Ôöé             grid-template-columns: repeat(2, 1fr);
19 Ôöé Ôöö         }
   ÔòÁ
  src\blocks\event-schedule\style.scss 17:3  root stylesheet
    at tryRunOrWebpackError (C:\Users\UPIC\Local Sites\vpindev\app\public\wp-content\themes\wptheme-vice-unf\node_modules\webpack\lib\HookWebpackError.js:87:9)
    at __webpack_require_module__ (C:\Users\UPIC\Local Sites\vpindev\app\public\wp-content\themes\wptheme-vice-unf\node_modules\webpack\lib\Compilation.js:5515:12)
    at __webpack_require__ (C:\Users\UPIC\Local Sites\vpindev\app\public\wp-content\themes\wptheme-vice-unf\node_modules\webpack\lib\Compilation.js:5462:18)
    at C:\Users\UPIC\Local Sites\vpindev\app\public\wp-content\themes\wptheme-vice-unf\node_modules\webpack\lib\Compilation.js:5550:20
    at symbolIterator (C:\Users\UPIC\Local Sites\vpindev\app\public\wp-content\themes\wptheme-vice-unf\node_modules\neo-async\async.js:3485:9)
    at done (C:\Users\UPIC\Local Sites\vpindev\app\public\wp-content\themes\wptheme-vice-unf\node_modules\neo-async\async.js:3527:9)
    at Hook.eval [as callAsync] (eval at create (C:\Users\UPIC\Local Sites\vpindev\app\public\wp-content\themes\wptheme-vice-unf\node_modules\tapable\lib\HookCodeFactory.js:31:10), <anonymous>:15:1)
    at C:\Users\UPIC\Local Sites\vpindev\app\public\wp-content\themes\wptheme-vice-unf\node_modules\webpack\lib\Compilation.js:5437:43
    at symbolIterator (C:\Users\UPIC\Local Sites\vpindev\app\public\wp-content\themes\wptheme-vice-unf\node_modules\neo-async\async.js:3482:9)
    at timesSync (C:\Users\UPIC\Local Sites\vpindev\app\public\wp-content\themes\wptheme-vice-unf\node_modules\neo-async\async.js:2297:7)
    at Object.eachLimit (C:\Users\UPIC\Local Sites\vpindev\app\public\wp-content\themes\wptheme-vice-unf\node_modules\neo-async\async.js:3463:5)
    at C:\Users\UPIC\Local Sites\vpindev\app\public\wp-content\themes\wptheme-vice-unf\node_modules\webpack\lib\Compilation.js:5399:16
    at symbolIterator (C:\Users\UPIC\Local Sites\vpindev\app\public\wp-content\themes\wptheme-vice-unf\node_modules\neo-async\async.js:3485:9)
    at timesSync (C:\Users\UPIC\Local Sites\vpindev\app\public\wp-content\themes\wptheme-vice-unf\node_modules\neo-async\async.js:2297:7)
    at Object.eachLimit (C:\Users\UPIC\Local Sites\vpindev\app\public\wp-content\themes\wptheme-vice-unf\node_modules\neo-async\async.js:3463:5)
    at C:\Users\UPIC\Local Sites\vpindev\app\public\wp-content\themes\wptheme-vice-unf\node_modules\webpack\lib\Compilation.js:5367:15
    at symbolIterator (C:\Users\UPIC\Local Sites\vpindev\app\public\wp-content\themes\wptheme-vice-unf\node_modules\neo-async\async.js:3485:9)
    at done (C:\Users\UPIC\Local Sites\vpindev\app\public\wp-content\themes\wptheme-vice-unf\node_modules\neo-async\async.js:3527:9)
    at C:\Users\UPIC\Local Sites\vpindev\app\public\wp-content\themes\wptheme-vice-unf\node_modules\webpack\lib\Compilation.js:5313:8
    at C:\Users\UPIC\Local Sites\vpindev\app\public\wp-content\themes\wptheme-vice-unf\node_modules\webpack\lib\Compilation.js:3713:6
    at C:\Users\UPIC\Local Sites\vpindev\app\public\wp-content\themes\wptheme-vice-unf\node_modules\webpack\lib\HookWebpackError.js:68:2
    at Hook.eval [as callAsync] (eval at create (C:\Users\UPIC\Local Sites\vpindev\app\public\wp-content\themes\wptheme-vice-unf\node_modules\tapable\lib\HookCodeFactory.js:31:10), <anonymous>:6:1)
    at Cache.store (C:\Users\UPIC\Local Sites\vpindev\app\public\wp-content\themes\wptheme-vice-unf\node_modules\webpack\lib\Cache.js:113:20)
    at ItemCacheFacade.store (C:\Users\UPIC\Local Sites\vpindev\app\public\wp-content\themes\wptheme-vice-unf\node_modules\webpack\lib\CacheFacade.js:142:15)
    at C:\Users\UPIC\Local Sites\vpindev\app\public\wp-content\themes\wptheme-vice-unf\node_modules\webpack\lib\Compilation.js:3712:11
    at C:\Users\UPIC\Local Sites\vpindev\app\public\wp-content\themes\wptheme-vice-unf\node_modules\webpack\lib\Cache.js:99:5
    at Hook.eval [as callAsync] (eval at create (C:\Users\UPIC\Local Sites\vpindev\app\public\wp-content\themes\wptheme-vice-unf\node_modules\tapable\lib\HookCodeFactory.js:31:10), <anonymous>:6:1)
    at Cache.get (C:\Users\UPIC\Local Sites\vpindev\app\public\wp-content\themes\wptheme-vice-unf\node_modules\webpack\lib\Cache.js:81:18)
    at ItemCacheFacade.get (C:\Users\UPIC\Local Sites\vpindev\app\public\wp-content\themes\wptheme-vice-unf\node_modules\webpack\lib\CacheFacade.js:116:15)
    at Compilation._codeGenerationModule (C:\Users\UPIC\Local Sites\vpindev\app\public\wp-content\themes\wptheme-vice-unf\node_modules\webpack\lib\Compilation.js:3680:9)
    at codeGen (C:\Users\UPIC\Local Sites\vpindev\app\public\wp-content\themes\wptheme-vice-unf\node_modules\webpack\lib\Compilation.js:5301:11)
    at symbolIterator (C:\Users\UPIC\Local Sites\vpindev\app\public\wp-content\themes\wptheme-vice-unf\node_modules\neo-async\async.js:3482:9)
    at timesSync (C:\Users\UPIC\Local Sites\vpindev\app\public\wp-content\themes\wptheme-vice-unf\node_modules\neo-async\async.js:2297:7)
    at Object.eachLimit (C:\Users\UPIC\Local Sites\vpindev\app\public\wp-content\themes\wptheme-vice-unf\node_modules\neo-async\async.js:3463:5)
    at C:\Users\UPIC\Local Sites\vpindev\app\public\wp-content\themes\wptheme-vice-unf\node_modules\webpack\lib\Compilation.js:5331:14
    at processQueue (C:\Users\UPIC\Local Sites\vpindev\app\public\wp-content\themes\wptheme-vice-unf\node_modules\webpack\lib\util\processAsyncTree.js:61:4)
    at process.processTicksAndRejections (node:internal/process/task_queues:85:11)
-- inner [1m[31merror[39m[22m[1m --
[1m[31mError[39m[22m[1m: Module build [1m[31mfailed[39m[22m[1m (from ./node_modules/sass-loader/dist/cjs.js):
Undefined mixin.
   ÔòÀ
17 Ôöé Ôöî         @include mq(md) {
18 Ôöé Ôöé             grid-template-columns: repeat(2, 1fr);
19 Ôöé Ôöö         }
   ÔòÁ
  src\blocks\event-schedule\style.scss 17:3  root stylesheet
    at Object.<anonymous> (C:\Users\UPIC\Local Sites\vpindev\app\public\wp-content\themes\wptheme-vice-unf\node_modules\css-loader\dist\cjs.js??ruleSet[1].rules[3].use[1]!C:\Users\UPIC\Local Sites\vpindev\app\public\wp-content\themes\wptheme-vice-unf\node_modules\postcss-loader\dist\cjs.js??ruleSet[1].rules[3].use[2]!C:\Users\UPIC\Local Sites\vpindev\app\public\wp-content\themes\wptheme-vice-unf\node_modules\sass-loader\dist\cjs.js??ruleSet[1].rules[3].use[3]!C:\Users\UPIC\Local Sites\vpindev\app\public\wp-content\themes\wptheme-vice-unf\src\blocks\event-schedule\style.scss:1:7)
    at C:\Users\UPIC\Local Sites\vpindev\app\public\wp-content\themes\wptheme-vice-unf\node_modules\webpack\lib\javascript\JavascriptModulesPlugin.js:544:10
    at Hook.eval [as call] (eval at create (C:\Users\UPIC\Local Sites\vpindev\app\public\wp-content\themes\wptheme-vice-unf\node_modules\tapable\lib\HookCodeFactory.js:19:10), <anonymous>:7:1)
    at C:\Users\UPIC\Local Sites\vpindev\app\public\wp-content\themes\wptheme-vice-unf\node_modules\webpack\lib\Compilation.js:5517:39
    at tryRunOrWebpackError (C:\Users\UPIC\Local Sites\vpindev\app\public\wp-content\themes\wptheme-vice-unf\node_modules\webpack\lib\HookWebpackError.js:82:7)
    at __webpack_require_module__ (C:\Users\UPIC\Local Sites\vpindev\app\public\wp-content\themes\wptheme-vice-unf\node_modules\webpack\lib\Compilation.js:5515:12)
    at __webpack_require__ (C:\Users\UPIC\Local Sites\vpindev\app\public\wp-content\themes\wptheme-vice-unf\node_modules\webpack\lib\Compilation.js:5462:18)
    at C:\Users\UPIC\Local Sites\vpindev\app\public\wp-content\themes\wptheme-vice-unf\node_modules\webpack\lib\Compilation.js:5550:20
    at symbolIterator (C:\Users\UPIC\Local Sites\vpindev\app\public\wp-content\themes\wptheme-vice-unf\node_modules\neo-async\async.js:3485:9)
    at done (C:\Users\UPIC\Local Sites\vpindev\app\public\wp-content\themes\wptheme-vice-unf\node_modules\neo-async\async.js:3527:9)
    at Hook.eval [as callAsync] (eval at create (C:\Users\UPIC\Local Sites\vpindev\app\public\wp-content\themes\wptheme-vice-unf\node_modules\tapable\lib\HookCodeFactory.js:31:10), <anonymous>:15:1)
    at C:\Users\UPIC\Local Sites\vpindev\app\public\wp-content\themes\wptheme-vice-unf\node_modules\webpack\lib\Compilation.js:5437:43
    at symbolIterator (C:\Users\UPIC\Local Sites\vpindev\app\public\wp-content\themes\wptheme-vice-unf\node_modules\neo-async\async.js:3482:9)
    at timesSync (C:\Users\UPIC\Local Sites\vpindev\app\public\wp-content\themes\wptheme-vice-unf\node_modules\neo-async\async.js:2297:7)
    at Object.eachLimit (C:\Users\UPIC\Local Sites\vpindev\app\public\wp-content\themes\wptheme-vice-unf\node_modules\neo-async\async.js:3463:5)
    at C:\Users\UPIC\Local Sites\vpindev\app\public\wp-content\themes\wptheme-vice-unf\node_modules\webpack\lib\Compilation.js:5399:16
    at symbolIterator (C:\Users\UPIC\Local Sites\vpindev\app\public\wp-content\themes\wptheme-vice-unf\node_modules\neo-async\async.js:3485:9)
    at timesSync (C:\Users\UPIC\Local Sites\vpindev\app\public\wp-content\themes\wptheme-vice-unf\node_modules\neo-async\async.js:2297:7)
    at Object.eachLimit (C:\Users\UPIC\Local Sites\vpindev\app\public\wp-content\themes\wptheme-vice-unf\node_modules\neo-async\async.js:3463:5)
    at C:\Users\UPIC\Local Sites\vpindev\app\public\wp-content\themes\wptheme-vice-unf\node_modules\webpack\lib\Compilation.js:5367:15
    at symbolIterator (C:\Users\UPIC\Local Sites\vpindev\app\public\wp-content\themes\wptheme-vice-unf\node_modules\neo-async\async.js:3485:9)
    at done (C:\Users\UPIC\Local Sites\vpindev\app\public\wp-content\themes\wptheme-vice-unf\node_modules\neo-async\async.js:3527:9)
    at C:\Users\UPIC\Local Sites\vpindev\app\public\wp-content\themes\wptheme-vice-unf\node_modules\webpack\lib\Compilation.js:5313:8
    at C:\Users\UPIC\Local Sites\vpindev\app\public\wp-content\themes\wptheme-vice-unf\node_modules\webpack\lib\Compilation.js:3713:6
    at C:\Users\UPIC\Local Sites\vpindev\app\public\wp-content\themes\wptheme-vice-unf\node_modules\webpack\lib\HookWebpackError.js:68:2
    at Hook.eval [as callAsync] (eval at create (C:\Users\UPIC\Local Sites\vpindev\app\public\wp-content\themes\wptheme-vice-unf\node_modules\tapable\lib\HookCodeFactory.js:31:10), <anonymous>:6:1)
    at Cache.store (C:\Users\UPIC\Local Sites\vpindev\app\public\wp-content\themes\wptheme-vice-unf\node_modules\webpack\lib\Cache.js:113:20)
    at ItemCacheFacade.store (C:\Users\UPIC\Local Sites\vpindev\app\public\wp-content\themes\wptheme-vice-unf\node_modules\webpack\lib\CacheFacade.js:142:15)
    at C:\Users\UPIC\Local Sites\vpindev\app\public\wp-content\themes\wptheme-vice-unf\node_modules\webpack\lib\Compilation.js:3712:11
    at C:\Users\UPIC\Local Sites\vpindev\app\public\wp-content\themes\wptheme-vice-unf\node_modules\webpack\lib\Cache.js:99:5
    at Hook.eval [as callAsync] (eval at create (C:\Users\UPIC\Local Sites\vpindev\app\public\wp-content\themes\wptheme-vice-unf\node_modules\tapable\lib\HookCodeFactory.js:31:10), <anonymous>:6:1)
    at Cache.get (C:\Users\UPIC\Local Sites\vpindev\app\public\wp-content\themes\wptheme-vice-unf\node_modules\webpack\lib\Cache.js:81:18)
    at ItemCacheFacade.get (C:\Users\UPIC\Local Sites\vpindev\app\public\wp-content\themes\wptheme-vice-unf\node_modules\webpack\lib\CacheFacade.js:116:15)
    at Compilation._codeGenerationModule (C:\Users\UPIC\Local Sites\vpindev\app\public\wp-content\themes\wptheme-vice-unf\node_modules\webpack\lib\Compilation.js:3680:9)
    at codeGen (C:\Users\UPIC\Local Sites\vpindev\app\public\wp-content\themes\wptheme-vice-unf\node_modules\webpack\lib\Compilation.js:5301:11)
    at symbolIterator (C:\Users\UPIC\Local Sites\vpindev\app\public\wp-content\themes\wptheme-vice-unf\node_modules\neo-async\async.js:3482:9)
    at timesSync (C:\Users\UPIC\Local Sites\vpindev\app\public\wp-content\themes\wptheme-vice-unf\node_modules\neo-async\async.js:2297:7)
    at Object.eachLimit (C:\Users\UPIC\Local Sites\vpindev\app\public\wp-content\themes\wptheme-vice-unf\node_modules\neo-async\async.js:3463:5)
    at C:\Users\UPIC\Local Sites\vpindev\app\public\wp-content\themes\wptheme-vice-unf\node_modules\webpack\lib\Compilation.js:5331:14
    at processQueue (C:\Users\UPIC\Local Sites\vpindev\app\public\wp-content\themes\wptheme-vice-unf\node_modules\webpack\lib\util\processAsyncTree.js:61:4)
    at process.processTicksAndRejections (node:internal/process/task_queues:85:11)

Generated code for C:\Users\UPIC\Local Sites\vpindev\app\public\wp-content\themes\wptheme-vice-unf\node_modules\css-loader\dist\cjs.js??ruleSet[1].rules[3].use[1]!C:\Users\UPIC\Local Sites\vpindev\app\public\wp-content\themes\wptheme-vice-unf\node_modules\postcss-loader\dist\cjs.js??ruleSet[1].rules[3].use[2]!C:\Users\UPIC\Local Sites\vpindev\app\public\wp-content\themes\wptheme-vice-unf\node_modules\sass-loader\dist\cjs.js??ruleSet[1].rules[3].use[3]!C:\Users\UPIC\Local Sites\vpindev\app\public\wp-content\themes\wptheme-vice-unf\src\blocks\event-schedule\style.scss
1 | throw new [1m[31mError[39m[22m[1m("Module build [1m[31mfailed[39m[22m[1m (from ./node_modules/sass-loader/dist/cjs.js):\nUndefined mixin.\n   ÔòÀ\n17 Ôöé Ôöî         @include mq(md) {\n18 Ôöé Ôöé             grid-template-columns: repeat(2, 1fr);\n19 Ôöé Ôöö         }\n   ÔòÁ\n  src\\blocks\\event-schedule\\style.scss 17:3  root stylesheet");[39m[22m
 @ ./src/blocks/event-schedule/index.js 1:0-22

[1m[31mERROR[39m[22m in [1m./src/blocks/footer-cta/style.scss[39m[22m
[1mModule build [1m[31mfailed[39m[22m[1m (from ./node_modules/mini-css-extract-plugin/dist/loader.js):
HookWebpackError: Module build [1m[31mfailed[39m[22m[1m (from ./node_modules/sass-loader/dist/cjs.js):
Undefined mixin.
   ÔòÀ
36 Ôöé Ôöî         @include mq(sm) {
37 Ôöé Ôöé             width: 100%;
38 Ôöé Ôöé             text-align: center;
39 Ôöé Ôöö         }
   ÔòÁ
  src\blocks\footer-cta\style.scss 36:3  root stylesheet
    at tryRunOrWebpackError (C:\Users\UPIC\Local Sites\vpindev\app\public\wp-content\themes\wptheme-vice-unf\node_modules\webpack\lib\HookWebpackError.js:87:9)
    at __webpack_require_module__ (C:\Users\UPIC\Local Sites\vpindev\app\public\wp-content\themes\wptheme-vice-unf\node_modules\webpack\lib\Compilation.js:5515:12)
    at __webpack_require__ (C:\Users\UPIC\Local Sites\vpindev\app\public\wp-content\themes\wptheme-vice-unf\node_modules\webpack\lib\Compilation.js:5462:18)
    at C:\Users\UPIC\Local Sites\vpindev\app\public\wp-content\themes\wptheme-vice-unf\node_modules\webpack\lib\Compilation.js:5550:20
    at symbolIterator (C:\Users\UPIC\Local Sites\vpindev\app\public\wp-content\themes\wptheme-vice-unf\node_modules\neo-async\async.js:3485:9)
    at done (C:\Users\UPIC\Local Sites\vpindev\app\public\wp-content\themes\wptheme-vice-unf\node_modules\neo-async\async.js:3527:9)
    at Hook.eval [as callAsync] (eval at create (C:\Users\UPIC\Local Sites\vpindev\app\public\wp-content\themes\wptheme-vice-unf\node_modules\tapable\lib\HookCodeFactory.js:31:10), <anonymous>:15:1)
    at C:\Users\UPIC\Local Sites\vpindev\app\public\wp-content\themes\wptheme-vice-unf\node_modules\webpack\lib\Compilation.js:5437:43
    at symbolIterator (C:\Users\UPIC\Local Sites\vpindev\app\public\wp-content\themes\wptheme-vice-unf\node_modules\neo-async\async.js:3482:9)
    at timesSync (C:\Users\UPIC\Local Sites\vpindev\app\public\wp-content\themes\wptheme-vice-unf\node_modules\neo-async\async.js:2297:7)
    at Object.eachLimit (C:\Users\UPIC\Local Sites\vpindev\app\public\wp-content\themes\wptheme-vice-unf\node_modules\neo-async\async.js:3463:5)
    at C:\Users\UPIC\Local Sites\vpindev\app\public\wp-content\themes\wptheme-vice-unf\node_modules\webpack\lib\Compilation.js:5399:16
    at symbolIterator (C:\Users\UPIC\Local Sites\vpindev\app\public\wp-content\themes\wptheme-vice-unf\node_modules\neo-async\async.js:3485:9)
    at timesSync (C:\Users\UPIC\Local Sites\vpindev\app\public\wp-content\themes\wptheme-vice-unf\node_modules\neo-async\async.js:2297:7)
    at Object.eachLimit (C:\Users\UPIC\Local Sites\vpindev\app\public\wp-content\themes\wptheme-vice-unf\node_modules\neo-async\async.js:3463:5)
    at C:\Users\UPIC\Local Sites\vpindev\app\public\wp-content\themes\wptheme-vice-unf\node_modules\webpack\lib\Compilation.js:5367:15
    at symbolIterator (C:\Users\UPIC\Local Sites\vpindev\app\public\wp-content\themes\wptheme-vice-unf\node_modules\neo-async\async.js:3485:9)
    at done (C:\Users\UPIC\Local Sites\vpindev\app\public\wp-content\themes\wptheme-vice-unf\node_modules\neo-async\async.js:3527:9)
    at C:\Users\UPIC\Local Sites\vpindev\app\public\wp-content\themes\wptheme-vice-unf\node_modules\webpack\lib\Compilation.js:5313:8
    at C:\Users\UPIC\Local Sites\vpindev\app\public\wp-content\themes\wptheme-vice-unf\node_modules\webpack\lib\Compilation.js:3713:6
    at C:\Users\UPIC\Local Sites\vpindev\app\public\wp-content\themes\wptheme-vice-unf\node_modules\webpack\lib\HookWebpackError.js:68:2
    at Hook.eval [as callAsync] (eval at create (C:\Users\UPIC\Local Sites\vpindev\app\public\wp-content\themes\wptheme-vice-unf\node_modules\tapable\lib\HookCodeFactory.js:31:10), <anonymous>:6:1)
    at Cache.store (C:\Users\UPIC\Local Sites\vpindev\app\public\wp-content\themes\wptheme-vice-unf\node_modules\webpack\lib\Cache.js:113:20)
    at ItemCacheFacade.store (C:\Users\UPIC\Local Sites\vpindev\app\public\wp-content\themes\wptheme-vice-unf\node_modules\webpack\lib\CacheFacade.js:142:15)
    at C:\Users\UPIC\Local Sites\vpindev\app\public\wp-content\themes\wptheme-vice-unf\node_modules\webpack\lib\Compilation.js:3712:11
    at C:\Users\UPIC\Local Sites\vpindev\app\public\wp-content\themes\wptheme-vice-unf\node_modules\webpack\lib\Cache.js:99:5
    at Hook.eval [as callAsync] (eval at create (C:\Users\UPIC\Local Sites\vpindev\app\public\wp-content\themes\wptheme-vice-unf\node_modules\tapable\lib\HookCodeFactory.js:31:10), <anonymous>:6:1)
    at Cache.get (C:\Users\UPIC\Local Sites\vpindev\app\public\wp-content\themes\wptheme-vice-unf\node_modules\webpack\lib\Cache.js:81:18)
    at ItemCacheFacade.get (C:\Users\UPIC\Local Sites\vpindev\app\public\wp-content\themes\wptheme-vice-unf\node_modules\webpack\lib\CacheFacade.js:116:15)
    at Compilation._codeGenerationModule (C:\Users\UPIC\Local Sites\vpindev\app\public\wp-content\themes\wptheme-vice-unf\node_modules\webpack\lib\Compilation.js:3680:9)
    at codeGen (C:\Users\UPIC\Local Sites\vpindev\app\public\wp-content\themes\wptheme-vice-unf\node_modules\webpack\lib\Compilation.js:5301:11)
    at symbolIterator (C:\Users\UPIC\Local Sites\vpindev\app\public\wp-content\themes\wptheme-vice-unf\node_modules\neo-async\async.js:3482:9)
    at timesSync (C:\Users\UPIC\Local Sites\vpindev\app\public\wp-content\themes\wptheme-vice-unf\node_modules\neo-async\async.js:2297:7)
    at Object.eachLimit (C:\Users\UPIC\Local Sites\vpindev\app\public\wp-content\themes\wptheme-vice-unf\node_modules\neo-async\async.js:3463:5)
    at C:\Users\UPIC\Local Sites\vpindev\app\public\wp-content\themes\wptheme-vice-unf\node_modules\webpack\lib\Compilation.js:5331:14
    at processQueue (C:\Users\UPIC\Local Sites\vpindev\app\public\wp-content\themes\wptheme-vice-unf\node_modules\webpack\lib\util\processAsyncTree.js:61:4)
    at process.processTicksAndRejections (node:internal/process/task_queues:85:11)
-- inner [1m[31merror[39m[22m[1m --
[1m[31mError[39m[22m[1m: Module build [1m[31mfailed[39m[22m[1m (from ./node_modules/sass-loader/dist/cjs.js):
Undefined mixin.
   ÔòÀ
36 Ôöé Ôöî         @include mq(sm) {
37 Ôöé Ôöé             width: 100%;
38 Ôöé Ôöé             text-align: center;
39 Ôöé Ôöö         }
   ÔòÁ
  src\blocks\footer-cta\style.scss 36:3  root stylesheet
    at Object.<anonymous> (C:\Users\UPIC\Local Sites\vpindev\app\public\wp-content\themes\wptheme-vice-unf\node_modules\css-loader\dist\cjs.js??ruleSet[1].rules[3].use[1]!C:\Users\UPIC\Local Sites\vpindev\app\public\wp-content\themes\wptheme-vice-unf\node_modules\postcss-loader\dist\cjs.js??ruleSet[1].rules[3].use[2]!C:\Users\UPIC\Local Sites\vpindev\app\public\wp-content\themes\wptheme-vice-unf\node_modules\sass-loader\dist\cjs.js??ruleSet[1].rules[3].use[3]!C:\Users\UPIC\Local Sites\vpindev\app\public\wp-content\themes\wptheme-vice-unf\src\blocks\footer-cta\style.scss:1:7)
    at C:\Users\UPIC\Local Sites\vpindev\app\public\wp-content\themes\wptheme-vice-unf\node_modules\webpack\lib\javascript\JavascriptModulesPlugin.js:544:10
    at Hook.eval [as call] (eval at create (C:\Users\UPIC\Local Sites\vpindev\app\public\wp-content\themes\wptheme-vice-unf\node_modules\tapable\lib\HookCodeFactory.js:19:10), <anonymous>:7:1)
    at C:\Users\UPIC\Local Sites\vpindev\app\public\wp-content\themes\wptheme-vice-unf\node_modules\webpack\lib\Compilation.js:5517:39
    at tryRunOrWebpackError (C:\Users\UPIC\Local Sites\vpindev\app\public\wp-content\themes\wptheme-vice-unf\node_modules\webpack\lib\HookWebpackError.js:82:7)
    at __webpack_require_module__ (C:\Users\UPIC\Local Sites\vpindev\app\public\wp-content\themes\wptheme-vice-unf\node_modules\webpack\lib\Compilation.js:5515:12)
    at __webpack_require__ (C:\Users\UPIC\Local Sites\vpindev\app\public\wp-content\themes\wptheme-vice-unf\node_modules\webpack\lib\Compilation.js:5462:18)
    at C:\Users\UPIC\Local Sites\vpindev\app\public\wp-content\themes\wptheme-vice-unf\node_modules\webpack\lib\Compilation.js:5550:20
    at symbolIterator (C:\Users\UPIC\Local Sites\vpindev\app\public\wp-content\themes\wptheme-vice-unf\node_modules\neo-async\async.js:3485:9)
    at done (C:\Users\UPIC\Local Sites\vpindev\app\public\wp-content\themes\wptheme-vice-unf\node_modules\neo-async\async.js:3527:9)
    at Hook.eval [as callAsync] (eval at create (C:\Users\UPIC\Local Sites\vpindev\app\public\wp-content\themes\wptheme-vice-unf\node_modules\tapable\lib\HookCodeFactory.js:31:10), <anonymous>:15:1)
    at C:\Users\UPIC\Local Sites\vpindev\app\public\wp-content\themes\wptheme-vice-unf\node_modules\webpack\lib\Compilation.js:5437:43
    at symbolIterator (C:\Users\UPIC\Local Sites\vpindev\app\public\wp-content\themes\wptheme-vice-unf\node_modules\neo-async\async.js:3482:9)
    at timesSync (C:\Users\UPIC\Local Sites\vpindev\app\public\wp-content\themes\wptheme-vice-unf\node_modules\neo-async\async.js:2297:7)
    at Object.eachLimit (C:\Users\UPIC\Local Sites\vpindev\app\public\wp-content\themes\wptheme-vice-unf\node_modules\neo-async\async.js:3463:5)
    at C:\Users\UPIC\Local Sites\vpindev\app\public\wp-content\themes\wptheme-vice-unf\node_modules\webpack\lib\Compilation.js:5399:16
    at symbolIterator (C:\Users\UPIC\Local Sites\vpindev\app\public\wp-content\themes\wptheme-vice-unf\node_modules\neo-async\async.js:3485:9)
    at timesSync (C:\Users\UPIC\Local Sites\vpindev\app\public\wp-content\themes\wptheme-vice-unf\node_modules\neo-async\async.js:2297:7)
    at Object.eachLimit (C:\Users\UPIC\Local Sites\vpindev\app\public\wp-content\themes\wptheme-vice-unf\node_modules\neo-async\async.js:3463:5)
    at C:\Users\UPIC\Local Sites\vpindev\app\public\wp-content\themes\wptheme-vice-unf\node_modules\webpack\lib\Compilation.js:5367:15
    at symbolIterator (C:\Users\UPIC\Local Sites\vpindev\app\public\wp-content\themes\wptheme-vice-unf\node_modules\neo-async\async.js:3485:9)
    at done (C:\Users\UPIC\Local Sites\vpindev\app\public\wp-content\themes\wptheme-vice-unf\node_modules\neo-async\async.js:3527:9)
    at C:\Users\UPIC\Local Sites\vpindev\app\public\wp-content\themes\wptheme-vice-unf\node_modules\webpack\lib\Compilation.js:5313:8
    at C:\Users\UPIC\Local Sites\vpindev\app\public\wp-content\themes\wptheme-vice-unf\node_modules\webpack\lib\Compilation.js:3713:6
    at C:\Users\UPIC\Local Sites\vpindev\app\public\wp-content\themes\wptheme-vice-unf\node_modules\webpack\lib\HookWebpackError.js:68:2
    at Hook.eval [as callAsync] (eval at create (C:\Users\UPIC\Local Sites\vpindev\app\public\wp-content\themes\wptheme-vice-unf\node_modules\tapable\lib\HookCodeFactory.js:31:10), <anonymous>:6:1)
    at Cache.store (C:\Users\UPIC\Local Sites\vpindev\app\public\wp-content\themes\wptheme-vice-unf\node_modules\webpack\lib\Cache.js:113:20)
    at ItemCacheFacade.store (C:\Users\UPIC\Local Sites\vpindev\app\public\wp-content\themes\wptheme-vice-unf\node_modules\webpack\lib\CacheFacade.js:142:15)
    at C:\Users\UPIC\Local Sites\vpindev\app\public\wp-content\themes\wptheme-vice-unf\node_modules\webpack\lib\Compilation.js:3712:11
    at C:\Users\UPIC\Local Sites\vpindev\app\public\wp-content\themes\wptheme-vice-unf\node_modules\webpack\lib\Cache.js:99:5
    at Hook.eval [as callAsync] (eval at create (C:\Users\UPIC\Local Sites\vpindev\app\public\wp-content\themes\wptheme-vice-unf\node_modules\tapable\lib\HookCodeFactory.js:31:10), <anonymous>:6:1)
    at Cache.get (C:\Users\UPIC\Local Sites\vpindev\app\public\wp-content\themes\wptheme-vice-unf\node_modules\webpack\lib\Cache.js:81:18)
    at ItemCacheFacade.get (C:\Users\UPIC\Local Sites\vpindev\app\public\wp-content\themes\wptheme-vice-unf\node_modules\webpack\lib\CacheFacade.js:116:15)
    at Compilation._codeGenerationModule (C:\Users\UPIC\Local Sites\vpindev\app\public\wp-content\themes\wptheme-vice-unf\node_modules\webpack\lib\Compilation.js:3680:9)
    at codeGen (C:\Users\UPIC\Local Sites\vpindev\app\public\wp-content\themes\wptheme-vice-unf\node_modules\webpack\lib\Compilation.js:5301:11)
    at symbolIterator (C:\Users\UPIC\Local Sites\vpindev\app\public\wp-content\themes\wptheme-vice-unf\node_modules\neo-async\async.js:3482:9)
    at timesSync (C:\Users\UPIC\Local Sites\vpindev\app\public\wp-content\themes\wptheme-vice-unf\node_modules\neo-async\async.js:2297:7)
    at Object.eachLimit (C:\Users\UPIC\Local Sites\vpindev\app\public\wp-content\themes\wptheme-vice-unf\node_modules\neo-async\async.js:3463:5)
    at C:\Users\UPIC\Local Sites\vpindev\app\public\wp-content\themes\wptheme-vice-unf\node_modules\webpack\lib\Compilation.js:5331:14
    at processQueue (C:\Users\UPIC\Local Sites\vpindev\app\public\wp-content\themes\wptheme-vice-unf\node_modules\webpack\lib\util\processAsyncTree.js:61:4)
    at process.processTicksAndRejections (node:internal/process/task_queues:85:11)

Generated code for C:\Users\UPIC\Local Sites\vpindev\app\public\wp-content\themes\wptheme-vice-unf\node_modules\css-loader\dist\cjs.js??ruleSet[1].rules[3].use[1]!C:\Users\UPIC\Local Sites\vpindev\app\public\wp-content\themes\wptheme-vice-unf\node_modules\postcss-loader\dist\cjs.js??ruleSet[1].rules[3].use[2]!C:\Users\UPIC\Local Sites\vpindev\app\public\wp-content\themes\wptheme-vice-unf\node_modules\sass-loader\dist\cjs.js??ruleSet[1].rules[3].use[3]!C:\Users\UPIC\Local Sites\vpindev\app\public\wp-content\themes\wptheme-vice-unf\src\blocks\footer-cta\style.scss
1 | throw new [1m[31mError[39m[22m[1m("Module build [1m[31mfailed[39m[22m[1m (from ./node_modules/sass-loader/dist/cjs.js):\nUndefined mixin.\n   ÔòÀ\n36 Ôöé Ôöî         @include mq(sm) {\n37 Ôöé Ôöé             width: 100%;\n38 Ôöé Ôöé             text-align: center;\n39 Ôöé Ôöö         }\n   ÔòÁ\n  src\\blocks\\footer-cta\\style.scss 36:3  root stylesheet");[39m[22m
 @ ./src/blocks/footer-cta/index.js 1:0-22

[1m[31mERROR[39m[22m in [1m./src/blocks/hero-lp/style.scss[39m[22m
[1mModule build [1m[31mfailed[39m[22m[1m (from ./node_modules/mini-css-extract-plugin/dist/loader.js):
HookWebpackError: Module build [1m[31mfailed[39m[22m[1m (from ./node_modules/sass-loader/dist/cjs.js):
Undefined mixin.
   ÔòÀ
38 Ôöé Ôöî         @include mq(md) {
39 Ôöé Ôöé             padding-top: 8rem;
40 Ôöé Ôöé             padding-bottom: 8rem;
41 Ôöé Ôöö         }
   ÔòÁ
  src\blocks\hero-lp\style.scss 38:3  root stylesheet
    at tryRunOrWebpackError (C:\Users\UPIC\Local Sites\vpindev\app\public\wp-content\themes\wptheme-vice-unf\node_modules\webpack\lib\HookWebpackError.js:87:9)
    at __webpack_require_module__ (C:\Users\UPIC\Local Sites\vpindev\app\public\wp-content\themes\wptheme-vice-unf\node_modules\webpack\lib\Compilation.js:5515:12)
    at __webpack_require__ (C:\Users\UPIC\Local Sites\vpindev\app\public\wp-content\themes\wptheme-vice-unf\node_modules\webpack\lib\Compilation.js:5462:18)
    at C:\Users\UPIC\Local Sites\vpindev\app\public\wp-content\themes\wptheme-vice-unf\node_modules\webpack\lib\Compilation.js:5550:20
    at symbolIterator (C:\Users\UPIC\Local Sites\vpindev\app\public\wp-content\themes\wptheme-vice-unf\node_modules\neo-async\async.js:3485:9)
    at done (C:\Users\UPIC\Local Sites\vpindev\app\public\wp-content\themes\wptheme-vice-unf\node_modules\neo-async\async.js:3527:9)
    at Hook.eval [as callAsync] (eval at create (C:\Users\UPIC\Local Sites\vpindev\app\public\wp-content\themes\wptheme-vice-unf\node_modules\tapable\lib\HookCodeFactory.js:31:10), <anonymous>:15:1)
    at C:\Users\UPIC\Local Sites\vpindev\app\public\wp-content\themes\wptheme-vice-unf\node_modules\webpack\lib\Compilation.js:5437:43
    at symbolIterator (C:\Users\UPIC\Local Sites\vpindev\app\public\wp-content\themes\wptheme-vice-unf\node_modules\neo-async\async.js:3482:9)
    at timesSync (C:\Users\UPIC\Local Sites\vpindev\app\public\wp-content\themes\wptheme-vice-unf\node_modules\neo-async\async.js:2297:7)
    at Object.eachLimit (C:\Users\UPIC\Local Sites\vpindev\app\public\wp-content\themes\wptheme-vice-unf\node_modules\neo-async\async.js:3463:5)
    at C:\Users\UPIC\Local Sites\vpindev\app\public\wp-content\themes\wptheme-vice-unf\node_modules\webpack\lib\Compilation.js:5399:16
    at symbolIterator (C:\Users\UPIC\Local Sites\vpindev\app\public\wp-content\themes\wptheme-vice-unf\node_modules\neo-async\async.js:3485:9)
    at timesSync (C:\Users\UPIC\Local Sites\vpindev\app\public\wp-content\themes\wptheme-vice-unf\node_modules\neo-async\async.js:2297:7)
    at Object.eachLimit (C:\Users\UPIC\Local Sites\vpindev\app\public\wp-content\themes\wptheme-vice-unf\node_modules\neo-async\async.js:3463:5)
    at C:\Users\UPIC\Local Sites\vpindev\app\public\wp-content\themes\wptheme-vice-unf\node_modules\webpack\lib\Compilation.js:5367:15
    at symbolIterator (C:\Users\UPIC\Local Sites\vpindev\app\public\wp-content\themes\wptheme-vice-unf\node_modules\neo-async\async.js:3485:9)
    at done (C:\Users\UPIC\Local Sites\vpindev\app\public\wp-content\themes\wptheme-vice-unf\node_modules\neo-async\async.js:3527:9)
    at C:\Users\UPIC\Local Sites\vpindev\app\public\wp-content\themes\wptheme-vice-unf\node_modules\webpack\lib\Compilation.js:5313:8
    at C:\Users\UPIC\Local Sites\vpindev\app\public\wp-content\themes\wptheme-vice-unf\node_modules\webpack\lib\Compilation.js:3713:6
    at C:\Users\UPIC\Local Sites\vpindev\app\public\wp-content\themes\wptheme-vice-unf\node_modules\webpack\lib\HookWebpackError.js:68:2
    at Hook.eval [as callAsync] (eval at create (C:\Users\UPIC\Local Sites\vpindev\app\public\wp-content\themes\wptheme-vice-unf\node_modules\tapable\lib\HookCodeFactory.js:31:10), <anonymous>:6:1)
    at Cache.store (C:\Users\UPIC\Local Sites\vpindev\app\public\wp-content\themes\wptheme-vice-unf\node_modules\webpack\lib\Cache.js:113:20)
    at ItemCacheFacade.store (C:\Users\UPIC\Local Sites\vpindev\app\public\wp-content\themes\wptheme-vice-unf\node_modules\webpack\lib\CacheFacade.js:142:15)
    at C:\Users\UPIC\Local Sites\vpindev\app\public\wp-content\themes\wptheme-vice-unf\node_modules\webpack\lib\Compilation.js:3712:11
    at C:\Users\UPIC\Local Sites\vpindev\app\public\wp-content\themes\wptheme-vice-unf\node_modules\webpack\lib\Cache.js:99:5
    at Hook.eval [as callAsync] (eval at create (C:\Users\UPIC\Local Sites\vpindev\app\public\wp-content\themes\wptheme-vice-unf\node_modules\tapable\lib\HookCodeFactory.js:31:10), <anonymous>:6:1)
    at Cache.get (C:\Users\UPIC\Local Sites\vpindev\app\public\wp-content\themes\wptheme-vice-unf\node_modules\webpack\lib\Cache.js:81:18)
    at ItemCacheFacade.get (C:\Users\UPIC\Local Sites\vpindev\app\public\wp-content\themes\wptheme-vice-unf\node_modules\webpack\lib\CacheFacade.js:116:15)
    at Compilation._codeGenerationModule (C:\Users\UPIC\Local Sites\vpindev\app\public\wp-content\themes\wptheme-vice-unf\node_modules\webpack\lib\Compilation.js:3680:9)
    at codeGen (C:\Users\UPIC\Local Sites\vpindev\app\public\wp-content\themes\wptheme-vice-unf\node_modules\webpack\lib\Compilation.js:5301:11)
    at symbolIterator (C:\Users\UPIC\Local Sites\vpindev\app\public\wp-content\themes\wptheme-vice-unf\node_modules\neo-async\async.js:3482:9)
    at timesSync (C:\Users\UPIC\Local Sites\vpindev\app\public\wp-content\themes\wptheme-vice-unf\node_modules\neo-async\async.js:2297:7)
    at Object.eachLimit (C:\Users\UPIC\Local Sites\vpindev\app\public\wp-content\themes\wptheme-vice-unf\node_modules\neo-async\async.js:3463:5)
    at C:\Users\UPIC\Local Sites\vpindev\app\public\wp-content\themes\wptheme-vice-unf\node_modules\webpack\lib\Compilation.js:5331:14
    at processQueue (C:\Users\UPIC\Local Sites\vpindev\app\public\wp-content\themes\wptheme-vice-unf\node_modules\webpack\lib\util\processAsyncTree.js:61:4)
    at process.processTicksAndRejections (node:internal/process/task_queues:85:11)
-- inner [1m[31merror[39m[22m[1m --
[1m[31mError[39m[22m[1m: Module build [1m[31mfailed[39m[22m[1m (from ./node_modules/sass-loader/dist/cjs.js):
Undefined mixin.
   ÔòÀ
38 Ôöé Ôöî         @include mq(md) {
39 Ôöé Ôöé             padding-top: 8rem;
40 Ôöé Ôöé             padding-bottom: 8rem;
41 Ôöé Ôöö         }
   ÔòÁ
  src\blocks\hero-lp\style.scss 38:3  root stylesheet
    at Object.<anonymous> (C:\Users\UPIC\Local Sites\vpindev\app\public\wp-content\themes\wptheme-vice-unf\node_modules\css-loader\dist\cjs.js??ruleSet[1].rules[3].use[1]!C:\Users\UPIC\Local Sites\vpindev\app\public\wp-content\themes\wptheme-vice-unf\node_modules\postcss-loader\dist\cjs.js??ruleSet[1].rules[3].use[2]!C:\Users\UPIC\Local Sites\vpindev\app\public\wp-content\themes\wptheme-vice-unf\node_modules\sass-loader\dist\cjs.js??ruleSet[1].rules[3].use[3]!C:\Users\UPIC\Local Sites\vpindev\app\public\wp-content\themes\wptheme-vice-unf\src\blocks\hero-lp\style.scss:1:7)
    at C:\Users\UPIC\Local Sites\vpindev\app\public\wp-content\themes\wptheme-vice-unf\node_modules\webpack\lib\javascript\JavascriptModulesPlugin.js:544:10
    at Hook.eval [as call] (eval at create (C:\Users\UPIC\Local Sites\vpindev\app\public\wp-content\themes\wptheme-vice-unf\node_modules\tapable\lib\HookCodeFactory.js:19:10), <anonymous>:7:1)
    at C:\Users\UPIC\Local Sites\vpindev\app\public\wp-content\themes\wptheme-vice-unf\node_modules\webpack\lib\Compilation.js:5517:39
    at tryRunOrWebpackError (C:\Users\UPIC\Local Sites\vpindev\app\public\wp-content\themes\wptheme-vice-unf\node_modules\webpack\lib\HookWebpackError.js:82:7)
    at __webpack_require_module__ (C:\Users\UPIC\Local Sites\vpindev\app\public\wp-content\themes\wptheme-vice-unf\node_modules\webpack\lib\Compilation.js:5515:12)
    at __webpack_require__ (C:\Users\UPIC\Local Sites\vpindev\app\public\wp-content\themes\wptheme-vice-unf\node_modules\webpack\lib\Compilation.js:5462:18)
    at C:\Users\UPIC\Local Sites\vpindev\app\public\wp-content\themes\wptheme-vice-unf\node_modules\webpack\lib\Compilation.js:5550:20
    at symbolIterator (C:\Users\UPIC\Local Sites\vpindev\app\public\wp-content\themes\wptheme-vice-unf\node_modules\neo-async\async.js:3485:9)
    at done (C:\Users\UPIC\Local Sites\vpindev\app\public\wp-content\themes\wptheme-vice-unf\node_modules\neo-async\async.js:3527:9)
    at Hook.eval [as callAsync] (eval at create (C:\Users\UPIC\Local Sites\vpindev\app\public\wp-content\themes\wptheme-vice-unf\node_modules\tapable\lib\HookCodeFactory.js:31:10), <anonymous>:15:1)
    at C:\Users\UPIC\Local Sites\vpindev\app\public\wp-content\themes\wptheme-vice-unf\node_modules\webpack\lib\Compilation.js:5437:43
    at symbolIterator (C:\Users\UPIC\Local Sites\vpindev\app\public\wp-content\themes\wptheme-vice-unf\node_modules\neo-async\async.js:3482:9)
    at timesSync (C:\Users\UPIC\Local Sites\vpindev\app\public\wp-content\themes\wptheme-vice-unf\node_modules\neo-async\async.js:2297:7)
    at Object.eachLimit (C:\Users\UPIC\Local Sites\vpindev\app\public\wp-content\themes\wptheme-vice-unf\node_modules\neo-async\async.js:3463:5)
    at C:\Users\UPIC\Local Sites\vpindev\app\public\wp-content\themes\wptheme-vice-unf\node_modules\webpack\lib\Compilation.js:5399:16
    at symbolIterator (C:\Users\UPIC\Local Sites\vpindev\app\public\wp-content\themes\wptheme-vice-unf\node_modules\neo-async\async.js:3485:9)
    at timesSync (C:\Users\UPIC\Local Sites\vpindev\app\public\wp-content\themes\wptheme-vice-unf\node_modules\neo-async\async.js:2297:7)
    at Object.eachLimit (C:\Users\UPIC\Local Sites\vpindev\app\public\wp-content\themes\wptheme-vice-unf\node_modules\neo-async\async.js:3463:5)
    at C:\Users\UPIC\Local Sites\vpindev\app\public\wp-content\themes\wptheme-vice-unf\node_modules\webpack\lib\Compilation.js:5367:15
    at symbolIterator (C:\Users\UPIC\Local Sites\vpindev\app\public\wp-content\themes\wptheme-vice-unf\node_modules\neo-async\async.js:3485:9)
    at done (C:\Users\UPIC\Local Sites\vpindev\app\public\wp-content\themes\wptheme-vice-unf\node_modules\neo-async\async.js:3527:9)
    at C:\Users\UPIC\Local Sites\vpindev\app\public\wp-content\themes\wptheme-vice-unf\node_modules\webpack\lib\Compilation.js:5313:8
    at C:\Users\UPIC\Local Sites\vpindev\app\public\wp-content\themes\wptheme-vice-unf\node_modules\webpack\lib\Compilation.js:3713:6
    at C:\Users\UPIC\Local Sites\vpindev\app\public\wp-content\themes\wptheme-vice-unf\node_modules\webpack\lib\HookWebpackError.js:68:2
    at Hook.eval [as callAsync] (eval at create (C:\Users\UPIC\Local Sites\vpindev\app\public\wp-content\themes\wptheme-vice-unf\node_modules\tapable\lib\HookCodeFactory.js:31:10), <anonymous>:6:1)
    at Cache.store (C:\Users\UPIC\Local Sites\vpindev\app\public\wp-content\themes\wptheme-vice-unf\node_modules\webpack\lib\Cache.js:113:20)
    at ItemCacheFacade.store (C:\Users\UPIC\Local Sites\vpindev\app\public\wp-content\themes\wptheme-vice-unf\node_modules\webpack\lib\CacheFacade.js:142:15)
    at C:\Users\UPIC\Local Sites\vpindev\app\public\wp-content\themes\wptheme-vice-unf\node_modules\webpack\lib\Compilation.js:3712:11
    at C:\Users\UPIC\Local Sites\vpindev\app\public\wp-content\themes\wptheme-vice-unf\node_modules\webpack\lib\Cache.js:99:5
    at Hook.eval [as callAsync] (eval at create (C:\Users\UPIC\Local Sites\vpindev\app\public\wp-content\themes\wptheme-vice-unf\node_modules\tapable\lib\HookCodeFactory.js:31:10), <anonymous>:6:1)
    at Cache.get (C:\Users\UPIC\Local Sites\vpindev\app\public\wp-content\themes\wptheme-vice-unf\node_modules\webpack\lib\Cache.js:81:18)
    at ItemCacheFacade.get (C:\Users\UPIC\Local Sites\vpindev\app\public\wp-content\themes\wptheme-vice-unf\node_modules\webpack\lib\CacheFacade.js:116:15)
    at Compilation._codeGenerationModule (C:\Users\UPIC\Local Sites\vpindev\app\public\wp-content\themes\wptheme-vice-unf\node_modules\webpack\lib\Compilation.js:3680:9)
    at codeGen (C:\Users\UPIC\Local Sites\vpindev\app\public\wp-content\themes\wptheme-vice-unf\node_modules\webpack\lib\Compilation.js:5301:11)
    at symbolIterator (C:\Users\UPIC\Local Sites\vpindev\app\public\wp-content\themes\wptheme-vice-unf\node_modules\neo-async\async.js:3482:9)
    at timesSync (C:\Users\UPIC\Local Sites\vpindev\app\public\wp-content\themes\wptheme-vice-unf\node_modules\neo-async\async.js:2297:7)
    at Object.eachLimit (C:\Users\UPIC\Local Sites\vpindev\app\public\wp-content\themes\wptheme-vice-unf\node_modules\neo-async\async.js:3463:5)
    at C:\Users\UPIC\Local Sites\vpindev\app\public\wp-content\themes\wptheme-vice-unf\node_modules\webpack\lib\Compilation.js:5331:14
    at processQueue (C:\Users\UPIC\Local Sites\vpindev\app\public\wp-content\themes\wptheme-vice-unf\node_modules\webpack\lib\util\processAsyncTree.js:61:4)
    at process.processTicksAndRejections (node:internal/process/task_queues:85:11)

Generated code for C:\Users\UPIC\Local Sites\vpindev\app\public\wp-content\themes\wptheme-vice-unf\node_modules\css-loader\dist\cjs.js??ruleSet[1].rules[3].use[1]!C:\Users\UPIC\Local Sites\vpindev\app\public\wp-content\themes\wptheme-vice-unf\node_modules\postcss-loader\dist\cjs.js??ruleSet[1].rules[3].use[2]!C:\Users\UPIC\Local Sites\vpindev\app\public\wp-content\themes\wptheme-vice-unf\node_modules\sass-loader\dist\cjs.js??ruleSet[1].rules[3].use[3]!C:\Users\UPIC\Local Sites\vpindev\app\public\wp-content\themes\wptheme-vice-unf\src\blocks\hero-lp\style.scss
1 | throw new [1m[31mError[39m[22m[1m("Module build [1m[31mfailed[39m[22m[1m (from ./node_modules/sass-loader/dist/cjs.js):\nUndefined mixin.\n   ÔòÀ\n38 Ôöé Ôöî         @include mq(md) {\n39 Ôöé Ôöé             padding-top: 8rem;\n40 Ôöé Ôöé             padding-bottom: 8rem;\n41 Ôöé Ôöö         }\n   ÔòÁ\n  src\\blocks\\hero-lp\\style.scss 38:3  root stylesheet");[39m[22m
 @ ./src/blocks/hero-lp/index.js 1:0-22

[1m[31mERROR[39m[22m in [1m./src/blocks/icon-categories/style.scss[39m[22m
[1mModule build [1m[31mfailed[39m[22m[1m (from ./node_modules/mini-css-extract-plugin/dist/loader.js):
HookWebpackError: Module build [1m[31mfailed[39m[22m[1m (from ./node_modules/sass-loader/dist/cjs.js):
Undefined mixin.
   ÔòÀ
27 Ôöé Ôöî         @include mq(md) {
28 Ôöé Ôöé             grid-template-columns: repeat(4, 1fr);
29 Ôöé Ôöö         }
   ÔòÁ
  src\blocks\icon-categories\style.scss 27:3  root stylesheet
    at tryRunOrWebpackError (C:\Users\UPIC\Local Sites\vpindev\app\public\wp-content\themes\wptheme-vice-unf\node_modules\webpack\lib\HookWebpackError.js:87:9)
    at __webpack_require_module__ (C:\Users\UPIC\Local Sites\vpindev\app\public\wp-content\themes\wptheme-vice-unf\node_modules\webpack\lib\Compilation.js:5515:12)
    at __webpack_require__ (C:\Users\UPIC\Local Sites\vpindev\app\public\wp-content\themes\wptheme-vice-unf\node_modules\webpack\lib\Compilation.js:5462:18)
    at C:\Users\UPIC\Local Sites\vpindev\app\public\wp-content\themes\wptheme-vice-unf\node_modules\webpack\lib\Compilation.js:5550:20
    at symbolIterator (C:\Users\UPIC\Local Sites\vpindev\app\public\wp-content\themes\wptheme-vice-unf\node_modules\neo-async\async.js:3485:9)
    at done (C:\Users\UPIC\Local Sites\vpindev\app\public\wp-content\themes\wptheme-vice-unf\node_modules\neo-async\async.js:3527:9)
    at Hook.eval [as callAsync] (eval at create (C:\Users\UPIC\Local Sites\vpindev\app\public\wp-content\themes\wptheme-vice-unf\node_modules\tapable\lib\HookCodeFactory.js:31:10), <anonymous>:15:1)
    at C:\Users\UPIC\Local Sites\vpindev\app\public\wp-content\themes\wptheme-vice-unf\node_modules\webpack\lib\Compilation.js:5437:43
    at symbolIterator (C:\Users\UPIC\Local Sites\vpindev\app\public\wp-content\themes\wptheme-vice-unf\node_modules\neo-async\async.js:3482:9)
    at timesSync (C:\Users\UPIC\Local Sites\vpindev\app\public\wp-content\themes\wptheme-vice-unf\node_modules\neo-async\async.js:2297:7)
    at Object.eachLimit (C:\Users\UPIC\Local Sites\vpindev\app\public\wp-content\themes\wptheme-vice-unf\node_modules\neo-async\async.js:3463:5)
    at C:\Users\UPIC\Local Sites\vpindev\app\public\wp-content\themes\wptheme-vice-unf\node_modules\webpack\lib\Compilation.js:5399:16
    at symbolIterator (C:\Users\UPIC\Local Sites\vpindev\app\public\wp-content\themes\wptheme-vice-unf\node_modules\neo-async\async.js:3485:9)
    at timesSync (C:\Users\UPIC\Local Sites\vpindev\app\public\wp-content\themes\wptheme-vice-unf\node_modules\neo-async\async.js:2297:7)
    at Object.eachLimit (C:\Users\UPIC\Local Sites\vpindev\app\public\wp-content\themes\wptheme-vice-unf\node_modules\neo-async\async.js:3463:5)
    at C:\Users\UPIC\Local Sites\vpindev\app\public\wp-content\themes\wptheme-vice-unf\node_modules\webpack\lib\Compilation.js:5367:15
    at symbolIterator (C:\Users\UPIC\Local Sites\vpindev\app\public\wp-content\themes\wptheme-vice-unf\node_modules\neo-async\async.js:3485:9)
    at done (C:\Users\UPIC\Local Sites\vpindev\app\public\wp-content\themes\wptheme-vice-unf\node_modules\neo-async\async.js:3527:9)
    at C:\Users\UPIC\Local Sites\vpindev\app\public\wp-content\themes\wptheme-vice-unf\node_modules\webpack\lib\Compilation.js:5313:8
    at C:\Users\UPIC\Local Sites\vpindev\app\public\wp-content\themes\wptheme-vice-unf\node_modules\webpack\lib\Compilation.js:3713:6
    at C:\Users\UPIC\Local Sites\vpindev\app\public\wp-content\themes\wptheme-vice-unf\node_modules\webpack\lib\HookWebpackError.js:68:2
    at Hook.eval [as callAsync] (eval at create (C:\Users\UPIC\Local Sites\vpindev\app\public\wp-content\themes\wptheme-vice-unf\node_modules\tapable\lib\HookCodeFactory.js:31:10), <anonymous>:6:1)
    at Cache.store (C:\Users\UPIC\Local Sites\vpindev\app\public\wp-content\themes\wptheme-vice-unf\node_modules\webpack\lib\Cache.js:113:20)
    at ItemCacheFacade.store (C:\Users\UPIC\Local Sites\vpindev\app\public\wp-content\themes\wptheme-vice-unf\node_modules\webpack\lib\CacheFacade.js:142:15)
    at C:\Users\UPIC\Local Sites\vpindev\app\public\wp-content\themes\wptheme-vice-unf\node_modules\webpack\lib\Compilation.js:3712:11
    at C:\Users\UPIC\Local Sites\vpindev\app\public\wp-content\themes\wptheme-vice-unf\node_modules\webpack\lib\Cache.js:99:5
    at Hook.eval [as callAsync] (eval at create (C:\Users\UPIC\Local Sites\vpindev\app\public\wp-content\themes\wptheme-vice-unf\node_modules\tapable\lib\HookCodeFactory.js:31:10), <anonymous>:6:1)
    at Cache.get (C:\Users\UPIC\Local Sites\vpindev\app\public\wp-content\themes\wptheme-vice-unf\node_modules\webpack\lib\Cache.js:81:18)
    at ItemCacheFacade.get (C:\Users\UPIC\Local Sites\vpindev\app\public\wp-content\themes\wptheme-vice-unf\node_modules\webpack\lib\CacheFacade.js:116:15)
    at Compilation._codeGenerationModule (C:\Users\UPIC\Local Sites\vpindev\app\public\wp-content\themes\wptheme-vice-unf\node_modules\webpack\lib\Compilation.js:3680:9)
    at codeGen (C:\Users\UPIC\Local Sites\vpindev\app\public\wp-content\themes\wptheme-vice-unf\node_modules\webpack\lib\Compilation.js:5301:11)
    at symbolIterator (C:\Users\UPIC\Local Sites\vpindev\app\public\wp-content\themes\wptheme-vice-unf\node_modules\neo-async\async.js:3482:9)
    at timesSync (C:\Users\UPIC\Local Sites\vpindev\app\public\wp-content\themes\wptheme-vice-unf\node_modules\neo-async\async.js:2297:7)
    at Object.eachLimit (C:\Users\UPIC\Local Sites\vpindev\app\public\wp-content\themes\wptheme-vice-unf\node_modules\neo-async\async.js:3463:5)
    at C:\Users\UPIC\Local Sites\vpindev\app\public\wp-content\themes\wptheme-vice-unf\node_modules\webpack\lib\Compilation.js:5331:14
    at processQueue (C:\Users\UPIC\Local Sites\vpindev\app\public\wp-content\themes\wptheme-vice-unf\node_modules\webpack\lib\util\processAsyncTree.js:61:4)
    at process.processTicksAndRejections (node:internal/process/task_queues:85:11)
-- inner [1m[31merror[39m[22m[1m --
[1m[31mError[39m[22m[1m: Module build [1m[31mfailed[39m[22m[1m (from ./node_modules/sass-loader/dist/cjs.js):
Undefined mixin.
   ÔòÀ
27 Ôöé Ôöî         @include mq(md) {
28 Ôöé Ôöé             grid-template-columns: repeat(4, 1fr);
29 Ôöé Ôöö         }
   ÔòÁ
  src\blocks\icon-categories\style.scss 27:3  root stylesheet
    at Object.<anonymous> (C:\Users\UPIC\Local Sites\vpindev\app\public\wp-content\themes\wptheme-vice-unf\node_modules\css-loader\dist\cjs.js??ruleSet[1].rules[3].use[1]!C:\Users\UPIC\Local Sites\vpindev\app\public\wp-content\themes\wptheme-vice-unf\node_modules\postcss-loader\dist\cjs.js??ruleSet[1].rules[3].use[2]!C:\Users\UPIC\Local Sites\vpindev\app\public\wp-content\themes\wptheme-vice-unf\node_modules\sass-loader\dist\cjs.js??ruleSet[1].rules[3].use[3]!C:\Users\UPIC\Local Sites\vpindev\app\public\wp-content\themes\wptheme-vice-unf\src\blocks\icon-categories\style.scss:1:7)
    at C:\Users\UPIC\Local Sites\vpindev\app\public\wp-content\themes\wptheme-vice-unf\node_modules\webpack\lib\javascript\JavascriptModulesPlugin.js:544:10
    at Hook.eval [as call] (eval at create (C:\Users\UPIC\Local Sites\vpindev\app\public\wp-content\themes\wptheme-vice-unf\node_modules\tapable\lib\HookCodeFactory.js:19:10), <anonymous>:7:1)
    at C:\Users\UPIC\Local Sites\vpindev\app\public\wp-content\themes\wptheme-vice-unf\node_modules\webpack\lib\Compilation.js:5517:39
    at tryRunOrWebpackError (C:\Users\UPIC\Local Sites\vpindev\app\public\wp-content\themes\wptheme-vice-unf\node_modules\webpack\lib\HookWebpackError.js:82:7)
    at __webpack_require_module__ (C:\Users\UPIC\Local Sites\vpindev\app\public\wp-content\themes\wptheme-vice-unf\node_modules\webpack\lib\Compilation.js:5515:12)
    at __webpack_require__ (C:\Users\UPIC\Local Sites\vpindev\app\public\wp-content\themes\wptheme-vice-unf\node_modules\webpack\lib\Compilation.js:5462:18)
    at C:\Users\UPIC\Local Sites\vpindev\app\public\wp-content\themes\wptheme-vice-unf\node_modules\webpack\lib\Compilation.js:5550:20
    at symbolIterator (C:\Users\UPIC\Local Sites\vpindev\app\public\wp-content\themes\wptheme-vice-unf\node_modules\neo-async\async.js:3485:9)
    at done (C:\Users\UPIC\Local Sites\vpindev\app\public\wp-content\themes\wptheme-vice-unf\node_modules\neo-async\async.js:3527:9)
    at Hook.eval [as callAsync] (eval at create (C:\Users\UPIC\Local Sites\vpindev\app\public\wp-content\themes\wptheme-vice-unf\node_modules\tapable\lib\HookCodeFactory.js:31:10), <anonymous>:15:1)
    at C:\Users\UPIC\Local Sites\vpindev\app\public\wp-content\themes\wptheme-vice-unf\node_modules\webpack\lib\Compilation.js:5437:43
    at symbolIterator (C:\Users\UPIC\Local Sites\vpindev\app\public\wp-content\themes\wptheme-vice-unf\node_modules\neo-async\async.js:3482:9)
    at timesSync (C:\Users\UPIC\Local Sites\vpindev\app\public\wp-content\themes\wptheme-vice-unf\node_modules\neo-async\async.js:2297:7)
    at Object.eachLimit (C:\Users\UPIC\Local Sites\vpindev\app\public\wp-content\themes\wptheme-vice-unf\node_modules\neo-async\async.js:3463:5)
    at C:\Users\UPIC\Local Sites\vpindev\app\public\wp-content\themes\wptheme-vice-unf\node_modules\webpack\lib\Compilation.js:5399:16
    at symbolIterator (C:\Users\UPIC\Local Sites\vpindev\app\public\wp-content\themes\wptheme-vice-unf\node_modules\neo-async\async.js:3485:9)
    at timesSync (C:\Users\UPIC\Local Sites\vpindev\app\public\wp-content\themes\wptheme-vice-unf\node_modules\neo-async\async.js:2297:7)
    at Object.eachLimit (C:\Users\UPIC\Local Sites\vpindev\app\public\wp-content\themes\wptheme-vice-unf\node_modules\neo-async\async.js:3463:5)
    at C:\Users\UPIC\Local Sites\vpindev\app\public\wp-content\themes\wptheme-vice-unf\node_modules\webpack\lib\Compilation.js:5367:15
    at symbolIterator (C:\Users\UPIC\Local Sites\vpindev\app\public\wp-content\themes\wptheme-vice-unf\node_modules\neo-async\async.js:3485:9)
    at done (C:\Users\UPIC\Local Sites\vpindev\app\public\wp-content\themes\wptheme-vice-unf\node_modules\neo-async\async.js:3527:9)
    at C:\Users\UPIC\Local Sites\vpindev\app\public\wp-content\themes\wptheme-vice-unf\node_modules\webpack\lib\Compilation.js:5313:8
    at C:\Users\UPIC\Local Sites\vpindev\app\public\wp-content\themes\wptheme-vice-unf\node_modules\webpack\lib\Compilation.js:3713:6
    at C:\Users\UPIC\Local Sites\vpindev\app\public\wp-content\themes\wptheme-vice-unf\node_modules\webpack\lib\HookWebpackError.js:68:2
    at Hook.eval [as callAsync] (eval at create (C:\Users\UPIC\Local Sites\vpindev\app\public\wp-content\themes\wptheme-vice-unf\node_modules\tapable\lib\HookCodeFactory.js:31:10), <anonymous>:6:1)
    at Cache.store (C:\Users\UPIC\Local Sites\vpindev\app\public\wp-content\themes\wptheme-vice-unf\node_modules\webpack\lib\Cache.js:113:20)
    at ItemCacheFacade.store (C:\Users\UPIC\Local Sites\vpindev\app\public\wp-content\themes\wptheme-vice-unf\node_modules\webpack\lib\CacheFacade.js:142:15)
    at C:\Users\UPIC\Local Sites\vpindev\app\public\wp-content\themes\wptheme-vice-unf\node_modules\webpack\lib\Compilation.js:3712:11
    at C:\Users\UPIC\Local Sites\vpindev\app\public\wp-content\themes\wptheme-vice-unf\node_modules\webpack\lib\Cache.js:99:5
    at Hook.eval [as callAsync] (eval at create (C:\Users\UPIC\Local Sites\vpindev\app\public\wp-content\themes\wptheme-vice-unf\node_modules\tapable\lib\HookCodeFactory.js:31:10), <anonymous>:6:1)
    at Cache.get (C:\Users\UPIC\Local Sites\vpindev\app\public\wp-content\themes\wptheme-vice-unf\node_modules\webpack\lib\Cache.js:81:18)
    at ItemCacheFacade.get (C:\Users\UPIC\Local Sites\vpindev\app\public\wp-content\themes\wptheme-vice-unf\node_modules\webpack\lib\CacheFacade.js:116:15)
    at Compilation._codeGenerationModule (C:\Users\UPIC\Local Sites\vpindev\app\public\wp-content\themes\wptheme-vice-unf\node_modules\webpack\lib\Compilation.js:3680:9)
    at codeGen (C:\Users\UPIC\Local Sites\vpindev\app\public\wp-content\themes\wptheme-vice-unf\node_modules\webpack\lib\Compilation.js:5301:11)
    at symbolIterator (C:\Users\UPIC\Local Sites\vpindev\app\public\wp-content\themes\wptheme-vice-unf\node_modules\neo-async\async.js:3482:9)
    at timesSync (C:\Users\UPIC\Local Sites\vpindev\app\public\wp-content\themes\wptheme-vice-unf\node_modules\neo-async\async.js:2297:7)
    at Object.eachLimit (C:\Users\UPIC\Local Sites\vpindev\app\public\wp-content\themes\wptheme-vice-unf\node_modules\neo-async\async.js:3463:5)
    at C:\Users\UPIC\Local Sites\vpindev\app\public\wp-content\themes\wptheme-vice-unf\node_modules\webpack\lib\Compilation.js:5331:14
    at processQueue (C:\Users\UPIC\Local Sites\vpindev\app\public\wp-content\themes\wptheme-vice-unf\node_modules\webpack\lib\util\processAsyncTree.js:61:4)
    at process.processTicksAndRejections (node:internal/process/task_queues:85:11)

Generated code for C:\Users\UPIC\Local Sites\vpindev\app\public\wp-content\themes\wptheme-vice-unf\node_modules\css-loader\dist\cjs.js??ruleSet[1].rules[3].use[1]!C:\Users\UPIC\Local Sites\vpindev\app\public\wp-content\themes\wptheme-vice-unf\node_modules\postcss-loader\dist\cjs.js??ruleSet[1].rules[3].use[2]!C:\Users\UPIC\Local Sites\vpindev\app\public\wp-content\themes\wptheme-vice-unf\node_modules\sass-loader\dist\cjs.js??ruleSet[1].rules[3].use[3]!C:\Users\UPIC\Local Sites\vpindev\app\public\wp-content\themes\wptheme-vice-unf\src\blocks\icon-categories\style.scss
1 | throw new [1m[31mError[39m[22m[1m("Module build [1m[31mfailed[39m[22m[1m (from ./node_modules/sass-loader/dist/cjs.js):\nUndefined mixin.\n   ÔòÀ\n27 Ôöé Ôöî         @include mq(md) {\n28 Ôöé Ôöé             grid-template-columns: repeat(4, 1fr);\n29 Ôöé Ôöö         }\n   ÔòÁ\n  src\\blocks\\icon-categories\\style.scss 27:3  root stylesheet");[39m[22m
 @ ./src/blocks/icon-categories/index.js 1:0-22

[1m[31mERROR[39m[22m in [1m./src/blocks/program-modules/style.scss[39m[22m
[1mModule build [1m[31mfailed[39m[22m[1m (from ./node_modules/mini-css-extract-plugin/dist/loader.js):
HookWebpackError: Module build [1m[31mfailed[39m[22m[1m (from ./node_modules/sass-loader/dist/cjs.js):
Undefined mixin.
   ÔòÀ
17 Ôöé Ôöî         @include mq(md) {
18 Ôöé Ôöé             grid-template-columns: repeat(2, 1fr);
19 Ôöé Ôöö         }
   ÔòÁ
  src\blocks\program-modules\style.scss 17:3  root stylesheet
    at tryRunOrWebpackError (C:\Users\UPIC\Local Sites\vpindev\app\public\wp-content\themes\wptheme-vice-unf\node_modules\webpack\lib\HookWebpackError.js:87:9)
    at __webpack_require_module__ (C:\Users\UPIC\Local Sites\vpindev\app\public\wp-content\themes\wptheme-vice-unf\node_modules\webpack\lib\Compilation.js:5515:12)
    at __webpack_require__ (C:\Users\UPIC\Local Sites\vpindev\app\public\wp-content\themes\wptheme-vice-unf\node_modules\webpack\lib\Compilation.js:5462:18)
    at C:\Users\UPIC\Local Sites\vpindev\app\public\wp-content\themes\wptheme-vice-unf\node_modules\webpack\lib\Compilation.js:5550:20
    at symbolIterator (C:\Users\UPIC\Local Sites\vpindev\app\public\wp-content\themes\wptheme-vice-unf\node_modules\neo-async\async.js:3485:9)
    at done (C:\Users\UPIC\Local Sites\vpindev\app\public\wp-content\themes\wptheme-vice-unf\node_modules\neo-async\async.js:3527:9)
    at Hook.eval [as callAsync] (eval at create (C:\Users\UPIC\Local Sites\vpindev\app\public\wp-content\themes\wptheme-vice-unf\node_modules\tapable\lib\HookCodeFactory.js:31:10), <anonymous>:15:1)
    at C:\Users\UPIC\Local Sites\vpindev\app\public\wp-content\themes\wptheme-vice-unf\node_modules\webpack\lib\Compilation.js:5437:43
    at symbolIterator (C:\Users\UPIC\Local Sites\vpindev\app\public\wp-content\themes\wptheme-vice-unf\node_modules\neo-async\async.js:3482:9)
    at timesSync (C:\Users\UPIC\Local Sites\vpindev\app\public\wp-content\themes\wptheme-vice-unf\node_modules\neo-async\async.js:2297:7)
    at Object.eachLimit (C:\Users\UPIC\Local Sites\vpindev\app\public\wp-content\themes\wptheme-vice-unf\node_modules\neo-async\async.js:3463:5)
    at C:\Users\UPIC\Local Sites\vpindev\app\public\wp-content\themes\wptheme-vice-unf\node_modules\webpack\lib\Compilation.js:5399:16
    at symbolIterator (C:\Users\UPIC\Local Sites\vpindev\app\public\wp-content\themes\wptheme-vice-unf\node_modules\neo-async\async.js:3485:9)
    at timesSync (C:\Users\UPIC\Local Sites\vpindev\app\public\wp-content\themes\wptheme-vice-unf\node_modules\neo-async\async.js:2297:7)
    at Object.eachLimit (C:\Users\UPIC\Local Sites\vpindev\app\public\wp-content\themes\wptheme-vice-unf\node_modules\neo-async\async.js:3463:5)
    at C:\Users\UPIC\Local Sites\vpindev\app\public\wp-content\themes\wptheme-vice-unf\node_modules\webpack\lib\Compilation.js:5367:15
    at symbolIterator (C:\Users\UPIC\Local Sites\vpindev\app\public\wp-content\themes\wptheme-vice-unf\node_modules\neo-async\async.js:3485:9)
    at done (C:\Users\UPIC\Local Sites\vpindev\app\public\wp-content\themes\wptheme-vice-unf\node_modules\neo-async\async.js:3527:9)
    at C:\Users\UPIC\Local Sites\vpindev\app\public\wp-content\themes\wptheme-vice-unf\node_modules\webpack\lib\Compilation.js:5313:8
    at C:\Users\UPIC\Local Sites\vpindev\app\public\wp-content\themes\wptheme-vice-unf\node_modules\webpack\lib\Compilation.js:3713:6
    at C:\Users\UPIC\Local Sites\vpindev\app\public\wp-content\themes\wptheme-vice-unf\node_modules\webpack\lib\HookWebpackError.js:68:2
    at Hook.eval [as callAsync] (eval at create (C:\Users\UPIC\Local Sites\vpindev\app\public\wp-content\themes\wptheme-vice-unf\node_modules\tapable\lib\HookCodeFactory.js:31:10), <anonymous>:6:1)
    at Cache.store (C:\Users\UPIC\Local Sites\vpindev\app\public\wp-content\themes\wptheme-vice-unf\node_modules\webpack\lib\Cache.js:113:20)
    at ItemCacheFacade.store (C:\Users\UPIC\Local Sites\vpindev\app\public\wp-content\themes\wptheme-vice-unf\node_modules\webpack\lib\CacheFacade.js:142:15)
    at C:\Users\UPIC\Local Sites\vpindev\app\public\wp-content\themes\wptheme-vice-unf\node_modules\webpack\lib\Compilation.js:3712:11
    at C:\Users\UPIC\Local Sites\vpindev\app\public\wp-content\themes\wptheme-vice-unf\node_modules\webpack\lib\Cache.js:99:5
    at Hook.eval [as callAsync] (eval at create (C:\Users\UPIC\Local Sites\vpindev\app\public\wp-content\themes\wptheme-vice-unf\node_modules\tapable\lib\HookCodeFactory.js:31:10), <anonymous>:6:1)
    at Cache.get (C:\Users\UPIC\Local Sites\vpindev\app\public\wp-content\themes\wptheme-vice-unf\node_modules\webpack\lib\Cache.js:81:18)
    at ItemCacheFacade.get (C:\Users\UPIC\Local Sites\vpindev\app\public\wp-content\themes\wptheme-vice-unf\node_modules\webpack\lib\CacheFacade.js:116:15)
    at Compilation._codeGenerationModule (C:\Users\UPIC\Local Sites\vpindev\app\public\wp-content\themes\wptheme-vice-unf\node_modules\webpack\lib\Compilation.js:3680:9)
    at codeGen (C:\Users\UPIC\Local Sites\vpindev\app\public\wp-content\themes\wptheme-vice-unf\node_modules\webpack\lib\Compilation.js:5301:11)
    at symbolIterator (C:\Users\UPIC\Local Sites\vpindev\app\public\wp-content\themes\wptheme-vice-unf\node_modules\neo-async\async.js:3482:9)
    at timesSync (C:\Users\UPIC\Local Sites\vpindev\app\public\wp-content\themes\wptheme-vice-unf\node_modules\neo-async\async.js:2297:7)
    at Object.eachLimit (C:\Users\UPIC\Local Sites\vpindev\app\public\wp-content\themes\wptheme-vice-unf\node_modules\neo-async\async.js:3463:5)
    at C:\Users\UPIC\Local Sites\vpindev\app\public\wp-content\themes\wptheme-vice-unf\node_modules\webpack\lib\Compilation.js:5331:14
    at processQueue (C:\Users\UPIC\Local Sites\vpindev\app\public\wp-content\themes\wptheme-vice-unf\node_modules\webpack\lib\util\processAsyncTree.js:61:4)
    at process.processTicksAndRejections (node:internal/process/task_queues:85:11)
-- inner [1m[31merror[39m[22m[1m --
[1m[31mError[39m[22m[1m: Module build [1m[31mfailed[39m[22m[1m (from ./node_modules/sass-loader/dist/cjs.js):
Undefined mixin.
   ÔòÀ
17 Ôöé Ôöî         @include mq(md) {
18 Ôöé Ôöé             grid-template-columns: repeat(2, 1fr);
19 Ôöé Ôöö         }
   ÔòÁ
  src\blocks\program-modules\style.scss 17:3  root stylesheet
    at Object.<anonymous> (C:\Users\UPIC\Local Sites\vpindev\app\public\wp-content\themes\wptheme-vice-unf\node_modules\css-loader\dist\cjs.js??ruleSet[1].rules[3].use[1]!C:\Users\UPIC\Local Sites\vpindev\app\public\wp-content\themes\wptheme-vice-unf\node_modules\postcss-loader\dist\cjs.js??ruleSet[1].rules[3].use[2]!C:\Users\UPIC\Local Sites\vpindev\app\public\wp-content\themes\wptheme-vice-unf\node_modules\sass-loader\dist\cjs.js??ruleSet[1].rules[3].use[3]!C:\Users\UPIC\Local Sites\vpindev\app\public\wp-content\themes\wptheme-vice-unf\src\blocks\program-modules\style.scss:1:7)
    at C:\Users\UPIC\Local Sites\vpindev\app\public\wp-content\themes\wptheme-vice-unf\node_modules\webpack\lib\javascript\JavascriptModulesPlugin.js:544:10
    at Hook.eval [as call] (eval at create (C:\Users\UPIC\Local Sites\vpindev\app\public\wp-content\themes\wptheme-vice-unf\node_modules\tapable\lib\HookCodeFactory.js:19:10), <anonymous>:7:1)
    at C:\Users\UPIC\Local Sites\vpindev\app\public\wp-content\themes\wptheme-vice-unf\node_modules\webpack\lib\Compilation.js:5517:39
    at tryRunOrWebpackError (C:\Users\UPIC\Local Sites\vpindev\app\public\wp-content\themes\wptheme-vice-unf\node_modules\webpack\lib\HookWebpackError.js:82:7)
    at __webpack_require_module__ (C:\Users\UPIC\Local Sites\vpindev\app\public\wp-content\themes\wptheme-vice-unf\node_modules\webpack\lib\Compilation.js:5515:12)
    at __webpack_require__ (C:\Users\UPIC\Local Sites\vpindev\app\public\wp-content\themes\wptheme-vice-unf\node_modules\webpack\lib\Compilation.js:5462:18)
    at C:\Users\UPIC\Local Sites\vpindev\app\public\wp-content\themes\wptheme-vice-unf\node_modules\webpack\lib\Compilation.js:5550:20
    at symbolIterator (C:\Users\UPIC\Local Sites\vpindev\app\public\wp-content\themes\wptheme-vice-unf\node_modules\neo-async\async.js:3485:9)
    at done (C:\Users\UPIC\Local Sites\vpindev\app\public\wp-content\themes\wptheme-vice-unf\node_modules\neo-async\async.js:3527:9)
    at Hook.eval [as callAsync] (eval at create (C:\Users\UPIC\Local Sites\vpindev\app\public\wp-content\themes\wptheme-vice-unf\node_modules\tapable\lib\HookCodeFactory.js:31:10), <anonymous>:15:1)
    at C:\Users\UPIC\Local Sites\vpindev\app\public\wp-content\themes\wptheme-vice-unf\node_modules\webpack\lib\Compilation.js:5437:43
    at symbolIterator (C:\Users\UPIC\Local Sites\vpindev\app\public\wp-content\themes\wptheme-vice-unf\node_modules\neo-async\async.js:3482:9)
    at timesSync (C:\Users\UPIC\Local Sites\vpindev\app\public\wp-content\themes\wptheme-vice-unf\node_modules\neo-async\async.js:2297:7)
    at Object.eachLimit (C:\Users\UPIC\Local Sites\vpindev\app\public\wp-content\themes\wptheme-vice-unf\node_modules\neo-async\async.js:3463:5)
    at C:\Users\UPIC\Local Sites\vpindev\app\public\wp-content\themes\wptheme-vice-unf\node_modules\webpack\lib\Compilation.js:5399:16
    at symbolIterator (C:\Users\UPIC\Local Sites\vpindev\app\public\wp-content\themes\wptheme-vice-unf\node_modules\neo-async\async.js:3485:9)
    at timesSync (C:\Users\UPIC\Local Sites\vpindev\app\public\wp-content\themes\wptheme-vice-unf\node_modules\neo-async\async.js:2297:7)
    at Object.eachLimit (C:\Users\UPIC\Local Sites\vpindev\app\public\wp-content\themes\wptheme-vice-unf\node_modules\neo-async\async.js:3463:5)
    at C:\Users\UPIC\Local Sites\vpindev\app\public\wp-content\themes\wptheme-vice-unf\node_modules\webpack\lib\Compilation.js:5367:15
    at symbolIterator (C:\Users\UPIC\Local Sites\vpindev\app\public\wp-content\themes\wptheme-vice-unf\node_modules\neo-async\async.js:3485:9)
    at done (C:\Users\UPIC\Local Sites\vpindev\app\public\wp-content\themes\wptheme-vice-unf\node_modules\neo-async\async.js:3527:9)
    at C:\Users\UPIC\Local Sites\vpindev\app\public\wp-content\themes\wptheme-vice-unf\node_modules\webpack\lib\Compilation.js:5313:8
    at C:\Users\UPIC\Local Sites\vpindev\app\public\wp-content\themes\wptheme-vice-unf\node_modules\webpack\lib\Compilation.js:3713:6
    at C:\Users\UPIC\Local Sites\vpindev\app\public\wp-content\themes\wptheme-vice-unf\node_modules\webpack\lib\HookWebpackError.js:68:2
    at Hook.eval [as callAsync] (eval at create (C:\Users\UPIC\Local Sites\vpindev\app\public\wp-content\themes\wptheme-vice-unf\node_modules\tapable\lib\HookCodeFactory.js:31:10), <anonymous>:6:1)
    at Cache.store (C:\Users\UPIC\Local Sites\vpindev\app\public\wp-content\themes\wptheme-vice-unf\node_modules\webpack\lib\Cache.js:113:20)
    at ItemCacheFacade.store (C:\Users\UPIC\Local Sites\vpindev\app\public\wp-content\themes\wptheme-vice-unf\node_modules\webpack\lib\CacheFacade.js:142:15)
    at C:\Users\UPIC\Local Sites\vpindev\app\public\wp-content\themes\wptheme-vice-unf\node_modules\webpack\lib\Compilation.js:3712:11
    at C:\Users\UPIC\Local Sites\vpindev\app\public\wp-content\themes\wptheme-vice-unf\node_modules\webpack\lib\Cache.js:99:5
    at Hook.eval [as callAsync] (eval at create (C:\Users\UPIC\Local Sites\vpindev\app\public\wp-content\themes\wptheme-vice-unf\node_modules\tapable\lib\HookCodeFactory.js:31:10), <anonymous>:6:1)
    at Cache.get (C:\Users\UPIC\Local Sites\vpindev\app\public\wp-content\themes\wptheme-vice-unf\node_modules\webpack\lib\Cache.js:81:18)
    at ItemCacheFacade.get (C:\Users\UPIC\Local Sites\vpindev\app\public\wp-content\themes\wptheme-vice-unf\node_modules\webpack\lib\CacheFacade.js:116:15)
    at Compilation._codeGenerationModule (C:\Users\UPIC\Local Sites\vpindev\app\public\wp-content\themes\wptheme-vice-unf\node_modules\webpack\lib\Compilation.js:3680:9)
    at codeGen (C:\Users\UPIC\Local Sites\vpindev\app\public\wp-content\themes\wptheme-vice-unf\node_modules\webpack\lib\Compilation.js:5301:11)
    at symbolIterator (C:\Users\UPIC\Local Sites\vpindev\app\public\wp-content\themes\wptheme-vice-unf\node_modules\neo-async\async.js:3482:9)
    at timesSync (C:\Users\UPIC\Local Sites\vpindev\app\public\wp-content\themes\wptheme-vice-unf\node_modules\neo-async\async.js:2297:7)
    at Object.eachLimit (C:\Users\UPIC\Local Sites\vpindev\app\public\wp-content\themes\wptheme-vice-unf\node_modules\neo-async\async.js:3463:5)
    at C:\Users\UPIC\Local Sites\vpindev\app\public\wp-content\themes\wptheme-vice-unf\node_modules\webpack\lib\Compilation.js:5331:14
    at processQueue (C:\Users\UPIC\Local Sites\vpindev\app\public\wp-content\themes\wptheme-vice-unf\node_modules\webpack\lib\util\processAsyncTree.js:61:4)
    at process.processTicksAndRejections (node:internal/process/task_queues:85:11)

Generated code for C:\Users\UPIC\Local Sites\vpindev\app\public\wp-content\themes\wptheme-vice-unf\node_modules\css-loader\dist\cjs.js??ruleSet[1].rules[3].use[1]!C:\Users\UPIC\Local Sites\vpindev\app\public\wp-content\themes\wptheme-vice-unf\node_modules\postcss-loader\dist\cjs.js??ruleSet[1].rules[3].use[2]!C:\Users\UPIC\Local Sites\vpindev\app\public\wp-content\themes\wptheme-vice-unf\node_modules\sass-loader\dist\cjs.js??ruleSet[1].rules[3].use[3]!C:\Users\UPIC\Local Sites\vpindev\app\public\wp-content\themes\wptheme-vice-unf\src\blocks\program-modules\style.scss
1 | throw new [1m[31mError[39m[22m[1m("Module build [1m[31mfailed[39m[22m[1m (from ./node_modules/sass-loader/dist/cjs.js):\nUndefined mixin.\n   ÔòÀ\n17 Ôöé Ôöî         @include mq(md) {\n18 Ôöé Ôöé             grid-template-columns: repeat(2, 1fr);\n19 Ôöé Ôöö         }\n   ÔòÁ\n  src\\blocks\\program-modules\\style.scss 17:3  root stylesheet");[39m[22m
 @ ./src/blocks/program-modules/index.js 1:0-22

[1m[31mERROR[39m[22m in [1m./src/blocks/timeline-step/style.scss[39m[22m
[1mModule build [1m[31mfailed[39m[22m[1m (from ./node_modules/mini-css-extract-plugin/dist/loader.js):
HookWebpackError: Module build [1m[31mfailed[39m[22m[1m (from ./node_modules/sass-loader/dist/cjs.js):
Undefined mixin.
   ÔòÀ
42 Ôöé Ôöî     @include mq(md) {
43 Ôöé Ôöé         padding-left: 6rem;
44 Ôöé Ôöé         flex-direction: column;
45 Ôöé Ôöé 
46 Ôöé Ôöé         .viceunf-timeline-step__bubble {
47 Ôöé Ôöé             position: absolute;
48 Ôöé Ôöé             left: 0;
49 Ôöé Ôöé             top: 0;
50 Ôöé Ôöé         }
51 Ôöé Ôöö     }
   ÔòÁ
  src\blocks\timeline-step\style.scss 42:2  root stylesheet
    at tryRunOrWebpackError (C:\Users\UPIC\Local Sites\vpindev\app\public\wp-content\themes\wptheme-vice-unf\node_modules\webpack\lib\HookWebpackError.js:87:9)
    at __webpack_require_module__ (C:\Users\UPIC\Local Sites\vpindev\app\public\wp-content\themes\wptheme-vice-unf\node_modules\webpack\lib\Compilation.js:5515:12)
    at __webpack_require__ (C:\Users\UPIC\Local Sites\vpindev\app\public\wp-content\themes\wptheme-vice-unf\node_modules\webpack\lib\Compilation.js:5462:18)
    at C:\Users\UPIC\Local Sites\vpindev\app\public\wp-content\themes\wptheme-vice-unf\node_modules\webpack\lib\Compilation.js:5550:20
    at symbolIterator (C:\Users\UPIC\Local Sites\vpindev\app\public\wp-content\themes\wptheme-vice-unf\node_modules\neo-async\async.js:3485:9)
    at done (C:\Users\UPIC\Local Sites\vpindev\app\public\wp-content\themes\wptheme-vice-unf\node_modules\neo-async\async.js:3527:9)
    at Hook.eval [as callAsync] (eval at create (C:\Users\UPIC\Local Sites\vpindev\app\public\wp-content\themes\wptheme-vice-unf\node_modules\tapable\lib\HookCodeFactory.js:31:10), <anonymous>:15:1)
    at C:\Users\UPIC\Local Sites\vpindev\app\public\wp-content\themes\wptheme-vice-unf\node_modules\webpack\lib\Compilation.js:5437:43
    at symbolIterator (C:\Users\UPIC\Local Sites\vpindev\app\public\wp-content\themes\wptheme-vice-unf\node_modules\neo-async\async.js:3482:9)
    at timesSync (C:\Users\UPIC\Local Sites\vpindev\app\public\wp-content\themes\wptheme-vice-unf\node_modules\neo-async\async.js:2297:7)
    at Object.eachLimit (C:\Users\UPIC\Local Sites\vpindev\app\public\wp-content\themes\wptheme-vice-unf\node_modules\neo-async\async.js:3463:5)
    at C:\Users\UPIC\Local Sites\vpindev\app\public\wp-content\themes\wptheme-vice-unf\node_modules\webpack\lib\Compilation.js:5399:16
    at symbolIterator (C:\Users\UPIC\Local Sites\vpindev\app\public\wp-content\themes\wptheme-vice-unf\node_modules\neo-async\async.js:3485:9)
    at timesSync (C:\Users\UPIC\Local Sites\vpindev\app\public\wp-content\themes\wptheme-vice-unf\node_modules\neo-async\async.js:2297:7)
    at Object.eachLimit (C:\Users\UPIC\Local Sites\vpindev\app\public\wp-content\themes\wptheme-vice-unf\node_modules\neo-async\async.js:3463:5)
    at C:\Users\UPIC\Local Sites\vpindev\app\public\wp-content\themes\wptheme-vice-unf\node_modules\webpack\lib\Compilation.js:5367:15
    at symbolIterator (C:\Users\UPIC\Local Sites\vpindev\app\public\wp-content\themes\wptheme-vice-unf\node_modules\neo-async\async.js:3485:9)
    at done (C:\Users\UPIC\Local Sites\vpindev\app\public\wp-content\themes\wptheme-vice-unf\node_modules\neo-async\async.js:3527:9)
    at C:\Users\UPIC\Local Sites\vpindev\app\public\wp-content\themes\wptheme-vice-unf\node_modules\webpack\lib\Compilation.js:5313:8
    at C:\Users\UPIC\Local Sites\vpindev\app\public\wp-content\themes\wptheme-vice-unf\node_modules\webpack\lib\Compilation.js:3713:6
    at C:\Users\UPIC\Local Sites\vpindev\app\public\wp-content\themes\wptheme-vice-unf\node_modules\webpack\lib\HookWebpackError.js:68:2
    at Hook.eval [as callAsync] (eval at create (C:\Users\UPIC\Local Sites\vpindev\app\public\wp-content\themes\wptheme-vice-unf\node_modules\tapable\lib\HookCodeFactory.js:31:10), <anonymous>:6:1)
    at Cache.store (C:\Users\UPIC\Local Sites\vpindev\app\public\wp-content\themes\wptheme-vice-unf\node_modules\webpack\lib\Cache.js:113:20)
    at ItemCacheFacade.store (C:\Users\UPIC\Local Sites\vpindev\app\public\wp-content\themes\wptheme-vice-unf\node_modules\webpack\lib\CacheFacade.js:142:15)
    at C:\Users\UPIC\Local Sites\vpindev\app\public\wp-content\themes\wptheme-vice-unf\node_modules\webpack\lib\Compilation.js:3712:11
    at C:\Users\UPIC\Local Sites\vpindev\app\public\wp-content\themes\wptheme-vice-unf\node_modules\webpack\lib\Cache.js:99:5
    at Hook.eval [as callAsync] (eval at create (C:\Users\UPIC\Local Sites\vpindev\app\public\wp-content\themes\wptheme-vice-unf\node_modules\tapable\lib\HookCodeFactory.js:31:10), <anonymous>:6:1)
    at Cache.get (C:\Users\UPIC\Local Sites\vpindev\app\public\wp-content\themes\wptheme-vice-unf\node_modules\webpack\lib\Cache.js:81:18)
    at ItemCacheFacade.get (C:\Users\UPIC\Local Sites\vpindev\app\public\wp-content\themes\wptheme-vice-unf\node_modules\webpack\lib\CacheFacade.js:116:15)
    at Compilation._codeGenerationModule (C:\Users\UPIC\Local Sites\vpindev\app\public\wp-content\themes\wptheme-vice-unf\node_modules\webpack\lib\Compilation.js:3680:9)
    at codeGen (C:\Users\UPIC\Local Sites\vpindev\app\public\wp-content\themes\wptheme-vice-unf\node_modules\webpack\lib\Compilation.js:5301:11)
    at symbolIterator (C:\Users\UPIC\Local Sites\vpindev\app\public\wp-content\themes\wptheme-vice-unf\node_modules\neo-async\async.js:3482:9)
    at timesSync (C:\Users\UPIC\Local Sites\vpindev\app\public\wp-content\themes\wptheme-vice-unf\node_modules\neo-async\async.js:2297:7)
    at Object.eachLimit (C:\Users\UPIC\Local Sites\vpindev\app\public\wp-content\themes\wptheme-vice-unf\node_modules\neo-async\async.js:3463:5)
    at C:\Users\UPIC\Local Sites\vpindev\app\public\wp-content\themes\wptheme-vice-unf\node_modules\webpack\lib\Compilation.js:5331:14
    at processQueue (C:\Users\UPIC\Local Sites\vpindev\app\public\wp-content\themes\wptheme-vice-unf\node_modules\webpack\lib\util\processAsyncTree.js:61:4)
    at process.processTicksAndRejections (node:internal/process/task_queues:85:11)
-- inner [1m[31merror[39m[22m[1m --
[1m[31mError[39m[22m[1m: Module build [1m[31mfailed[39m[22m[1m (from ./node_modules/sass-loader/dist/cjs.js):
Undefined mixin.
   ÔòÀ
42 Ôöé Ôöî     @include mq(md) {
43 Ôöé Ôöé         padding-left: 6rem;
44 Ôöé Ôöé         flex-direction: column;
45 Ôöé Ôöé 
46 Ôöé Ôöé         .viceunf-timeline-step__bubble {
47 Ôöé Ôöé             position: absolute;
48 Ôöé Ôöé             left: 0;
49 Ôöé Ôöé             top: 0;
50 Ôöé Ôöé         }
51 Ôöé Ôöö     }
   ÔòÁ
  src\blocks\timeline-step\style.scss 42:2  root stylesheet
    at Object.<anonymous> (C:\Users\UPIC\Local Sites\vpindev\app\public\wp-content\themes\wptheme-vice-unf\node_modules\css-loader\dist\cjs.js??ruleSet[1].rules[3].use[1]!C:\Users\UPIC\Local Sites\vpindev\app\public\wp-content\themes\wptheme-vice-unf\node_modules\postcss-loader\dist\cjs.js??ruleSet[1].rules[3].use[2]!C:\Users\UPIC\Local Sites\vpindev\app\public\wp-content\themes\wptheme-vice-unf\node_modules\sass-loader\dist\cjs.js??ruleSet[1].rules[3].use[3]!C:\Users\UPIC\Local Sites\vpindev\app\public\wp-content\themes\wptheme-vice-unf\src\blocks\timeline-step\style.scss:1:7)
    at C:\Users\UPIC\Local Sites\vpindev\app\public\wp-content\themes\wptheme-vice-unf\node_modules\webpack\lib\javascript\JavascriptModulesPlugin.js:544:10
    at Hook.eval [as call] (eval at create (C:\Users\UPIC\Local Sites\vpindev\app\public\wp-content\themes\wptheme-vice-unf\node_modules\tapable\lib\HookCodeFactory.js:19:10), <anonymous>:7:1)
    at C:\Users\UPIC\Local Sites\vpindev\app\public\wp-content\themes\wptheme-vice-unf\node_modules\webpack\lib\Compilation.js:5517:39
    at tryRunOrWebpackError (C:\Users\UPIC\Local Sites\vpindev\app\public\wp-content\themes\wptheme-vice-unf\node_modules\webpack\lib\HookWebpackError.js:82:7)
    at __webpack_require_module__ (C:\Users\UPIC\Local Sites\vpindev\app\public\wp-content\themes\wptheme-vice-unf\node_modules\webpack\lib\Compilation.js:5515:12)
    at __webpack_require__ (C:\Users\UPIC\Local Sites\vpindev\app\public\wp-content\themes\wptheme-vice-unf\node_modules\webpack\lib\Compilation.js:5462:18)
    at C:\Users\UPIC\Local Sites\vpindev\app\public\wp-content\themes\wptheme-vice-unf\node_modules\webpack\lib\Compilation.js:5550:20
    at symbolIterator (C:\Users\UPIC\Local Sites\vpindev\app\public\wp-content\themes\wptheme-vice-unf\node_modules\neo-async\async.js:3485:9)
    at done (C:\Users\UPIC\Local Sites\vpindev\app\public\wp-content\themes\wptheme-vice-unf\node_modules\neo-async\async.js:3527:9)
    at Hook.eval [as callAsync] (eval at create (C:\Users\UPIC\Local Sites\vpindev\app\public\wp-content\themes\wptheme-vice-unf\node_modules\tapable\lib\HookCodeFactory.js:31:10), <anonymous>:15:1)
    at C:\Users\UPIC\Local Sites\vpindev\app\public\wp-content\themes\wptheme-vice-unf\node_modules\webpack\lib\Compilation.js:5437:43
    at symbolIterator (C:\Users\UPIC\Local Sites\vpindev\app\public\wp-content\themes\wptheme-vice-unf\node_modules\neo-async\async.js:3482:9)
    at timesSync (C:\Users\UPIC\Local Sites\vpindev\app\public\wp-content\themes\wptheme-vice-unf\node_modules\neo-async\async.js:2297:7)
    at Object.eachLimit (C:\Users\UPIC\Local Sites\vpindev\app\public\wp-content\themes\wptheme-vice-unf\node_modules\neo-async\async.js:3463:5)
    at C:\Users\UPIC\Local Sites\vpindev\app\public\wp-content\themes\wptheme-vice-unf\node_modules\webpack\lib\Compilation.js:5399:16
    at symbolIterator (C:\Users\UPIC\Local Sites\vpindev\app\public\wp-content\themes\wptheme-vice-unf\node_modules\neo-async\async.js:3485:9)
    at timesSync (C:\Users\UPIC\Local Sites\vpindev\app\public\wp-content\themes\wptheme-vice-unf\node_modules\neo-async\async.js:2297:7)
    at Object.eachLimit (C:\Users\UPIC\Local Sites\vpindev\app\public\wp-content\themes\wptheme-vice-unf\node_modules\neo-async\async.js:3463:5)
    at C:\Users\UPIC\Local Sites\vpindev\app\public\wp-content\themes\wptheme-vice-unf\node_modules\webpack\lib\Compilation.js:5367:15
    at symbolIterator (C:\Users\UPIC\Local Sites\vpindev\app\public\wp-content\themes\wptheme-vice-unf\node_modules\neo-async\async.js:3485:9)
    at done (C:\Users\UPIC\Local Sites\vpindev\app\public\wp-content\themes\wptheme-vice-unf\node_modules\neo-async\async.js:3527:9)
    at C:\Users\UPIC\Local Sites\vpindev\app\public\wp-content\themes\wptheme-vice-unf\node_modules\webpack\lib\Compilation.js:5313:8
    at C:\Users\UPIC\Local Sites\vpindev\app\public\wp-content\themes\wptheme-vice-unf\node_modules\webpack\lib\Compilation.js:3713:6
    at C:\Users\UPIC\Local Sites\vpindev\app\public\wp-content\themes\wptheme-vice-unf\node_modules\webpack\lib\HookWebpackError.js:68:2
    at Hook.eval [as callAsync] (eval at create (C:\Users\UPIC\Local Sites\vpindev\app\public\wp-content\themes\wptheme-vice-unf\node_modules\tapable\lib\HookCodeFactory.js:31:10), <anonymous>:6:1)
    at Cache.store (C:\Users\UPIC\Local Sites\vpindev\app\public\wp-content\themes\wptheme-vice-unf\node_modules\webpack\lib\Cache.js:113:20)
    at ItemCacheFacade.store (C:\Users\UPIC\Local Sites\vpindev\app\public\wp-content\themes\wptheme-vice-unf\node_modules\webpack\lib\CacheFacade.js:142:15)
    at C:\Users\UPIC\Local Sites\vpindev\app\public\wp-content\themes\wptheme-vice-unf\node_modules\webpack\lib\Compilation.js:3712:11
    at C:\Users\UPIC\Local Sites\vpindev\app\public\wp-content\themes\wptheme-vice-unf\node_modules\webpack\lib\Cache.js:99:5
    at Hook.eval [as callAsync] (eval at create (C:\Users\UPIC\Local Sites\vpindev\app\public\wp-content\themes\wptheme-vice-unf\node_modules\tapable\lib\HookCodeFactory.js:31:10), <anonymous>:6:1)
    at Cache.get (C:\Users\UPIC\Local Sites\vpindev\app\public\wp-content\themes\wptheme-vice-unf\node_modules\webpack\lib\Cache.js:81:18)
    at ItemCacheFacade.get (C:\Users\UPIC\Local Sites\vpindev\app\public\wp-content\themes\wptheme-vice-unf\node_modules\webpack\lib\CacheFacade.js:116:15)
    at Compilation._codeGenerationModule (C:\Users\UPIC\Local Sites\vpindev\app\public\wp-content\themes\wptheme-vice-unf\node_modules\webpack\lib\Compilation.js:3680:9)
    at codeGen (C:\Users\UPIC\Local Sites\vpindev\app\public\wp-content\themes\wptheme-vice-unf\node_modules\webpack\lib\Compilation.js:5301:11)
    at symbolIterator (C:\Users\UPIC\Local Sites\vpindev\app\public\wp-content\themes\wptheme-vice-unf\node_modules\neo-async\async.js:3482:9)
    at timesSync (C:\Users\UPIC\Local Sites\vpindev\app\public\wp-content\themes\wptheme-vice-unf\node_modules\neo-async\async.js:2297:7)
    at Object.eachLimit (C:\Users\UPIC\Local Sites\vpindev\app\public\wp-content\themes\wptheme-vice-unf\node_modules\neo-async\async.js:3463:5)
    at C:\Users\UPIC\Local Sites\vpindev\app\public\wp-content\themes\wptheme-vice-unf\node_modules\webpack\lib\Compilation.js:5331:14
    at processQueue (C:\Users\UPIC\Local Sites\vpindev\app\public\wp-content\themes\wptheme-vice-unf\node_modules\webpack\lib\util\processAsyncTree.js:61:4)
    at process.processTicksAndRejections (node:internal/process/task_queues:85:11)

Generated code for C:\Users\UPIC\Local Sites\vpindev\app\public\wp-content\themes\wptheme-vice-unf\node_modules\css-loader\dist\cjs.js??ruleSet[1].rules[3].use[1]!C:\Users\UPIC\Local Sites\vpindev\app\public\wp-content\themes\wptheme-vice-unf\node_modules\postcss-loader\dist\cjs.js??ruleSet[1].rules[3].use[2]!C:\Users\UPIC\Local Sites\vpindev\app\public\wp-content\themes\wptheme-vice-unf\node_modules\sass-loader\dist\cjs.js??ruleSet[1].rules[3].use[3]!C:\Users\UPIC\Local Sites\vpindev\app\public\wp-content\themes\wptheme-vice-unf\src\blocks\timeline-step\style.scss
1 | throw new [1m[31mError[39m[22m[1m("Module build [1m[31mfailed[39m[22m[1m (from ./node_modules/sass-loader/dist/cjs.js):\nUndefined mixin.\n   ÔòÀ\n42 Ôöé Ôöî     @include mq(md) {\n43 Ôöé Ôöé         padding-left: 6rem;\n44 Ôöé Ôöé         flex-direction: column;\n45 Ôöé Ôöé \n46 Ôöé Ôöé         .viceunf-timeline-step__bubble {\n47 Ôöé Ôöé             position: absolute;\n48 Ôöé Ôöé             left: 0;\n49 Ôöé Ôöé             top: 0;\n50 Ôöé Ôöé         }\n51 Ôöé Ôöö     }\n   ÔòÁ\n  src\\blocks\\timeline-step\\style.scss 42:2  root stylesheet");[39m[22m
 @ ./src/blocks/timeline-step/index.js 1:0-22

[1m[31mERROR[39m[22m in [1m./src/blocks/visual-timeline/style.scss[39m[22m
[1mModule build [1m[31mfailed[39m[22m[1m (from ./node_modules/mini-css-extract-plugin/dist/loader.js):
HookWebpackError: Module build [1m[31mfailed[39m[22m[1m (from ./node_modules/sass-loader/dist/cjs.js):
Undefined mixin.
   ÔòÀ
29 Ôöé Ôöî         @include mq(md) {
30 Ôöé Ôöé             left: 2.4rem;
31 Ôöé Ôöö         }
   ÔòÁ
  src\blocks\visual-timeline\style.scss 29:3  root stylesheet
    at tryRunOrWebpackError (C:\Users\UPIC\Local Sites\vpindev\app\public\wp-content\themes\wptheme-vice-unf\node_modules\webpack\lib\HookWebpackError.js:87:9)
    at __webpack_require_module__ (C:\Users\UPIC\Local Sites\vpindev\app\public\wp-content\themes\wptheme-vice-unf\node_modules\webpack\lib\Compilation.js:5515:12)
    at __webpack_require__ (C:\Users\UPIC\Local Sites\vpindev\app\public\wp-content\themes\wptheme-vice-unf\node_modules\webpack\lib\Compilation.js:5462:18)
    at C:\Users\UPIC\Local Sites\vpindev\app\public\wp-content\themes\wptheme-vice-unf\node_modules\webpack\lib\Compilation.js:5550:20
    at symbolIterator (C:\Users\UPIC\Local Sites\vpindev\app\public\wp-content\themes\wptheme-vice-unf\node_modules\neo-async\async.js:3485:9)
    at done (C:\Users\UPIC\Local Sites\vpindev\app\public\wp-content\themes\wptheme-vice-unf\node_modules\neo-async\async.js:3527:9)
    at Hook.eval [as callAsync] (eval at create (C:\Users\UPIC\Local Sites\vpindev\app\public\wp-content\themes\wptheme-vice-unf\node_modules\tapable\lib\HookCodeFactory.js:31:10), <anonymous>:15:1)
    at C:\Users\UPIC\Local Sites\vpindev\app\public\wp-content\themes\wptheme-vice-unf\node_modules\webpack\lib\Compilation.js:5437:43
    at symbolIterator (C:\Users\UPIC\Local Sites\vpindev\app\public\wp-content\themes\wptheme-vice-unf\node_modules\neo-async\async.js:3482:9)
    at timesSync (C:\Users\UPIC\Local Sites\vpindev\app\public\wp-content\themes\wptheme-vice-unf\node_modules\neo-async\async.js:2297:7)
    at Object.eachLimit (C:\Users\UPIC\Local Sites\vpindev\app\public\wp-content\themes\wptheme-vice-unf\node_modules\neo-async\async.js:3463:5)
    at C:\Users\UPIC\Local Sites\vpindev\app\public\wp-content\themes\wptheme-vice-unf\node_modules\webpack\lib\Compilation.js:5399:16
    at symbolIterator (C:\Users\UPIC\Local Sites\vpindev\app\public\wp-content\themes\wptheme-vice-unf\node_modules\neo-async\async.js:3485:9)
    at timesSync (C:\Users\UPIC\Local Sites\vpindev\app\public\wp-content\themes\wptheme-vice-unf\node_modules\neo-async\async.js:2297:7)
    at Object.eachLimit (C:\Users\UPIC\Local Sites\vpindev\app\public\wp-content\themes\wptheme-vice-unf\node_modules\neo-async\async.js:3463:5)
    at C:\Users\UPIC\Local Sites\vpindev\app\public\wp-content\themes\wptheme-vice-unf\node_modules\webpack\lib\Compilation.js:5367:15
    at symbolIterator (C:\Users\UPIC\Local Sites\vpindev\app\public\wp-content\themes\wptheme-vice-unf\node_modules\neo-async\async.js:3485:9)
    at done (C:\Users\UPIC\Local Sites\vpindev\app\public\wp-content\themes\wptheme-vice-unf\node_modules\neo-async\async.js:3527:9)
    at C:\Users\UPIC\Local Sites\vpindev\app\public\wp-content\themes\wptheme-vice-unf\node_modules\webpack\lib\Compilation.js:5313:8
    at C:\Users\UPIC\Local Sites\vpindev\app\public\wp-content\themes\wptheme-vice-unf\node_modules\webpack\lib\Compilation.js:3713:6
    at C:\Users\UPIC\Local Sites\vpindev\app\public\wp-content\themes\wptheme-vice-unf\node_modules\webpack\lib\HookWebpackError.js:68:2
    at Hook.eval [as callAsync] (eval at create (C:\Users\UPIC\Local Sites\vpindev\app\public\wp-content\themes\wptheme-vice-unf\node_modules\tapable\lib\HookCodeFactory.js:31:10), <anonymous>:6:1)
    at Cache.store (C:\Users\UPIC\Local Sites\vpindev\app\public\wp-content\themes\wptheme-vice-unf\node_modules\webpack\lib\Cache.js:113:20)
    at ItemCacheFacade.store (C:\Users\UPIC\Local Sites\vpindev\app\public\wp-content\themes\wptheme-vice-unf\node_modules\webpack\lib\CacheFacade.js:142:15)
    at C:\Users\UPIC\Local Sites\vpindev\app\public\wp-content\themes\wptheme-vice-unf\node_modules\webpack\lib\Compilation.js:3712:11
    at C:\Users\UPIC\Local Sites\vpindev\app\public\wp-content\themes\wptheme-vice-unf\node_modules\webpack\lib\Cache.js:99:5
    at Hook.eval [as callAsync] (eval at create (C:\Users\UPIC\Local Sites\vpindev\app\public\wp-content\themes\wptheme-vice-unf\node_modules\tapable\lib\HookCodeFactory.js:31:10), <anonymous>:6:1)
    at Cache.get (C:\Users\UPIC\Local Sites\vpindev\app\public\wp-content\themes\wptheme-vice-unf\node_modules\webpack\lib\Cache.js:81:18)
    at ItemCacheFacade.get (C:\Users\UPIC\Local Sites\vpindev\app\public\wp-content\themes\wptheme-vice-unf\node_modules\webpack\lib\CacheFacade.js:116:15)
    at Compilation._codeGenerationModule (C:\Users\UPIC\Local Sites\vpindev\app\public\wp-content\themes\wptheme-vice-unf\node_modules\webpack\lib\Compilation.js:3680:9)
    at codeGen (C:\Users\UPIC\Local Sites\vpindev\app\public\wp-content\themes\wptheme-vice-unf\node_modules\webpack\lib\Compilation.js:5301:11)
    at symbolIterator (C:\Users\UPIC\Local Sites\vpindev\app\public\wp-content\themes\wptheme-vice-unf\node_modules\neo-async\async.js:3482:9)
    at timesSync (C:\Users\UPIC\Local Sites\vpindev\app\public\wp-content\themes\wptheme-vice-unf\node_modules\neo-async\async.js:2297:7)
    at Object.eachLimit (C:\Users\UPIC\Local Sites\vpindev\app\public\wp-content\themes\wptheme-vice-unf\node_modules\neo-async\async.js:3463:5)
    at C:\Users\UPIC\Local Sites\vpindev\app\public\wp-content\themes\wptheme-vice-unf\node_modules\webpack\lib\Compilation.js:5331:14
    at processQueue (C:\Users\UPIC\Local Sites\vpindev\app\public\wp-content\themes\wptheme-vice-unf\node_modules\webpack\lib\util\processAsyncTree.js:61:4)
    at process.processTicksAndRejections (node:internal/process/task_queues:85:11)
-- inner [1m[31merror[39m[22m[1m --
[1m[31mError[39m[22m[1m: Module build [1m[31mfailed[39m[22m[1m (from ./node_modules/sass-loader/dist/cjs.js):
Undefined mixin.
   ÔòÀ
29 Ôöé Ôöî         @include mq(md) {
30 Ôöé Ôöé             left: 2.4rem;
31 Ôöé Ôöö         }
   ÔòÁ
  src\blocks\visual-timeline\style.scss 29:3  root stylesheet
    at Object.<anonymous> (C:\Users\UPIC\Local Sites\vpindev\app\public\wp-content\themes\wptheme-vice-unf\node_modules\css-loader\dist\cjs.js??ruleSet[1].rules[3].use[1]!C:\Users\UPIC\Local Sites\vpindev\app\public\wp-content\themes\wptheme-vice-unf\node_modules\postcss-loader\dist\cjs.js??ruleSet[1].rules[3].use[2]!C:\Users\UPIC\Local Sites\vpindev\app\public\wp-content\themes\wptheme-vice-unf\node_modules\sass-loader\dist\cjs.js??ruleSet[1].rules[3].use[3]!C:\Users\UPIC\Local Sites\vpindev\app\public\wp-content\themes\wptheme-vice-unf\src\blocks\visual-timeline\style.scss:1:7)
    at C:\Users\UPIC\Local Sites\vpindev\app\public\wp-content\themes\wptheme-vice-unf\node_modules\webpack\lib\javascript\JavascriptModulesPlugin.js:544:10
    at Hook.eval [as call] (eval at create (C:\Users\UPIC\Local Sites\vpindev\app\public\wp-content\themes\wptheme-vice-unf\node_modules\tapable\lib\HookCodeFactory.js:19:10), <anonymous>:7:1)
    at C:\Users\UPIC\Local Sites\vpindev\app\public\wp-content\themes\wptheme-vice-unf\node_modules\webpack\lib\Compilation.js:5517:39
    at tryRunOrWebpackError (C:\Users\UPIC\Local Sites\vpindev\app\public\wp-content\themes\wptheme-vice-unf\node_modules\webpack\lib\HookWebpackError.js:82:7)
    at __webpack_require_module__ (C:\Users\UPIC\Local Sites\vpindev\app\public\wp-content\themes\wptheme-vice-unf\node_modules\webpack\lib\Compilation.js:5515:12)
    at __webpack_require__ (C:\Users\UPIC\Local Sites\vpindev\app\public\wp-content\themes\wptheme-vice-unf\node_modules\webpack\lib\Compilation.js:5462:18)
    at C:\Users\UPIC\Local Sites\vpindev\app\public\wp-content\themes\wptheme-vice-unf\node_modules\webpack\lib\Compilation.js:5550:20
    at symbolIterator (C:\Users\UPIC\Local Sites\vpindev\app\public\wp-content\themes\wptheme-vice-unf\node_modules\neo-async\async.js:3485:9)
    at done (C:\Users\UPIC\Local Sites\vpindev\app\public\wp-content\themes\wptheme-vice-unf\node_modules\neo-async\async.js:3527:9)
    at Hook.eval [as callAsync] (eval at create (C:\Users\UPIC\Local Sites\vpindev\app\public\wp-content\themes\wptheme-vice-unf\node_modules\tapable\lib\HookCodeFactory.js:31:10), <anonymous>:15:1)
    at C:\Users\UPIC\Local Sites\vpindev\app\public\wp-content\themes\wptheme-vice-unf\node_modules\webpack\lib\Compilation.js:5437:43
    at symbolIterator (C:\Users\UPIC\Local Sites\vpindev\app\public\wp-content\themes\wptheme-vice-unf\node_modules\neo-async\async.js:3482:9)
    at timesSync (C:\Users\UPIC\Local Sites\vpindev\app\public\wp-content\themes\wptheme-vice-unf\node_modules\neo-async\async.js:2297:7)
    at Object.eachLimit (C:\Users\UPIC\Local Sites\vpindev\app\public\wp-content\themes\wptheme-vice-unf\node_modules\neo-async\async.js:3463:5)
    at C:\Users\UPIC\Local Sites\vpindev\app\public\wp-content\themes\wptheme-vice-unf\node_modules\webpack\lib\Compilation.js:5399:16
    at symbolIterator (C:\Users\UPIC\Local Sites\vpindev\app\public\wp-content\themes\wptheme-vice-unf\node_modules\neo-async\async.js:3485:9)
    at timesSync (C:\Users\UPIC\Local Sites\vpindev\app\public\wp-content\themes\wptheme-vice-unf\node_modules\neo-async\async.js:2297:7)
    at Object.eachLimit (C:\Users\UPIC\Local Sites\vpindev\app\public\wp-content\themes\wptheme-vice-unf\node_modules\neo-async\async.js:3463:5)
    at C:\Users\UPIC\Local Sites\vpindev\app\public\wp-content\themes\wptheme-vice-unf\node_modules\webpack\lib\Compilation.js:5367:15
    at symbolIterator (C:\Users\UPIC\Local Sites\vpindev\app\public\wp-content\themes\wptheme-vice-unf\node_modules\neo-async\async.js:3485:9)
    at done (C:\Users\UPIC\Local Sites\vpindev\app\public\wp-content\themes\wptheme-vice-unf\node_modules\neo-async\async.js:3527:9)
    at C:\Users\UPIC\Local Sites\vpindev\app\public\wp-content\themes\wptheme-vice-unf\node_modules\webpack\lib\Compilation.js:5313:8
    at C:\Users\UPIC\Local Sites\vpindev\app\public\wp-content\themes\wptheme-vice-unf\node_modules\webpack\lib\Compilation.js:3713:6
    at C:\Users\UPIC\Local Sites\vpindev\app\public\wp-content\themes\wptheme-vice-unf\node_modules\webpack\lib\HookWebpackError.js:68:2
    at Hook.eval [as callAsync] (eval at create (C:\Users\UPIC\Local Sites\vpindev\app\public\wp-content\themes\wptheme-vice-unf\node_modules\tapable\lib\HookCodeFactory.js:31:10), <anonymous>:6:1)
    at Cache.store (C:\Users\UPIC\Local Sites\vpindev\app\public\wp-content\themes\wptheme-vice-unf\node_modules\webpack\lib\Cache.js:113:20)
    at ItemCacheFacade.store (C:\Users\UPIC\Local Sites\vpindev\app\public\wp-content\themes\wptheme-vice-unf\node_modules\webpack\lib\CacheFacade.js:142:15)
    at C:\Users\UPIC\Local Sites\vpindev\app\public\wp-content\themes\wptheme-vice-unf\node_modules\webpack\lib\Compilation.js:3712:11
    at C:\Users\UPIC\Local Sites\vpindev\app\public\wp-content\themes\wptheme-vice-unf\node_modules\webpack\lib\Cache.js:99:5
    at Hook.eval [as callAsync] (eval at create (C:\Users\UPIC\Local Sites\vpindev\app\public\wp-content\themes\wptheme-vice-unf\node_modules\tapable\lib\HookCodeFactory.js:31:10), <anonymous>:6:1)
    at Cache.get (C:\Users\UPIC\Local Sites\vpindev\app\public\wp-content\themes\wptheme-vice-unf\node_modules\webpack\lib\Cache.js:81:18)
    at ItemCacheFacade.get (C:\Users\UPIC\Local Sites\vpindev\app\public\wp-content\themes\wptheme-vice-unf\node_modules\webpack\lib\CacheFacade.js:116:15)
    at Compilation._codeGenerationModule (C:\Users\UPIC\Local Sites\vpindev\app\public\wp-content\themes\wptheme-vice-unf\node_modules\webpack\lib\Compilation.js:3680:9)
    at codeGen (C:\Users\UPIC\Local Sites\vpindev\app\public\wp-content\themes\wptheme-vice-unf\node_modules\webpack\lib\Compilation.js:5301:11)
    at symbolIterator (C:\Users\UPIC\Local Sites\vpindev\app\public\wp-content\themes\wptheme-vice-unf\node_modules\neo-async\async.js:3482:9)
    at timesSync (C:\Users\UPIC\Local Sites\vpindev\app\public\wp-content\themes\wptheme-vice-unf\node_modules\neo-async\async.js:2297:7)
    at Object.eachLimit (C:\Users\UPIC\Local Sites\vpindev\app\public\wp-content\themes\wptheme-vice-unf\node_modules\neo-async\async.js:3463:5)
    at C:\Users\UPIC\Local Sites\vpindev\app\public\wp-content\themes\wptheme-vice-unf\node_modules\webpack\lib\Compilation.js:5331:14
    at processQueue (C:\Users\UPIC\Local Sites\vpindev\app\public\wp-content\themes\wptheme-vice-unf\node_modules\webpack\lib\util\processAsyncTree.js:61:4)
    at process.processTicksAndRejections (node:internal/process/task_queues:85:11)

Generated code for C:\Users\UPIC\Local Sites\vpindev\app\public\wp-content\themes\wptheme-vice-unf\node_modules\css-loader\dist\cjs.js??ruleSet[1].rules[3].use[1]!C:\Users\UPIC\Local Sites\vpindev\app\public\wp-content\themes\wptheme-vice-unf\node_modules\postcss-loader\dist\cjs.js??ruleSet[1].rules[3].use[2]!C:\Users\UPIC\Local Sites\vpindev\app\public\wp-content\themes\wptheme-vice-unf\node_modules\sass-loader\dist\cjs.js??ruleSet[1].rules[3].use[3]!C:\Users\UPIC\Local Sites\vpindev\app\public\wp-content\themes\wptheme-vice-unf\src\blocks\visual-timeline\style.scss
1 | throw new [1m[31mError[39m[22m[1m("Module build [1m[31mfailed[39m[22m[1m (from ./node_modules/sass-loader/dist/cjs.js):\nUndefined mixin.\n   ÔòÀ\n29 Ôöé Ôöî         @include mq(md) {\n30 Ôöé Ôöé             left: 2.4rem;\n31 Ôöé Ôöö         }\n   ÔòÁ\n  src\\blocks\\visual-timeline\\style.scss 29:3  root stylesheet");[39m[22m
 @ ./src/blocks/visual-timeline/index.js 1:0-22

[1m[31mERROR[39m[22m in [1m./src/blocks/event-gallery/index.js[39m[22m [1m[32m3:0-26[39m[22m
[1mModule [1m[31mnot found[39m[22m[1m: [1m[31mError[39m[22m[1m: Can't resolve './edit' in 'C:\Users\UPIC\Local Sites\vpindev\app\public\wp-content\themes\wptheme-vice-unf\src\blocks\event-gallery'
[1m[32mDid you mean 'edit.js'?[39m[22m[1m
[1m[31mBREAKING CHANGE[39m[22m[1m: The request './edit' [1m[31mfailed[39m[22m[1m to resolve only because it was resolved as fully specified
(probably because the origin is strict EcmaScript Module, e. g. a module with javascript mimetype, a '*.mjs' file, or a '*.js' file where the package.json contains '"type": "module"').
The extension in the request is mandatory for it to be fully specified.
Add the extension to the request.[39m[22m
resolve './edit' in 'C:\Users\UPIC\Local Sites\vpindev\app\public\wp-content\themes\wptheme-vice-unf\src\blocks\event-gallery'
  using description file: C:\Users\UPIC\Local Sites\vpindev\app\public\wp-content\themes\wptheme-vice-unf\package.json (relative path: ./src/blocks/event-gallery)
    Field 'browser' doesn't contain a valid alias configuration
    using description file: C:\Users\UPIC\Local Sites\vpindev\app\public\wp-content\themes\wptheme-vice-unf\package.json (relative path: ./src/blocks/event-gallery/edit)
      Field 'browser' doesn't contain a valid alias configuration
[1m[31m      C:\Users\UPIC\Local Sites\vpindev\app\public\wp-content\themes\wptheme-vice-unf\src\blocks\event-gallery\edit doesn't exist[39m[22m

[1m[31mERROR[39m[22m in [1m./src/blocks/event-gallery/index.js[39m[22m [1m[32m4:0-26[39m[22m
[1mModule [1m[31mnot found[39m[22m[1m: [1m[31mError[39m[22m[1m: Can't resolve './save' in 'C:\Users\UPIC\Local Sites\vpindev\app\public\wp-content\themes\wptheme-vice-unf\src\blocks\event-gallery'
[1m[32mDid you mean 'save.js'?[39m[22m[1m
[1m[31mBREAKING CHANGE[39m[22m[1m: The request './save' [1m[31mfailed[39m[22m[1m to resolve only because it was resolved as fully specified
(probably because the origin is strict EcmaScript Module, e. g. a module with javascript mimetype, a '*.mjs' file, or a '*.js' file where the package.json contains '"type": "module"').
The extension in the request is mandatory for it to be fully specified.
Add the extension to the request.[39m[22m
resolve './save' in 'C:\Users\UPIC\Local Sites\vpindev\app\public\wp-content\themes\wptheme-vice-unf\src\blocks\event-gallery'
  using description file: C:\Users\UPIC\Local Sites\vpindev\app\public\wp-content\themes\wptheme-vice-unf\package.json (relative path: ./src/blocks/event-gallery)
    Field 'browser' doesn't contain a valid alias configuration
    using description file: C:\Users\UPIC\Local Sites\vpindev\app\public\wp-content\themes\wptheme-vice-unf\package.json (relative path: ./src/blocks/event-gallery/save)
      Field 'browser' doesn't contain a valid alias configuration
[1m[31m      C:\Users\UPIC\Local Sites\vpindev\app\public\wp-content\themes\wptheme-vice-unf\src\blocks\event-gallery\save doesn't exist[39m[22m

webpack 5.101.3 compiled with [1m[31m24 errors[39m[22m and [1m[33m3 warnings[39m[22m in 1251 ms
